Archive member included to satisfy reference by file (symbol)

c:/progra~1/raspbe~1/picosd~1.1/gcc-ar~1/bin/../lib/gcc/arm-none-eabi/10.3.1/thumb/v6-m/nofp\libgcc.a(_dvmd_tls.o)
                              driver/irline/CMakeFiles/irline.dir/C_/Program_Files/Raspberry_Pi/Pico_SDK_v1.5.1/pico-sdk/src/rp2_common/pico_divider/divider.S.obj (__aeabi_idiv0)
c:/progra~1/raspbe~1/picosd~1.1/gcc-ar~1/bin/../lib/gcc/arm-none-eabi/10.3.1/../../../../arm-none-eabi/lib/thumb/v6-m/nofp\libg.a(lib_a-calloc.o)
                              driver/irline/CMakeFiles/irline.dir/C_/Program_Files/Raspberry_Pi/Pico_SDK_v1.5.1/pico-sdk/src/rp2_common/pico_malloc/pico_malloc.c.obj (calloc)
c:/progra~1/raspbe~1/picosd~1.1/gcc-ar~1/bin/../lib/gcc/arm-none-eabi/10.3.1/../../../../arm-none-eabi/lib/thumb/v6-m/nofp\libg.a(lib_a-callocr.o)
                              c:/progra~1/raspbe~1/picosd~1.1/gcc-ar~1/bin/../lib/gcc/arm-none-eabi/10.3.1/../../../../arm-none-eabi/lib/thumb/v6-m/nofp\libg.a(lib_a-calloc.o) (_calloc_r)
c:/progra~1/raspbe~1/picosd~1.1/gcc-ar~1/bin/../lib/gcc/arm-none-eabi/10.3.1/../../../../arm-none-eabi/lib/thumb/v6-m/nofp\libg.a(lib_a-errno.o)
                              c:/progra~1/raspbe~1/picosd~1.1/gcc-ar~1/bin/../lib/gcc/arm-none-eabi/10.3.1/../../../../arm-none-eabi/lib/thumb/v6-m/nofp\libg.a(lib_a-callocr.o) (__errno)
c:/progra~1/raspbe~1/picosd~1.1/gcc-ar~1/bin/../lib/gcc/arm-none-eabi/10.3.1/../../../../arm-none-eabi/lib/thumb/v6-m/nofp\libg.a(lib_a-impure.o)
                              c:/progra~1/raspbe~1/picosd~1.1/gcc-ar~1/bin/../lib/gcc/arm-none-eabi/10.3.1/../../../../arm-none-eabi/lib/thumb/v6-m/nofp\libg.a(lib_a-calloc.o) (_impure_ptr)
c:/progra~1/raspbe~1/picosd~1.1/gcc-ar~1/bin/../lib/gcc/arm-none-eabi/10.3.1/../../../../arm-none-eabi/lib/thumb/v6-m/nofp\libg.a(lib_a-init.o)
                              c:/progra~1/raspbe~1/picosd~1.1/gcc-ar~1/bin/../lib/gcc/arm-none-eabi/10.3.1/../../../../arm-none-eabi/lib/thumb/v6-m/nofp/crt0.o (__libc_init_array)
c:/progra~1/raspbe~1/picosd~1.1/gcc-ar~1/bin/../lib/gcc/arm-none-eabi/10.3.1/../../../../arm-none-eabi/lib/thumb/v6-m/nofp\libg.a(lib_a-malloc.o)
                              driver/irline/CMakeFiles/irline.dir/C_/Program_Files/Raspberry_Pi/Pico_SDK_v1.5.1/pico-sdk/src/rp2_common/pico_malloc/pico_malloc.c.obj (malloc)
c:/progra~1/raspbe~1/picosd~1.1/gcc-ar~1/bin/../lib/gcc/arm-none-eabi/10.3.1/../../../../arm-none-eabi/lib/thumb/v6-m/nofp\libg.a(lib_a-mallocr.o)
                              c:/progra~1/raspbe~1/picosd~1.1/gcc-ar~1/bin/../lib/gcc/arm-none-eabi/10.3.1/../../../../arm-none-eabi/lib/thumb/v6-m/nofp\libg.a(lib_a-callocr.o) (_malloc_r)
c:/progra~1/raspbe~1/picosd~1.1/gcc-ar~1/bin/../lib/gcc/arm-none-eabi/10.3.1/../../../../arm-none-eabi/lib/thumb/v6-m/nofp\libg.a(lib_a-mlock.o)
                              c:/progra~1/raspbe~1/picosd~1.1/gcc-ar~1/bin/../lib/gcc/arm-none-eabi/10.3.1/../../../../arm-none-eabi/lib/thumb/v6-m/nofp\libg.a(lib_a-mallocr.o) (__malloc_lock)
c:/progra~1/raspbe~1/picosd~1.1/gcc-ar~1/bin/../lib/gcc/arm-none-eabi/10.3.1/../../../../arm-none-eabi/lib/thumb/v6-m/nofp\libg.a(lib_a-realloc.o)
                              driver/irline/CMakeFiles/irline.dir/C_/Program_Files/Raspberry_Pi/Pico_SDK_v1.5.1/pico-sdk/src/rp2_common/pico_malloc/pico_malloc.c.obj (realloc)
c:/progra~1/raspbe~1/picosd~1.1/gcc-ar~1/bin/../lib/gcc/arm-none-eabi/10.3.1/../../../../arm-none-eabi/lib/thumb/v6-m/nofp\libg.a(lib_a-reallocr.o)
                              c:/progra~1/raspbe~1/picosd~1.1/gcc-ar~1/bin/../lib/gcc/arm-none-eabi/10.3.1/../../../../arm-none-eabi/lib/thumb/v6-m/nofp\libg.a(lib_a-realloc.o) (_realloc_r)
c:/progra~1/raspbe~1/picosd~1.1/gcc-ar~1/bin/../lib/gcc/arm-none-eabi/10.3.1/../../../../arm-none-eabi/lib/thumb/v6-m/nofp\libg.a(lib_a-sbrkr.o)
                              c:/progra~1/raspbe~1/picosd~1.1/gcc-ar~1/bin/../lib/gcc/arm-none-eabi/10.3.1/../../../../arm-none-eabi/lib/thumb/v6-m/nofp\libg.a(lib_a-mallocr.o) (_sbrk_r)
c:/progra~1/raspbe~1/picosd~1.1/gcc-ar~1/bin/../lib/gcc/arm-none-eabi/10.3.1/../../../../arm-none-eabi/lib/thumb/v6-m/nofp\libg.a(lib_a-strlen-stub.o)
                              driver/irline/CMakeFiles/irline.dir/C_/Program_Files/Raspberry_Pi/Pico_SDK_v1.5.1/pico-sdk/src/rp2_common/pico_stdio/stdio.c.obj (strlen)
c:/progra~1/raspbe~1/picosd~1.1/gcc-ar~1/bin/../lib/gcc/arm-none-eabi/10.3.1/../../../../arm-none-eabi/lib/thumb/v6-m/nofp\libg.a(lib_a-freer.o)
                              c:/progra~1/raspbe~1/picosd~1.1/gcc-ar~1/bin/../lib/gcc/arm-none-eabi/10.3.1/../../../../arm-none-eabi/lib/thumb/v6-m/nofp\libg.a(lib_a-malloc.o) (_free_r)
c:/progra~1/raspbe~1/picosd~1.1/gcc-ar~1/bin/../lib/gcc/arm-none-eabi/10.3.1/../../../../arm-none-eabi/lib/thumb/v6-m/nofp\libg.a(lib_a-lock.o)
                              c:/progra~1/raspbe~1/picosd~1.1/gcc-ar~1/bin/../lib/gcc/arm-none-eabi/10.3.1/../../../../arm-none-eabi/lib/thumb/v6-m/nofp\libg.a(lib_a-mlock.o) (__retarget_lock_acquire_recursive)
[...]
Memory Configuration

Name             Origin             Length             Attributes
FLASH            0x10000000         0x00200000         xr
RAM              0x20000000         0x00040000         xrw
SCRATCH_X        0x20040000         0x00001000         xrw
SCRATCH_Y        0x20041000         0x00001000         xrw
*default*        0x00000000         0xffffffff

Linker script and memory map

LOAD c:/progra~1/raspbe~1/picosd~1.1/gcc-ar~1/bin/../lib/gcc/arm-none-eabi/10.3.1/thumb/v6-m/nofp/crti.o
LOAD c:/progra~1/raspbe~1/picosd~1.1/gcc-ar~1/bin/../lib/gcc/arm-none-eabi/10.3.1/thumb/v6-m/nofp/crtbegin.o
LOAD c:/progra~1/raspbe~1/picosd~1.1/gcc-ar~1/bin/../lib/gcc/arm-none-eabi/10.3.1/../../../../arm-none-eabi/lib/thumb/v6-m/nofp/crt0.o

.flash_begin    0x10000000        0x0
                0x10000000                __flash_binary_start = .

.boot2          0x10000000      0x100
                0x10000000                __boot2_start__ = .
 *(.boot2)
 .boot2         0x10000000      0x100 C:\Users\JOSHUA~1\AppData\Local\Temp\ccGdpskh.o
                0x10000100                __boot2_end__ = .
                0x00000001                ASSERT (((__boot2_end__ - __boot2_start__) == 0x100), ERROR: Pico second stage bootloader must be 256 bytes in size)

.text           0x10000100     0x69f0
                0x10000100                __logical_binary_start = .
 *(.vectors)
 .vectors       0x10000100       0xd4 driver/irline/CMakeFiles/irline.dir/C_/Program_Files/Raspberry_Pi/Pico_SDK_v1.5.1/pico-sdk/src/rp2_common/pico_standard_link/crt0.S.obj
                0x10000100                __VECTOR_TABLE
                0x10000100                __vectors
                0x100001c0                isr_invalid
                0x100001c0                __default_isrs_start
                0x100001c2                isr_nmi
                0x100001c4                isr_hardfault
                0x100001c6                isr_svcall
                0x100001c8                isr_pendsv
                0x100001ca                isr_systick
                0x100001cc                isr_irq23
                0x100001cc                isr_irq18
                0x100001cc                isr_irq11
                0x100001cc                isr_irq28
                0x100001cc                isr_irq19
                0x100001cc                isr_irq0
                0x100001cc                isr_irq6
                0x100001cc                isr_irq5
                0x100001cc                isr_irq12
                0x100001cc                isr_irq22
                0x100001cc                isr_irq31
                0x100001cc                isr_irq17
                0x100001cc                isr_irq27
                0x100001cc                isr_irq30
                0x100001cc                isr_irq2
                0x100001cc                isr_irq10
                0x100001cc                isr_irq8
                0x100001cc                isr_irq24
                0x100001cc                isr_irq1
                0x100001cc                isr_irq7
                0x100001cc                isr_irq21
                0x100001cc                isr_irq20
                0x100001cc                isr_irq15
                0x100001cc                isr_irq25
                0x100001cc                isr_irq13
                0x100001cc                __unhandled_user_irq
                0x100001cc                isr_irq4
                0x100001cc                isr_irq16
                0x100001cc                isr_irq29
                0x100001cc                isr_irq26
                0x100001cc                __default_isrs_end
                0x100001cc                isr_irq3
                0x100001cc                isr_irq14
                0x100001cc                isr_irq9
                0x100001d2                unhandled_user_irq_num_in_r0
 *(.binary_info_header)
 .binary_info_header
                0x100001d4       0x14 driver/irline/CMakeFiles/irline.dir/C_/Program_Files/Raspberry_Pi/Pico_SDK_v1.5.1/pico-sdk/src/rp2_common/pico_standard_link/crt0.S.obj
                0x100001e8                __binary_info_header_end = .
 *(.reset)
 .reset         0x100001e8       0xa0 driver/irline/CMakeFiles/irline.dir/C_/Program_Files/Raspberry_Pi/Pico_SDK_v1.5.1/pico-sdk/src/rp2_common/pico_standard_link/crt0.S.obj
                0x100001e8                _entry_point
 .reset         0x10000288       0x30 driver/irline/CMakeFiles/irline.dir/C_/Program_Files/Raspberry_Pi/Pico_SDK_v1.5.1/pico-sdk/src/rp2_common/pico_standard_link/binary_info.c.obj
 *(.init)
 .init          0x100002b8        0x4 c:/progra~1/raspbe~1/picosd~1.1/gcc-ar~1/bin/../lib/gcc/arm-none-eabi/10.3.1/thumb/v6-m/nofp/crti.o
                0x100002b8                _init
 *(EXCLUDE_FILE(*libm.a: *libc.a:*lib_a-mem*.o *libgcc.a:) .text*)
 .text          0x100002bc       0x48 c:/progra~1/raspbe~1/picosd~1.1/gcc-ar~1/bin/../lib/gcc/arm-none-eabi/10.3.1/thumb/v6-m/nofp/crtbegin.o
 .text.main     0x10000304       0x50 driver/irline/CMakeFiles/irline.dir/irline.c.obj
                0x10000304                main
 .text.gpio_set_function
                0x10000354       0x30 driver/irline/CMakeFiles/irline.dir/C_/Program_Files/Raspberry_Pi/Pico_SDK_v1.5.1/pico-sdk/src/rp2_common/hardware_gpio/gpio.c.obj
                0x10000354                gpio_set_function
 .text.gpio_set_pulls
                0x10000384       0x34 driver/irline/CMakeFiles/irline.dir/C_/Program_Files/Raspberry_Pi/Pico_SDK_v1.5.1/pico-sdk/src/rp2_common/hardware_gpio/gpio.c.obj
                0x10000384                gpio_set_pulls
 .text.gpio_set_input_enabled
                0x100003b8       0x30 driver/irline/CMakeFiles/irline.dir/C_/Program_Files/Raspberry_Pi/Pico_SDK_v1.5.1/pico-sdk/src/rp2_common/hardware_gpio/gpio.c.obj
                0x100003b8                gpio_set_input_enabled
 .text.running_on_fpga
                0x100003e8       0x14 driver/irline/CMakeFiles/irline.dir/C_/Program_Files/Raspberry_Pi/Pico_SDK_v1.5.1/pico-sdk/src/rp2_common/pico_platform/platform.c.obj
                0x100003e8                running_on_fpga
 .text.hw_claim_lock
                0x100003fc       0x18 driver/irline/CMakeFiles/irline.dir/C_/Program_Files/Raspberry_Pi/Pico_SDK_v1.5.1/pico-sdk/src/rp2_common/hardware_claim/claim.c.obj
                0x100003fc                hw_claim_lock
 .text.hw_claim_unlock
                0x10000414       0x14 driver/irline/CMakeFiles/irline.dir/C_/Program_Files/Raspberry_Pi/Pico_SDK_v1.5.1/pico-sdk/src/rp2_common/hardware_claim/claim.c.obj
                0x10000414                hw_claim_unlock
 .text.hw_claim_or_assert
                0x10000428       0x32 driver/irline/CMakeFiles/irline.dir/C_/Program_Files/Raspberry_Pi/Pico_SDK_v1.5.1/pico-sdk/src/rp2_common/hardware_claim/claim.c.obj
                0x10000428                hw_claim_or_assert
 .text.hw_claim_unused_from_range
                0x1000045a       0x50 driver/irline/CMakeFiles/irline.dir/C_/Program_Files/Raspberry_Pi/Pico_SDK_v1.5.1/pico-sdk/src/rp2_common/hardware_claim/claim.c.obj
                0x1000045a                hw_claim_unused_from_range
 *fill*         0x100004aa        0x2 
 .text.spin_locks_reset
                0x100004ac       0x20 driver/irline/CMakeFiles/irline.dir/C_/Program_Files/Raspberry_Pi/Pico_SDK_v1.5.1/pico-sdk/src/rp2_common/hardware_sync/sync.c.obj
                0x100004ac                spin_locks_reset
 .text.next_striped_spin_lock_num
                0x100004cc       0x1c driver/irline/CMakeFiles/irline.dir/C_/Program_Files/Raspberry_Pi/Pico_SDK_v1.5.1/pico-sdk/src/rp2_common/hardware_sync/sync.c.obj
                0x100004cc                next_striped_spin_lock_num
 .text.spin_lock_claim_unused
                0x100004e8       0x20 driver/irline/CMakeFiles/irline.dir/C_/Program_Files/Raspberry_Pi/Pico_SDK_v1.5.1/pico-sdk/src/rp2_common/hardware_sync/sync.c.obj
                0x100004e8                spin_lock_claim_unused
 .text.set_raw_irq_handler_and_unlock
                0x10000508       0x28 driver/irline/CMakeFiles/irline.dir/C_/Program_Files/Raspberry_Pi/Pico_SDK_v1.5.1/pico-sdk/src/rp2_common/hardware_irq/irq.c.obj
 .text.make_branch
                0x10000530       0x48 driver/irline/CMakeFiles/irline.dir/C_/Program_Files/Raspberry_Pi/Pico_SDK_v1.5.1/pico-sdk/src/rp2_common/hardware_irq/irq.c.obj
 .text.insert_branch_and_link
                0x10000578       0x40 driver/irline/CMakeFiles/irline.dir/C_/Program_Files/Raspberry_Pi/Pico_SDK_v1.5.1/pico-sdk/src/rp2_common/hardware_irq/irq.c.obj
 .text.irq_is_enabled
                0x100005b8       0x18 driver/irline/CMakeFiles/irline.dir/C_/Program_Files/Raspberry_Pi/Pico_SDK_v1.5.1/pico-sdk/src/rp2_common/hardware_irq/irq.c.obj
                0x100005b8                irq_is_enabled
 .text.irq_set_mask_enabled
                0x100005d0       0x20 driver/irline/CMakeFiles/irline.dir/C_/Program_Files/Raspberry_Pi/Pico_SDK_v1.5.1/pico-sdk/src/rp2_common/hardware_irq/irq.c.obj
                0x100005d0                irq_set_mask_enabled
 .text.irq_set_enabled
                0x100005f0        0xe driver/irline/CMakeFiles/irline.dir/C_/Program_Files/Raspberry_Pi/Pico_SDK_v1.5.1/pico-sdk/src/rp2_common/hardware_irq/irq.c.obj
                0x100005f0                irq_set_enabled
 *fill*         0x100005fe        0x2 
 .text.irq_set_pending
                0x10000600       0x10 driver/irline/CMakeFiles/irline.dir/C_/Program_Files/Raspberry_Pi/Pico_SDK_v1.5.1/pico-sdk/src/rp2_common/hardware_irq/irq.c.obj
                0x10000600                irq_set_pending
 .text.irq_get_vtable_handler
                0x10000610       0x10 driver/irline/CMakeFiles/irline.dir/C_/Program_Files/Raspberry_Pi/Pico_SDK_v1.5.1/pico-sdk/src/rp2_common/hardware_irq/irq.c.obj
                0x10000610                irq_get_vtable_handler
 .text.irq_has_shared_handler
                0x10000620       0x24 driver/irline/CMakeFiles/irline.dir/C_/Program_Files/Raspberry_Pi/Pico_SDK_v1.5.1/pico-sdk/src/rp2_common/hardware_irq/irq.c.obj
                0x10000620                irq_has_shared_handler
 .text.irq_set_exclusive_handler
                0x10000644       0x54 driver/irline/CMakeFiles/irline.dir/C_/Program_Files/Raspberry_Pi/Pico_SDK_v1.5.1/pico-sdk/src/rp2_common/hardware_irq/irq.c.obj
                0x10000644                irq_set_exclusive_handler
 .text.irq_add_shared_handler
                0x10000698      0x234 driver/irline/CMakeFiles/irline.dir/C_/Program_Files/Raspberry_Pi/Pico_SDK_v1.5.1/pico-sdk/src/rp2_common/hardware_irq/irq.c.obj
                0x10000698                irq_add_shared_handler
 .text.irq_remove_handler
                0x100008cc      0x1ac driver/irline/CMakeFiles/irline.dir/C_/Program_Files/Raspberry_Pi/Pico_SDK_v1.5.1/pico-sdk/src/rp2_common/hardware_irq/irq.c.obj
                0x100008cc                irq_remove_handler
 .text.irq_add_tail_to_free_list
                0x10000a78       0xf0 driver/irline/CMakeFiles/irline.dir/C_/Program_Files/Raspberry_Pi/Pico_SDK_v1.5.1/pico-sdk/src/rp2_common/hardware_irq/irq.c.obj
                0x10000a78                irq_add_tail_to_free_list
 .text.irq_init_priorities
                0x10000b68       0x1c driver/irline/CMakeFiles/irline.dir/C_/Program_Files/Raspberry_Pi/Pico_SDK_v1.5.1/pico-sdk/src/rp2_common/hardware_irq/irq.c.obj
                0x10000b68                irq_init_priorities
 .text.user_irq_claim_unused
                0x10000b84       0x28 driver/irline/CMakeFiles/irline.dir/C_/Program_Files/Raspberry_Pi/Pico_SDK_v1.5.1/pico-sdk/src/rp2_common/hardware_irq/irq.c.obj
                0x10000b84                user_irq_claim_unused
 .text.lock_init
                0x10000bac       0x10 driver/irline/CMakeFiles/irline.dir/C_/Program_Files/Raspberry_Pi/Pico_SDK_v1.5.1/pico-sdk/src/common/pico_sync/lock_core.c.obj
                0x10000bac                lock_init
 .text.mutex_init
                0x10000bbc       0x1a driver/irline/CMakeFiles/irline.dir/C_/Program_Files/Raspberry_Pi/Pico_SDK_v1.5.1/pico-sdk/src/common/pico_sync/mutex.c.obj
                0x10000bbc                mutex_init
 .text.recursive_mutex_init
                0x10000bd6       0x1e driver/irline/CMakeFiles/irline.dir/C_/Program_Files/Raspberry_Pi/Pico_SDK_v1.5.1/pico-sdk/src/common/pico_sync/mutex.c.obj
                0x10000bd6                recursive_mutex_init
 .text.critical_section_init_with_lock_num
                0x10000bf4       0x14 driver/irline/CMakeFiles/irline.dir/C_/Program_Files/Raspberry_Pi/Pico_SDK_v1.5.1/pico-sdk/src/common/pico_sync/critical_section.c.obj
                0x10000bf4                critical_section_init_with_lock_num
 .text.critical_section_init
                0x10000c08       0x14 driver/irline/CMakeFiles/irline.dir/C_/Program_Files/Raspberry_Pi/Pico_SDK_v1.5.1/pico-sdk/src/common/pico_sync/critical_section.c.obj
                0x10000c08                critical_section_init
 .text.alarm_pool_post_alloc_init
                0x10000c1c       0x40 driver/irline/CMakeFiles/irline.dir/C_/Program_Files/Raspberry_Pi/Pico_SDK_v1.5.1/pico-sdk/src/common/pico_time/time.c.obj
 .text.sleep_until_callback
                0x10000c5c       0x30 driver/irline/CMakeFiles/irline.dir/C_/Program_Files/Raspberry_Pi/Pico_SDK_v1.5.1/pico-sdk/src/common/pico_time/time.c.obj
 .text.timer_pool_entry_comparator
                0x10000c8c       0x7c driver/irline/CMakeFiles/irline.dir/C_/Program_Files/Raspberry_Pi/Pico_SDK_v1.5.1/pico-sdk/src/common/pico_time/time.c.obj
                0x10000c8c                timer_pool_entry_comparator
 .text.ph_add_child_node
                0x10000d08       0xa4 driver/irline/CMakeFiles/irline.dir/C_/Program_Files/Raspberry_Pi/Pico_SDK_v1.5.1/pico-sdk/src/common/pico_time/time.c.obj
 .text.ph_merge_nodes
                0x10000dac       0x3e driver/irline/CMakeFiles/irline.dir/C_/Program_Files/Raspberry_Pi/Pico_SDK_v1.5.1/pico-sdk/src/common/pico_time/time.c.obj
 *fill*         0x10000dea        0x2 
 .text.add_alarm_under_lock
                0x10000dec      0x174 driver/irline/CMakeFiles/irline.dir/C_/Program_Files/Raspberry_Pi/Pico_SDK_v1.5.1/pico-sdk/src/common/pico_time/time.c.obj
 .text.alarm_pool_alarm_callback
                0x10000f60      0x33c driver/irline/CMakeFiles/irline.dir/C_/Program_Files/Raspberry_Pi/Pico_SDK_v1.5.1/pico-sdk/src/common/pico_time/time.c.obj
 .text.alarm_pool_init_default
                0x1000129c       0x40 driver/irline/CMakeFiles/irline.dir/C_/Program_Files/Raspberry_Pi/Pico_SDK_v1.5.1/pico-sdk/src/common/pico_time/time.c.obj
                0x1000129c                alarm_pool_init_default
 .text.alarm_pool_get_default
                0x100012dc       0x2c driver/irline/CMakeFiles/irline.dir/C_/Program_Files/Raspberry_Pi/Pico_SDK_v1.5.1/pico-sdk/src/common/pico_time/time.c.obj
                0x100012dc                alarm_pool_get_default
 .text.alarm_pool_add_alarm_at
                0x10001308      0x168 driver/irline/CMakeFiles/irline.dir/C_/Program_Files/Raspberry_Pi/Pico_SDK_v1.5.1/pico-sdk/src/common/pico_time/time.c.obj
                0x10001308                alarm_pool_add_alarm_at
 .text.alarm_pool_cancel_alarm
                0x10001470       0xf8 driver/irline/CMakeFiles/irline.dir/C_/Program_Files/Raspberry_Pi/Pico_SDK_v1.5.1/pico-sdk/src/common/pico_time/time.c.obj
                0x10001470                alarm_pool_cancel_alarm
 .text.alarm_pool_core_num
                0x10001568        0x4 driver/irline/CMakeFiles/irline.dir/C_/Program_Files/Raspberry_Pi/Pico_SDK_v1.5.1/pico-sdk/src/common/pico_time/time.c.obj
                0x10001568                alarm_pool_core_num
 .text.best_effort_wfe_or_timeout
                0x1000156c       0xac driver/irline/CMakeFiles/irline.dir/C_/Program_Files/Raspberry_Pi/Pico_SDK_v1.5.1/pico-sdk/src/common/pico_time/time.c.obj
                0x1000156c                best_effort_wfe_or_timeout
 .text.hardware_alarm_irq_handler
                0x10001618       0x90 driver/irline/CMakeFiles/irline.dir/C_/Program_Files/Raspberry_Pi/Pico_SDK_v1.5.1/pico-sdk/src/rp2_common/hardware_timer/timer.c.obj
 .text.hardware_alarm_claim
                0x100016a8       0x18 driver/irline/CMakeFiles/irline.dir/C_/Program_Files/Raspberry_Pi/Pico_SDK_v1.5.1/pico-sdk/src/rp2_common/hardware_timer/timer.c.obj
                0x100016a8                hardware_alarm_claim
 .text.time_us_64
                0x100016c0       0x18 driver/irline/CMakeFiles/irline.dir/C_/Program_Files/Raspberry_Pi/Pico_SDK_v1.5.1/pico-sdk/src/rp2_common/hardware_timer/timer.c.obj
                0x100016c0                time_us_64
 .text.busy_wait_until
                0x100016d8       0x28 driver/irline/CMakeFiles/irline.dir/C_/Program_Files/Raspberry_Pi/Pico_SDK_v1.5.1/pico-sdk/src/rp2_common/hardware_timer/timer.c.obj
                0x100016d8                busy_wait_until
 .text.busy_wait_us
                0x10001700       0x48 driver/irline/CMakeFiles/irline.dir/C_/Program_Files/Raspberry_Pi/Pico_SDK_v1.5.1/pico-sdk/src/rp2_common/hardware_timer/timer.c.obj
                0x10001700                busy_wait_us
 .text.hardware_alarm_set_callback
                0x10001748       0x90 driver/irline/CMakeFiles/irline.dir/C_/Program_Files/Raspberry_Pi/Pico_SDK_v1.5.1/pico-sdk/src/rp2_common/hardware_timer/timer.c.obj
                0x10001748                hardware_alarm_set_callback
 .text.hardware_alarm_set_target
                0x100017d8       0xe8 driver/irline/CMakeFiles/irline.dir/C_/Program_Files/Raspberry_Pi/Pico_SDK_v1.5.1/pico-sdk/src/rp2_common/hardware_timer/timer.c.obj
                0x100017d8                hardware_alarm_set_target
 .text.hardware_alarm_cancel
                0x100018c0       0x40 driver/irline/CMakeFiles/irline.dir/C_/Program_Files/Raspberry_Pi/Pico_SDK_v1.5.1/pico-sdk/src/rp2_common/hardware_timer/timer.c.obj
                0x100018c0                hardware_alarm_cancel
 .text.ph_add_child_node
                0x10001900       0xa4 driver/irline/CMakeFiles/irline.dir/C_/Program_Files/Raspberry_Pi/Pico_SDK_v1.5.1/pico-sdk/src/common/pico_util/pheap.c.obj
 .text.ph_merge_nodes
                0x100019a4       0x3e driver/irline/CMakeFiles/irline.dir/C_/Program_Files/Raspberry_Pi/Pico_SDK_v1.5.1/pico-sdk/src/common/pico_util/pheap.c.obj
 *fill*         0x100019e2        0x2 
 .text.ph_clear
                0x100019e4       0x70 driver/irline/CMakeFiles/irline.dir/C_/Program_Files/Raspberry_Pi/Pico_SDK_v1.5.1/pico-sdk/src/common/pico_util/pheap.c.obj
                0x100019e4                ph_clear
 .text.ph_post_alloc_init
                0x10001a54        0xe driver/irline/CMakeFiles/irline.dir/C_/Program_Files/Raspberry_Pi/Pico_SDK_v1.5.1/pico-sdk/src/common/pico_util/pheap.c.obj
                0x10001a54                ph_post_alloc_init
 *fill*         0x10001a62        0x2 
 .text.ph_merge_two_pass
                0x10001a64       0xa8 driver/irline/CMakeFiles/irline.dir/C_/Program_Files/Raspberry_Pi/Pico_SDK_v1.5.1/pico-sdk/src/common/pico_util/pheap.c.obj
                0x10001a64                ph_merge_two_pass
 .text.ph_remove_any_head
                0x10001b0c      0x128 driver/irline/CMakeFiles/irline.dir/C_/Program_Files/Raspberry_Pi/Pico_SDK_v1.5.1/pico-sdk/src/common/pico_util/pheap.c.obj
 .text.ph_remove_head
                0x10001c34       0x14 driver/irline/CMakeFiles/irline.dir/C_/Program_Files/Raspberry_Pi/Pico_SDK_v1.5.1/pico-sdk/src/common/pico_util/pheap.c.obj
                0x10001c34                ph_remove_head
 .text.ph_remove_and_free_node
                0x10001c48       0xf8 driver/irline/CMakeFiles/irline.dir/C_/Program_Files/Raspberry_Pi/Pico_SDK_v1.5.1/pico-sdk/src/common/pico_util/pheap.c.obj
                0x10001c48                ph_remove_and_free_node
 .text.uart_disable_before_lcr_write
                0x10001d40       0x48 driver/irline/CMakeFiles/irline.dir/C_/Program_Files/Raspberry_Pi/Pico_SDK_v1.5.1/pico-sdk/src/rp2_common/hardware_uart/uart.c.obj
 .text.uart_write_lcr_bits_masked
                0x10001d88       0x22 driver/irline/CMakeFiles/irline.dir/C_/Program_Files/Raspberry_Pi/Pico_SDK_v1.5.1/pico-sdk/src/rp2_common/hardware_uart/uart.c.obj
 *fill*         0x10001daa        0x2 
 .text.uart_set_baudrate
                0x10001dac       0x5c driver/irline/CMakeFiles/irline.dir/C_/Program_Files/Raspberry_Pi/Pico_SDK_v1.5.1/pico-sdk/src/rp2_common/hardware_uart/uart.c.obj
                0x10001dac                uart_set_baudrate
 .text.uart_set_format
                0x10001e08       0x2c driver/irline/CMakeFiles/irline.dir/C_/Program_Files/Raspberry_Pi/Pico_SDK_v1.5.1/pico-sdk/src/rp2_common/hardware_uart/uart.c.obj
                0x10001e08                uart_set_format
 .text.uart_set_translate_crlf
                0x10001e34       0x28 driver/irline/CMakeFiles/irline.dir/C_/Program_Files/Raspberry_Pi/Pico_SDK_v1.5.1/pico-sdk/src/rp2_common/hardware_uart/uart.c.obj
                0x10001e34                uart_set_translate_crlf
 .text.uart_init
                0x10001e5c       0x80 driver/irline/CMakeFiles/irline.dir/C_/Program_Files/Raspberry_Pi/Pico_SDK_v1.5.1/pico-sdk/src/rp2_common/hardware_uart/uart.c.obj
                0x10001e5c                uart_init
 .text.clock_configure
                0x10001edc      0x108 driver/irline/CMakeFiles/irline.dir/C_/Program_Files/Raspberry_Pi/Pico_SDK_v1.5.1/pico-sdk/src/rp2_common/hardware_clocks/clocks.c.obj
                0x10001edc                clock_configure
 .text.clocks_init
                0x10001fe4      0x100 driver/irline/CMakeFiles/irline.dir/C_/Program_Files/Raspberry_Pi/Pico_SDK_v1.5.1/pico-sdk/src/rp2_common/hardware_clocks/clocks.c.obj
                0x10001fe4                clocks_init
 .text.clock_get_hz
                0x100020e4        0xc driver/irline/CMakeFiles/irline.dir/C_/Program_Files/Raspberry_Pi/Pico_SDK_v1.5.1/pico-sdk/src/rp2_common/hardware_clocks/clocks.c.obj
                0x100020e4                clock_get_hz
 .text.pll_init
                0x100020f0      0x120 driver/irline/CMakeFiles/irline.dir/C_/Program_Files/Raspberry_Pi/Pico_SDK_v1.5.1/pico-sdk/src/rp2_common/hardware_pll/pll.c.obj
                0x100020f0                pll_init
 .text.watchdog_start_tick
                0x10002210       0x10 driver/irline/CMakeFiles/irline.dir/C_/Program_Files/Raspberry_Pi/Pico_SDK_v1.5.1/pico-sdk/src/rp2_common/hardware_watchdog/watchdog.c.obj
                0x10002210                watchdog_start_tick
 .text.watchdog_update
                0x10002220       0x14 driver/irline/CMakeFiles/irline.dir/C_/Program_Files/Raspberry_Pi/Pico_SDK_v1.5.1/pico-sdk/src/rp2_common/hardware_watchdog/watchdog.c.obj
                0x10002220                watchdog_update
 .text._watchdog_enable
                0x10002234       0x78 driver/irline/CMakeFiles/irline.dir/C_/Program_Files/Raspberry_Pi/Pico_SDK_v1.5.1/pico-sdk/src/rp2_common/hardware_watchdog/watchdog.c.obj
                0x10002234                _watchdog_enable
 .text.watchdog_reboot
                0x100022ac       0x48 driver/irline/CMakeFiles/irline.dir/C_/Program_Files/Raspberry_Pi/Pico_SDK_v1.5.1/pico-sdk/src/rp2_common/hardware_watchdog/watchdog.c.obj
                0x100022ac                watchdog_reboot
 .text.xosc_init
                0x100022f4       0x28 driver/irline/CMakeFiles/irline.dir/C_/Program_Files/Raspberry_Pi/Pico_SDK_v1.5.1/pico-sdk/src/rp2_common/hardware_xosc/xosc.c.obj
                0x100022f4                xosc_init
 .text._exit    0x1000231c        0x4 driver/irline/CMakeFiles/irline.dir/C_/Program_Files/Raspberry_Pi/Pico_SDK_v1.5.1/pico-sdk/src/rp2_common/pico_runtime/runtime.c.obj
                0x1000231c                _exit
 .text.exit     0x10002320        0x6 driver/irline/CMakeFiles/irline.dir/C_/Program_Files/Raspberry_Pi/Pico_SDK_v1.5.1/pico-sdk/src/rp2_common/pico_runtime/runtime.c.obj
                0x10002320                exit
 *fill*         0x10002326        0x2 
 .text.__assert_func
                0x10002328       0x3c driver/irline/CMakeFiles/irline.dir/C_/Program_Files/Raspberry_Pi/Pico_SDK_v1.5.1/pico-sdk/src/rp2_common/pico_runtime/runtime.c.obj
                0x10002328                __assert_func
 .text.runtime_init
                0x10002364       0xf8 driver/irline/CMakeFiles/irline.dir/C_/Program_Files/Raspberry_Pi/Pico_SDK_v1.5.1/pico-sdk/src/rp2_common/pico_runtime/runtime.c.obj
                0x10002364                runtime_init
 .text.panic    0x1000245c       0x30 driver/irline/CMakeFiles/irline.dir/C_/Program_Files/Raspberry_Pi/Pico_SDK_v1.5.1/pico-sdk/src/rp2_common/pico_runtime/runtime.c.obj
                0x1000245c                panic
 .text._out_null
                0x1000248c        0x2 driver/irline/CMakeFiles/irline.dir/C_/Program_Files/Raspberry_Pi/Pico_SDK_v1.5.1/pico-sdk/src/rp2_common/pico_printf/printf.c.obj
 .text._out_fct
                0x1000248e        0xe driver/irline/CMakeFiles/irline.dir/C_/Program_Files/Raspberry_Pi/Pico_SDK_v1.5.1/pico-sdk/src/rp2_common/pico_printf/printf.c.obj
 .text._atoi    0x1000249c       0x24 driver/irline/CMakeFiles/irline.dir/C_/Program_Files/Raspberry_Pi/Pico_SDK_v1.5.1/pico-sdk/src/rp2_common/pico_printf/printf.c.obj
 .text._out_rev
                0x100024c0       0xae driver/irline/CMakeFiles/irline.dir/C_/Program_Files/Raspberry_Pi/Pico_SDK_v1.5.1/pico-sdk/src/rp2_common/pico_printf/printf.c.obj
 .text._ntoa_format
                0x1000256e      0x112 driver/irline/CMakeFiles/irline.dir/C_/Program_Files/Raspberry_Pi/Pico_SDK_v1.5.1/pico-sdk/src/rp2_common/pico_printf/printf.c.obj
 .text._ntoa_long
                0x10002680       0xbc driver/irline/CMakeFiles/irline.dir/C_/Program_Files/Raspberry_Pi/Pico_SDK_v1.5.1/pico-sdk/src/rp2_common/pico_printf/printf.c.obj
 .text._ntoa_long_long
                0x1000273c       0xe2 driver/irline/CMakeFiles/irline.dir/C_/Program_Files/Raspberry_Pi/Pico_SDK_v1.5.1/pico-sdk/src/rp2_common/pico_printf/printf.c.obj
 *fill*         0x1000281e        0x2 
 .text._etoa    0x10002820      0x414 driver/irline/CMakeFiles/irline.dir/C_/Program_Files/Raspberry_Pi/Pico_SDK_v1.5.1/pico-sdk/src/rp2_common/pico_printf/printf.c.obj
 .text._ftoa    0x10002c34      0x354 driver/irline/CMakeFiles/irline.dir/C_/Program_Files/Raspberry_Pi/Pico_SDK_v1.5.1/pico-sdk/src/rp2_common/pico_printf/printf.c.obj
 .text._vsnprintf
                0x10002f88      0x624 driver/irline/CMakeFiles/irline.dir/C_/Program_Files/Raspberry_Pi/Pico_SDK_v1.5.1/pico-sdk/src/rp2_common/pico_printf/printf.c.obj
 .text.vfctprintf
                0x100035ac       0x20 driver/irline/CMakeFiles/irline.dir/C_/Program_Files/Raspberry_Pi/Pico_SDK_v1.5.1/pico-sdk/src/rp2_common/pico_printf/printf.c.obj
                0x100035ac                vfctprintf
 .text          0x100035cc       0x10 driver/irline/CMakeFiles/irline.dir/C_/Program_Files/Raspberry_Pi/Pico_SDK_v1.5.1/pico-sdk/src/rp2_common/pico_bit_ops/bit_ops_aeabi.S.obj
 .text.rom_func_lookup
                0x100035dc       0x10 driver/irline/CMakeFiles/irline.dir/C_/Program_Files/Raspberry_Pi/Pico_SDK_v1.5.1/pico-sdk/src/rp2_common/pico_bootrom/bootrom.c.obj
                0x100035dc                rom_func_lookup
 .text.rom_data_lookup
                0x100035ec       0x10 driver/irline/CMakeFiles/irline.dir/C_/Program_Files/Raspberry_Pi/Pico_SDK_v1.5.1/pico-sdk/src/rp2_common/pico_bootrom/bootrom.c.obj
                0x100035ec                rom_data_lookup
 .text.rom_funcs_lookup
                0x100035fc       0x36 driver/irline/CMakeFiles/irline.dir/C_/Program_Files/Raspberry_Pi/Pico_SDK_v1.5.1/pico-sdk/src/rp2_common/pico_bootrom/bootrom.c.obj
                0x100035fc                rom_funcs_lookup
 *fill*         0x10003632        0x2 
 .text.__wrap___aeabi_idiv
                0x10003634       0x50 driver/irline/CMakeFiles/irline.dir/C_/Program_Files/Raspberry_Pi/Pico_SDK_v1.5.1/pico-sdk/src/rp2_common/pico_divider/divider.S.obj
                0x10003634                __wrap___aeabi_idivmod
                0x10003634                divmod_s32s32
                0x10003634                div_s32s32
                0x10003634                __wrap___aeabi_idiv
                0x1000363c                divmod_s32s32_unsafe
                0x10003668                divmod_s32s32_savestate
 .text.__wrap___aeabi_uidiv
                0x10003684       0x4c driver/irline/CMakeFiles/irline.dir/C_/Program_Files/Raspberry_Pi/Pico_SDK_v1.5.1/pico-sdk/src/rp2_common/pico_divider/divider.S.obj
                0x10003684                __wrap___aeabi_uidiv
                0x10003684                __wrap___aeabi_uidivmod
                0x10003684                div_u32u32
                0x10003684                divmod_u32u32
                0x1000368c                divmod_u32u32_unsafe
                0x100036b4                divmod_u32u32_savestate
 .text.__wrap___aeabi_ldiv
                0x100036d0      0x424 driver/irline/CMakeFiles/irline.dir/C_/Program_Files/Raspberry_Pi/Pico_SDK_v1.5.1/pico-sdk/src/rp2_common/pico_divider/divider.S.obj
                0x100036d0                div_s64s64
                0x100036d0                divmod_s64s64
                0x100036d0                __wrap___aeabi_ldivmod
                0x10003700                divmod_u64u64
                0x10003700                div_u64u64
                0x10003700                __wrap___aeabi_uldivmod
                0x10003710                divmod_u64u64_savestate
                0x10003730                divmod_s64s64_unsafe
                0x100037b8                divmod_u64u64_unsafe
 .text.__wrap___aeabi_darithmetic
                0x10003af4       0x60 driver/irline/CMakeFiles/irline.dir/C_/Program_Files/Raspberry_Pi/Pico_SDK_v1.5.1/pico-sdk/src/rp2_common/pico_double/double_aeabi.S.obj
                0x10003af4                __wrap___aeabi_drsub
                0x10003afa                __wrap___aeabi_dsub
                0x10003b04                __wrap___aeabi_dadd
                0x10003b0e                __wrap___aeabi_ddiv
                0x10003b42                __wrap___aeabi_dmul
 .text.__wrap___aeabi_cdcmple
                0x10003b54       0x6c driver/irline/CMakeFiles/irline.dir/C_/Program_Files/Raspberry_Pi/Pico_SDK_v1.5.1/pico-sdk/src/rp2_common/pico_double/double_aeabi.S.obj
                0x10003b54                __wrap___aeabi_cdrcmple
                0x10003b64                __wrap___aeabi_cdcmpeq
                0x10003b64                __wrap___aeabi_cdcmple
 .text.__wrap___aeabi_dcmplt
                0x10003bc0        0xc driver/irline/CMakeFiles/irline.dir/C_/Program_Files/Raspberry_Pi/Pico_SDK_v1.5.1/pico-sdk/src/rp2_common/pico_double/double_aeabi.S.obj
                0x10003bc0                __wrap___aeabi_dcmplt
 .text.__wrap___aeabi_dcmple
                0x10003bcc       0x10 driver/irline/CMakeFiles/irline.dir/C_/Program_Files/Raspberry_Pi/Pico_SDK_v1.5.1/pico-sdk/src/rp2_common/pico_double/double_aeabi.S.obj
                0x10003bcc                __wrap___aeabi_dcmple
 .text.__wrap___aeabi_dcmpge
                0x10003bdc       0x10 driver/irline/CMakeFiles/irline.dir/C_/Program_Files/Raspberry_Pi/Pico_SDK_v1.5.1/pico-sdk/src/rp2_common/pico_double/double_aeabi.S.obj
                0x10003bdc                __wrap___aeabi_dcmpge
 .text.__wrap___aeabi_dcmpgt
                0x10003bec        0xa driver/irline/CMakeFiles/irline.dir/C_/Program_Files/Raspberry_Pi/Pico_SDK_v1.5.1/pico-sdk/src/rp2_common/pico_double/double_aeabi.S.obj
                0x10003bec                __wrap___aeabi_dcmpgt
 .text.__wrap___aeabi_dcmpun
                0x10003bf6       0x1c driver/irline/CMakeFiles/irline.dir/C_/Program_Files/Raspberry_Pi/Pico_SDK_v1.5.1/pico-sdk/src/rp2_common/pico_double/double_aeabi.S.obj
                0x10003bf6                __wrap___aeabi_dcmpun
 *fill*         0x10003c12        0x2 
 .text.__wrap___aeabi_i2d
                0x10003c14       0x38 driver/irline/CMakeFiles/irline.dir/C_/Program_Files/Raspberry_Pi/Pico_SDK_v1.5.1/pico-sdk/src/rp2_common/pico_double/double_aeabi.S.obj
                0x10003c14                __wrap___aeabi_ui2d
                0x10003c1c                __wrap___aeabi_i2d
 .text.__wrap___aeabi_d2iz
                0x10003c4c       0x48 driver/irline/CMakeFiles/irline.dir/C_/Program_Files/Raspberry_Pi/Pico_SDK_v1.5.1/pico-sdk/src/rp2_common/pico_double/double_aeabi.S.obj
                0x10003c4c                double2int_z
                0x10003c4c                __wrap___aeabi_d2iz
 .text.__wrap___aeabi_d2uiz
                0x10003c94       0x10 driver/irline/CMakeFiles/irline.dir/C_/Program_Files/Raspberry_Pi/Pico_SDK_v1.5.1/pico-sdk/src/rp2_common/pico_double/double_aeabi.S.obj
                0x10003c94                __wrap___aeabi_d2uiz
                0x10003c94                double2uint
 .text.missing_double_func_shim
                0x10003ca4        0xc driver/irline/CMakeFiles/irline.dir/C_/Program_Files/Raspberry_Pi/Pico_SDK_v1.5.1/pico-sdk/src/rp2_common/pico_double/double_init_rom.c.obj
 .text.__aeabi_double_init
                0x10003cb0       0xcc driver/irline/CMakeFiles/irline.dir/C_/Program_Files/Raspberry_Pi/Pico_SDK_v1.5.1/pico-sdk/src/rp2_common/pico_double/double_init_rom.c.obj
                0x10003cb0                __aeabi_double_init
 .text.double_table_shim_on_use_helper
                0x10003d7c       0x34 driver/irline/CMakeFiles/irline.dir/C_/Program_Files/Raspberry_Pi/Pico_SDK_v1.5.1/pico-sdk/src/rp2_common/pico_double/double_v1_rom_shim.S.obj
                0x10003d7c                double_table_shim_on_use_helper
 .text.__aeabi_lmul
                0x10003db0       0x32 driver/irline/CMakeFiles/irline.dir/C_/Program_Files/Raspberry_Pi/Pico_SDK_v1.5.1/pico-sdk/src/rp2_common/pico_int64_ops/pico_int64_ops_aeabi.S.obj
                0x10003db0                __wrap___aeabi_lmul
 *fill*         0x10003de2        0x2 
 .text.missing_float_func_shim
                0x10003de4        0xc driver/irline/CMakeFiles/irline.dir/C_/Program_Files/Raspberry_Pi/Pico_SDK_v1.5.1/pico-sdk/src/rp2_common/pico_float/float_init_rom.c.obj
 .text.__aeabi_float_init
                0x10003df0       0x88 driver/irline/CMakeFiles/irline.dir/C_/Program_Files/Raspberry_Pi/Pico_SDK_v1.5.1/pico-sdk/src/rp2_common/pico_float/float_init_rom.c.obj
                0x10003df0                __aeabi_float_init
 .text          0x10003e78       0x10 driver/irline/CMakeFiles/irline.dir/C_/Program_Files/Raspberry_Pi/Pico_SDK_v1.5.1/pico-sdk/src/rp2_common/pico_mem_ops/mem_ops_aeabi.S.obj
                0x10003e78                __aeabi_mem_init
 .text.memset   0x10003e88        0xc driver/irline/CMakeFiles/irline.dir/C_/Program_Files/Raspberry_Pi/Pico_SDK_v1.5.1/pico-sdk/src/rp2_common/pico_mem_ops/mem_ops_aeabi.S.obj
                0x10003e88                __wrap_memset
 .text.memcpy   0x10003e94        0xc driver/irline/CMakeFiles/irline.dir/C_/Program_Files/Raspberry_Pi/Pico_SDK_v1.5.1/pico-sdk/src/rp2_common/pico_mem_ops/mem_ops_aeabi.S.obj
                0x10003e94                __wrap_memcpy
                0x10003e94                __wrap___aeabi_memcpy
 .text.stdio_out_chars_no_crlf
                0x10003ea0        0xe driver/irline/CMakeFiles/irline.dir/C_/Program_Files/Raspberry_Pi/Pico_SDK_v1.5.1/pico-sdk/src/rp2_common/pico_stdio/stdio.c.obj
 *fill*         0x10003eae        0x2 
 .text.stdio_out_chars_crlf
                0x10003eb0       0x80 driver/irline/CMakeFiles/irline.dir/C_/Program_Files/Raspberry_Pi/Pico_SDK_v1.5.1/pico-sdk/src/rp2_common/pico_stdio/stdio.c.obj
 .text.stdio_stack_buffer_flush
                0x10003f30       0x44 driver/irline/CMakeFiles/irline.dir/C_/Program_Files/Raspberry_Pi/Pico_SDK_v1.5.1/pico-sdk/src/rp2_common/pico_stdio/stdio.c.obj
 .text.stdio_buffered_printer
                0x10003f74       0x20 driver/irline/CMakeFiles/irline.dir/C_/Program_Files/Raspberry_Pi/Pico_SDK_v1.5.1/pico-sdk/src/rp2_common/pico_stdio/stdio.c.obj
 .text.stdout_serialize_begin
                0x10003f94       0x5c driver/irline/CMakeFiles/irline.dir/C_/Program_Files/Raspberry_Pi/Pico_SDK_v1.5.1/pico-sdk/src/rp2_common/pico_stdio/stdio.c.obj
                0x10003f94                stdout_serialize_begin
 .text.stdout_serialize_end
                0x10003ff0       0x10 driver/irline/CMakeFiles/irline.dir/C_/Program_Files/Raspberry_Pi/Pico_SDK_v1.5.1/pico-sdk/src/rp2_common/pico_stdio/stdio.c.obj
                0x10003ff0                stdout_serialize_end
 .text.stdio_put_string
                0x10004000       0x98 driver/irline/CMakeFiles/irline.dir/C_/Program_Files/Raspberry_Pi/Pico_SDK_v1.5.1/pico-sdk/src/rp2_common/pico_stdio/stdio.c.obj
 .text.stdio_set_driver_enabled
                0x10004098       0x2c driver/irline/CMakeFiles/irline.dir/C_/Program_Files/Raspberry_Pi/Pico_SDK_v1.5.1/pico-sdk/src/rp2_common/pico_stdio/stdio.c.obj
                0x10004098                stdio_set_driver_enabled
 .text.stdio_flush
                0x100040c4       0x20 driver/irline/CMakeFiles/irline.dir/C_/Program_Files/Raspberry_Pi/Pico_SDK_v1.5.1/pico-sdk/src/rp2_common/pico_stdio/stdio.c.obj
                0x100040c4                stdio_flush
 .text.__wrap_puts
                0x100040e4       0x1e driver/irline/CMakeFiles/irline.dir/C_/Program_Files/Raspberry_Pi/Pico_SDK_v1.5.1/pico-sdk/src/rp2_common/pico_stdio/stdio.c.obj
                0x100040e4                __wrap_puts
 *fill*         0x10004102        0x2 
 .text.__wrap_vprintf
                0x10004104       0x40 driver/irline/CMakeFiles/irline.dir/C_/Program_Files/Raspberry_Pi/Pico_SDK_v1.5.1/pico-sdk/src/rp2_common/pico_stdio/stdio.c.obj
                0x10004104                __wrap_vprintf
 .text.__wrap_printf
                0x10004144       0x18 driver/irline/CMakeFiles/irline.dir/C_/Program_Files/Raspberry_Pi/Pico_SDK_v1.5.1/pico-sdk/src/rp2_common/pico_stdio/stdio.c.obj
                0x10004144                __wrap_printf
 .text.stdio_init_all
                0x1000415c        0xe driver/irline/CMakeFiles/irline.dir/C_/Program_Files/Raspberry_Pi/Pico_SDK_v1.5.1/pico-sdk/src/rp2_common/pico_stdio/stdio.c.obj
                0x1000415c                stdio_init_all
 *fill*         0x1000416a        0x2 
 .text.stdio_uart_out_chars
                0x1000416c       0x74 driver/irline/CMakeFiles/irline.dir/C_/Program_Files/Raspberry_Pi/Pico_SDK_v1.5.1/pico-sdk/src/rp2_common/pico_stdio_uart/stdio_uart.c.obj
 .text.stdio_uart_in_chars
                0x100041e0       0x80 driver/irline/CMakeFiles/irline.dir/C_/Program_Files/Raspberry_Pi/Pico_SDK_v1.5.1/pico-sdk/src/rp2_common/pico_stdio_uart/stdio_uart.c.obj
                0x100041e0                stdio_uart_in_chars
 .text.on_uart_rx
                0x10004260       0x28 driver/irline/CMakeFiles/irline.dir/C_/Program_Files/Raspberry_Pi/Pico_SDK_v1.5.1/pico-sdk/src/rp2_common/pico_stdio_uart/stdio_uart.c.obj
 .text.stdio_uart_set_chars_available_callback
                0x10004288       0x8c driver/irline/CMakeFiles/irline.dir/C_/Program_Files/Raspberry_Pi/Pico_SDK_v1.5.1/pico-sdk/src/rp2_common/pico_stdio_uart/stdio_uart.c.obj
 .text.stdio_uart_init_full
                0x10004314       0x44 driver/irline/CMakeFiles/irline.dir/C_/Program_Files/Raspberry_Pi/Pico_SDK_v1.5.1/pico-sdk/src/rp2_common/pico_stdio_uart/stdio_uart.c.obj
                0x10004314                stdio_uart_init_full
 .text.stdio_uart_init
                0x10004358       0x28 driver/irline/CMakeFiles/irline.dir/C_/Program_Files/Raspberry_Pi/Pico_SDK_v1.5.1/pico-sdk/src/rp2_common/pico_stdio_uart/stdio_uart.c.obj
                0x10004358                stdio_uart_init
 .text.resetd_init
                0x10004380        0x2 driver/irline/CMakeFiles/irline.dir/C_/Program_Files/Raspberry_Pi/Pico_SDK_v1.5.1/pico-sdk/src/rp2_common/pico_stdio_usb/reset_interface.c.obj
 *fill*         0x10004382        0x2 
 .text.resetd_reset
                0x10004384        0xc driver/irline/CMakeFiles/irline.dir/C_/Program_Files/Raspberry_Pi/Pico_SDK_v1.5.1/pico-sdk/src/rp2_common/pico_stdio_usb/reset_interface.c.obj
 .text.resetd_open
                0x10004390       0x34 driver/irline/CMakeFiles/irline.dir/C_/Program_Files/Raspberry_Pi/Pico_SDK_v1.5.1/pico-sdk/src/rp2_common/pico_stdio_usb/reset_interface.c.obj
 .text.resetd_xfer_cb
                0x100043c4        0x4 driver/irline/CMakeFiles/irline.dir/C_/Program_Files/Raspberry_Pi/Pico_SDK_v1.5.1/pico-sdk/src/rp2_common/pico_stdio_usb/reset_interface.c.obj
 .text.reset_usb_boot
                0x100043c8       0x18 driver/irline/CMakeFiles/irline.dir/C_/Program_Files/Raspberry_Pi/Pico_SDK_v1.5.1/pico-sdk/src/rp2_common/pico_stdio_usb/reset_interface.c.obj
 .text.resetd_control_xfer_cb
                0x100043e0       0x5c driver/irline/CMakeFiles/irline.dir/C_/Program_Files/Raspberry_Pi/Pico_SDK_v1.5.1/pico-sdk/src/rp2_common/pico_stdio_usb/reset_interface.c.obj
 .text.usbd_app_driver_get_cb
                0x1000443c        0xc driver/irline/CMakeFiles/irline.dir/C_/Program_Files/Raspberry_Pi/Pico_SDK_v1.5.1/pico-sdk/src/rp2_common/pico_stdio_usb/reset_interface.c.obj
                0x1000443c                usbd_app_driver_get_cb
 .text.tud_cdc_line_coding_cb
                0x10004448       0x28 driver/irline/CMakeFiles/irline.dir/C_/Program_Files/Raspberry_Pi/Pico_SDK_v1.5.1/pico-sdk/src/rp2_common/pico_stdio_usb/reset_interface.c.obj
                0x10004448                tud_cdc_line_coding_cb
 .text.stdio_usb_set_chars_available_callback
                0x10004470       0x14 driver/irline/CMakeFiles/irline.dir/C_/Program_Files/Raspberry_Pi/Pico_SDK_v1.5.1/pico-sdk/src/rp2_common/pico_stdio_usb/stdio_usb.c.obj
                0x10004470                stdio_usb_set_chars_available_callback
 .text.usb_irq  0x10004484       0x10 driver/irline/CMakeFiles/irline.dir/C_/Program_Files/Raspberry_Pi/Pico_SDK_v1.5.1/pico-sdk/src/rp2_common/pico_stdio_usb/stdio_usb.c.obj
 .text.timer_task
                0x10004494       0x5c driver/irline/CMakeFiles/irline.dir/C_/Program_Files/Raspberry_Pi/Pico_SDK_v1.5.1/pico-sdk/src/rp2_common/pico_stdio_usb/stdio_usb.c.obj
 .text.low_priority_worker_irq
                0x100044f0       0xdc driver/irline/CMakeFiles/irline.dir/C_/Program_Files/Raspberry_Pi/Pico_SDK_v1.5.1/pico-sdk/src/rp2_common/pico_stdio_usb/stdio_usb.c.obj
 .text.tud_cdc_rx_cb
                0x100045cc       0x20 driver/irline/CMakeFiles/irline.dir/C_/Program_Files/Raspberry_Pi/Pico_SDK_v1.5.1/pico-sdk/src/rp2_common/pico_stdio_usb/stdio_usb.c.obj
                0x100045cc                tud_cdc_rx_cb
 .text.stdio_usb_init
                0x100045ec      0x11c driver/irline/CMakeFiles/irline.dir/C_/Program_Files/Raspberry_Pi/Pico_SDK_v1.5.1/pico-sdk/src/rp2_common/pico_stdio_usb/stdio_usb.c.obj
                0x100045ec                stdio_usb_init
 .text.stdio_usb_connected
                0x10004708        0xa driver/irline/CMakeFiles/irline.dir/C_/Program_Files/Raspberry_Pi/Pico_SDK_v1.5.1/pico-sdk/src/rp2_common/pico_stdio_usb/stdio_usb.c.obj
                0x10004708                stdio_usb_connected
 *fill*         0x10004712        0x2 
 .text.stdio_usb_in_chars
                0x10004714       0xc4 driver/irline/CMakeFiles/irline.dir/C_/Program_Files/Raspberry_Pi/Pico_SDK_v1.5.1/pico-sdk/src/rp2_common/pico_stdio_usb/stdio_usb.c.obj
                0x10004714                stdio_usb_in_chars
 .text.stdio_usb_out_chars
                0x100047d8      0x114 driver/irline/CMakeFiles/irline.dir/C_/Program_Files/Raspberry_Pi/Pico_SDK_v1.5.1/pico-sdk/src/rp2_common/pico_stdio_usb/stdio_usb.c.obj
 .text.tud_descriptor_device_cb
                0x100048ec        0x8 driver/irline/CMakeFiles/irline.dir/C_/Program_Files/Raspberry_Pi/Pico_SDK_v1.5.1/pico-sdk/src/rp2_common/pico_stdio_usb/stdio_usb_descriptors.c.obj
                0x100048ec                tud_descriptor_device_cb
 .text.tud_descriptor_configuration_cb
                0x100048f4        0x8 driver/irline/CMakeFiles/irline.dir/C_/Program_Files/Raspberry_Pi/Pico_SDK_v1.5.1/pico-sdk/src/rp2_common/pico_stdio_usb/stdio_usb_descriptors.c.obj
                0x100048f4                tud_descriptor_configuration_cb
 .text.tud_descriptor_string_cb
                0x100048fc       0x6c driver/irline/CMakeFiles/irline.dir/C_/Program_Files/Raspberry_Pi/Pico_SDK_v1.5.1/pico-sdk/src/rp2_common/pico_stdio_usb/stdio_usb_descriptors.c.obj
                0x100048fc                tud_descriptor_string_cb
 .text._retrieve_unique_id_on_boot
                0x10004968       0x10 driver/irline/CMakeFiles/irline.dir/C_/Program_Files/Raspberry_Pi/Pico_SDK_v1.5.1/pico-sdk/src/rp2_common/pico_unique_id/unique_id.c.obj
 .text.pico_get_unique_board_id_string
                0x10004978       0x60 driver/irline/CMakeFiles/irline.dir/C_/Program_Files/Raspberry_Pi/Pico_SDK_v1.5.1/pico-sdk/src/rp2_common/pico_unique_id/unique_id.c.obj
                0x10004978                pico_get_unique_board_id_string
 .text.flash_get_unique_id
                0x100049d8       0x46 driver/irline/CMakeFiles/irline.dir/C_/Program_Files/Raspberry_Pi/Pico_SDK_v1.5.1/pico-sdk/src/rp2_common/hardware_flash/flash.c.obj
                0x100049d8                flash_get_unique_id
 *fill*         0x10004a1e        0x2 
 .text.hw_endpoint_get_by_addr
                0x10004a20       0x18 driver/irline/CMakeFiles/irline.dir/C_/Program_Files/Raspberry_Pi/Pico_SDK_v1.5.1/pico-sdk/lib/tinyusb/src/portable/raspberrypi/rp2040/dcd_rp2040.c.obj
 .text._hw_endpoint_alloc
                0x10004a38       0x70 driver/irline/CMakeFiles/irline.dir/C_/Program_Files/Raspberry_Pi/Pico_SDK_v1.5.1/pico-sdk/lib/tinyusb/src/portable/raspberrypi/rp2040/dcd_rp2040.c.obj
 .text.hw_endpoint_init
                0x10004aa8       0x88 driver/irline/CMakeFiles/irline.dir/C_/Program_Files/Raspberry_Pi/Pico_SDK_v1.5.1/pico-sdk/lib/tinyusb/src/portable/raspberrypi/rp2040/dcd_rp2040.c.obj
 .text.hw_endpoint_xfer
                0x10004b30       0x14 driver/irline/CMakeFiles/irline.dir/C_/Program_Files/Raspberry_Pi/Pico_SDK_v1.5.1/pico-sdk/lib/tinyusb/src/portable/raspberrypi/rp2040/dcd_rp2040.c.obj
 .text.dcd_int_enable
                0x10004b44       0x2c driver/irline/CMakeFiles/irline.dir/C_/Program_Files/Raspberry_Pi/Pico_SDK_v1.5.1/pico-sdk/lib/tinyusb/src/portable/raspberrypi/rp2040/dcd_rp2040.c.obj
                0x10004b44                dcd_int_enable
 .text.dcd_set_address
                0x10004b70       0x2c driver/irline/CMakeFiles/irline.dir/C_/Program_Files/Raspberry_Pi/Pico_SDK_v1.5.1/pico-sdk/lib/tinyusb/src/portable/raspberrypi/rp2040/dcd_rp2040.c.obj
                0x10004b70                dcd_set_address
 .text.dcd_connect
                0x10004b9c       0x10 driver/irline/CMakeFiles/irline.dir/C_/Program_Files/Raspberry_Pi/Pico_SDK_v1.5.1/pico-sdk/lib/tinyusb/src/portable/raspberrypi/rp2040/dcd_rp2040.c.obj
                0x10004b9c                dcd_connect
 .text.dcd_init
                0x10004bac       0x80 driver/irline/CMakeFiles/irline.dir/C_/Program_Files/Raspberry_Pi/Pico_SDK_v1.5.1/pico-sdk/lib/tinyusb/src/portable/raspberrypi/rp2040/dcd_rp2040.c.obj
                0x10004bac                dcd_init
 .text.dcd_edpt0_status_complete
                0x10004c2c       0x1c driver/irline/CMakeFiles/irline.dir/C_/Program_Files/Raspberry_Pi/Pico_SDK_v1.5.1/pico-sdk/lib/tinyusb/src/portable/raspberrypi/rp2040/dcd_rp2040.c.obj
                0x10004c2c                dcd_edpt0_status_complete
 .text.dcd_edpt_open
                0x10004c48       0x40 driver/irline/CMakeFiles/irline.dir/C_/Program_Files/Raspberry_Pi/Pico_SDK_v1.5.1/pico-sdk/lib/tinyusb/src/portable/raspberrypi/rp2040/dcd_rp2040.c.obj
                0x10004c48                dcd_edpt_open
 .text.dcd_edpt_close_all
                0x10004c88        0x8 driver/irline/CMakeFiles/irline.dir/C_/Program_Files/Raspberry_Pi/Pico_SDK_v1.5.1/pico-sdk/lib/tinyusb/src/portable/raspberrypi/rp2040/dcd_rp2040.c.obj
                0x10004c88                dcd_edpt_close_all
 .text.dcd_edpt_xfer
                0x10004c90       0x34 driver/irline/CMakeFiles/irline.dir/C_/Program_Files/Raspberry_Pi/Pico_SDK_v1.5.1/pico-sdk/lib/tinyusb/src/portable/raspberrypi/rp2040/dcd_rp2040.c.obj
                0x10004c90                dcd_edpt_xfer
 .text.dcd_edpt_stall
                0x10004cc4       0x2c driver/irline/CMakeFiles/irline.dir/C_/Program_Files/Raspberry_Pi/Pico_SDK_v1.5.1/pico-sdk/lib/tinyusb/src/portable/raspberrypi/rp2040/dcd_rp2040.c.obj
                0x10004cc4                dcd_edpt_stall
 .text.dcd_edpt_clear_stall
                0x10004cf0       0x20 driver/irline/CMakeFiles/irline.dir/C_/Program_Files/Raspberry_Pi/Pico_SDK_v1.5.1/pico-sdk/lib/tinyusb/src/portable/raspberrypi/rp2040/dcd_rp2040.c.obj
                0x10004cf0                dcd_edpt_clear_stall
 .text.rp2040_usb_init
                0x10004d10       0x4c driver/irline/CMakeFiles/irline.dir/C_/Program_Files/Raspberry_Pi/Pico_SDK_v1.5.1/pico-sdk/lib/tinyusb/src/portable/raspberrypi/rp2040/rp2040_usb.c.obj
                0x10004d10                rp2040_usb_init
 .text.hw_endpoint_xfer_start
                0x10004d5c       0x50 driver/irline/CMakeFiles/irline.dir/C_/Program_Files/Raspberry_Pi/Pico_SDK_v1.5.1/pico-sdk/lib/tinyusb/src/portable/raspberrypi/rp2040/rp2040_usb.c.obj
                0x10004d5c                hw_endpoint_xfer_start
 .text.configuration_reset
                0x10004dac       0x84 driver/irline/CMakeFiles/irline.dir/C_/Program_Files/Raspberry_Pi/Pico_SDK_v1.5.1/pico-sdk/lib/tinyusb/src/device/usbd.c.obj
 .text.usbd_reset
                0x10004e30        0xc driver/irline/CMakeFiles/irline.dir/C_/Program_Files/Raspberry_Pi/Pico_SDK_v1.5.1/pico-sdk/lib/tinyusb/src/device/usbd.c.obj
 .text.invoke_class_control
                0x10004e3c       0x1a driver/irline/CMakeFiles/irline.dir/C_/Program_Files/Raspberry_Pi/Pico_SDK_v1.5.1/pico-sdk/lib/tinyusb/src/device/usbd.c.obj
 *fill*         0x10004e56        0x2 
 .text.process_set_config
                0x10004e58      0x178 driver/irline/CMakeFiles/irline.dir/C_/Program_Files/Raspberry_Pi/Pico_SDK_v1.5.1/pico-sdk/lib/tinyusb/src/device/usbd.c.obj
 .text.process_get_descriptor
                0x10004fd0       0xdc driver/irline/CMakeFiles/irline.dir/C_/Program_Files/Raspberry_Pi/Pico_SDK_v1.5.1/pico-sdk/lib/tinyusb/src/device/usbd.c.obj
 .text.tud_mounted
                0x100050ac       0x10 driver/irline/CMakeFiles/irline.dir/C_/Program_Files/Raspberry_Pi/Pico_SDK_v1.5.1/pico-sdk/lib/tinyusb/src/device/usbd.c.obj
                0x100050ac                tud_mounted
 .text.tud_suspended
                0x100050bc       0x10 driver/irline/CMakeFiles/irline.dir/C_/Program_Files/Raspberry_Pi/Pico_SDK_v1.5.1/pico-sdk/lib/tinyusb/src/device/usbd.c.obj
                0x100050bc                tud_suspended
 .text.tud_inited
                0x100050cc       0x14 driver/irline/CMakeFiles/irline.dir/C_/Program_Files/Raspberry_Pi/Pico_SDK_v1.5.1/pico-sdk/lib/tinyusb/src/device/usbd.c.obj
                0x100050cc                tud_inited
 .text.tud_init
                0x100050e0       0xcc driver/irline/CMakeFiles/irline.dir/C_/Program_Files/Raspberry_Pi/Pico_SDK_v1.5.1/pico-sdk/lib/tinyusb/src/device/usbd.c.obj
                0x100050e0                tud_init
 .text.usbd_defer_func
                0x100051ac       0x2a driver/irline/CMakeFiles/irline.dir/C_/Program_Files/Raspberry_Pi/Pico_SDK_v1.5.1/pico-sdk/lib/tinyusb/src/device/usbd.c.obj
                0x100051ac                usbd_defer_func
 *fill*         0x100051d6        0x2 
 .text.usbd_edpt_open
                0x100051d8       0x34 driver/irline/CMakeFiles/irline.dir/C_/Program_Files/Raspberry_Pi/Pico_SDK_v1.5.1/pico-sdk/lib/tinyusb/src/device/usbd.c.obj
                0x100051d8                usbd_edpt_open
 .text.usbd_open_edpt_pair
                0x1000520c       0x62 driver/irline/CMakeFiles/irline.dir/C_/Program_Files/Raspberry_Pi/Pico_SDK_v1.5.1/pico-sdk/lib/tinyusb/src/device/usbd.c.obj
                0x1000520c                usbd_open_edpt_pair
 *fill*         0x1000526e        0x2 
 .text.usbd_edpt_claim
                0x10005270       0x28 driver/irline/CMakeFiles/irline.dir/C_/Program_Files/Raspberry_Pi/Pico_SDK_v1.5.1/pico-sdk/lib/tinyusb/src/device/usbd.c.obj
                0x10005270                usbd_edpt_claim
 .text.usbd_edpt_release
                0x10005298       0x28 driver/irline/CMakeFiles/irline.dir/C_/Program_Files/Raspberry_Pi/Pico_SDK_v1.5.1/pico-sdk/lib/tinyusb/src/device/usbd.c.obj
                0x10005298                usbd_edpt_release
 .text.usbd_edpt_xfer
                0x100052c0       0x78 driver/irline/CMakeFiles/irline.dir/C_/Program_Files/Raspberry_Pi/Pico_SDK_v1.5.1/pico-sdk/lib/tinyusb/src/device/usbd.c.obj
                0x100052c0                usbd_edpt_xfer
 .text.usbd_edpt_stall
                0x10005338       0x48 driver/irline/CMakeFiles/irline.dir/C_/Program_Files/Raspberry_Pi/Pico_SDK_v1.5.1/pico-sdk/lib/tinyusb/src/device/usbd.c.obj
                0x10005338                usbd_edpt_stall
 .text.usbd_edpt_clear_stall
                0x10005380       0x48 driver/irline/CMakeFiles/irline.dir/C_/Program_Files/Raspberry_Pi/Pico_SDK_v1.5.1/pico-sdk/lib/tinyusb/src/device/usbd.c.obj
                0x10005380                usbd_edpt_clear_stall
 .text.usbd_edpt_stalled
                0x100053c8       0x1c driver/irline/CMakeFiles/irline.dir/C_/Program_Files/Raspberry_Pi/Pico_SDK_v1.5.1/pico-sdk/lib/tinyusb/src/device/usbd.c.obj
                0x100053c8                usbd_edpt_stalled
 .text.process_control_request
                0x100053e4      0x37c driver/irline/CMakeFiles/irline.dir/C_/Program_Files/Raspberry_Pi/Pico_SDK_v1.5.1/pico-sdk/lib/tinyusb/src/device/usbd.c.obj
 .text.tud_task_ext
                0x10005760      0x1b8 driver/irline/CMakeFiles/irline.dir/C_/Program_Files/Raspberry_Pi/Pico_SDK_v1.5.1/pico-sdk/lib/tinyusb/src/device/usbd.c.obj
                0x10005760                tud_task_ext
 .text._data_stage_xact
                0x10005918       0x58 driver/irline/CMakeFiles/irline.dir/C_/Program_Files/Raspberry_Pi/Pico_SDK_v1.5.1/pico-sdk/lib/tinyusb/src/device/usbd_control.c.obj
 .text.tud_control_status
                0x10005970       0x38 driver/irline/CMakeFiles/irline.dir/C_/Program_Files/Raspberry_Pi/Pico_SDK_v1.5.1/pico-sdk/lib/tinyusb/src/device/usbd_control.c.obj
                0x10005970                tud_control_status
 .text.tud_control_xfer
                0x100059a8       0x74 driver/irline/CMakeFiles/irline.dir/C_/Program_Files/Raspberry_Pi/Pico_SDK_v1.5.1/pico-sdk/lib/tinyusb/src/device/usbd_control.c.obj
                0x100059a8                tud_control_xfer
 .text.usbd_control_reset
                0x10005a1c       0x14 driver/irline/CMakeFiles/irline.dir/C_/Program_Files/Raspberry_Pi/Pico_SDK_v1.5.1/pico-sdk/lib/tinyusb/src/device/usbd_control.c.obj
                0x10005a1c                usbd_control_reset
 .text.usbd_control_set_complete_callback
                0x10005a30        0xc driver/irline/CMakeFiles/irline.dir/C_/Program_Files/Raspberry_Pi/Pico_SDK_v1.5.1/pico-sdk/lib/tinyusb/src/device/usbd_control.c.obj
                0x10005a30                usbd_control_set_complete_callback
 .text.usbd_control_set_request
                0x10005a3c       0x1c driver/irline/CMakeFiles/irline.dir/C_/Program_Files/Raspberry_Pi/Pico_SDK_v1.5.1/pico-sdk/lib/tinyusb/src/device/usbd_control.c.obj
                0x10005a3c                usbd_control_set_request
 .text.usbd_control_xfer_cb
                0x10005a58       0xcc driver/irline/CMakeFiles/irline.dir/C_/Program_Files/Raspberry_Pi/Pico_SDK_v1.5.1/pico-sdk/lib/tinyusb/src/device/usbd_control.c.obj
                0x10005a58                usbd_control_xfer_cb
 .text._prep_out_transaction
                0x10005b24       0x4a driver/irline/CMakeFiles/irline.dir/C_/Program_Files/Raspberry_Pi/Pico_SDK_v1.5.1/pico-sdk/lib/tinyusb/src/class/cdc/cdc_device.c.obj
 *fill*         0x10005b6e        0x2 
 .text.tud_cdc_n_connected
                0x10005b70       0x44 driver/irline/CMakeFiles/irline.dir/C_/Program_Files/Raspberry_Pi/Pico_SDK_v1.5.1/pico-sdk/lib/tinyusb/src/class/cdc/cdc_device.c.obj
                0x10005b70                tud_cdc_n_connected
 .text.tud_cdc_n_available
                0x10005bb4       0x18 driver/irline/CMakeFiles/irline.dir/C_/Program_Files/Raspberry_Pi/Pico_SDK_v1.5.1/pico-sdk/lib/tinyusb/src/class/cdc/cdc_device.c.obj
                0x10005bb4                tud_cdc_n_available
 .text.tud_cdc_n_read
                0x10005bcc       0x28 driver/irline/CMakeFiles/irline.dir/C_/Program_Files/Raspberry_Pi/Pico_SDK_v1.5.1/pico-sdk/lib/tinyusb/src/class/cdc/cdc_device.c.obj
                0x10005bcc                tud_cdc_n_read
 .text.tud_cdc_n_write_flush
                0x10005bf4       0xb8 driver/irline/CMakeFiles/irline.dir/C_/Program_Files/Raspberry_Pi/Pico_SDK_v1.5.1/pico-sdk/lib/tinyusb/src/class/cdc/cdc_device.c.obj
                0x10005bf4                tud_cdc_n_write_flush
 .text.tud_cdc_n_write
                0x10005cac       0x38 driver/irline/CMakeFiles/irline.dir/C_/Program_Files/Raspberry_Pi/Pico_SDK_v1.5.1/pico-sdk/lib/tinyusb/src/class/cdc/cdc_device.c.obj
                0x10005cac                tud_cdc_n_write
 .text.tud_cdc_n_write_available
                0x10005ce4       0x1c driver/irline/CMakeFiles/irline.dir/C_/Program_Files/Raspberry_Pi/Pico_SDK_v1.5.1/pico-sdk/lib/tinyusb/src/class/cdc/cdc_device.c.obj
                0x10005ce4                tud_cdc_n_write_available
 .text.cdcd_init
                0x10005d00       0xbc driver/irline/CMakeFiles/irline.dir/C_/Program_Files/Raspberry_Pi/Pico_SDK_v1.5.1/pico-sdk/lib/tinyusb/src/class/cdc/cdc_device.c.obj
                0x10005d00                cdcd_init
 .text.cdcd_reset
                0x10005dbc       0x44 driver/irline/CMakeFiles/irline.dir/C_/Program_Files/Raspberry_Pi/Pico_SDK_v1.5.1/pico-sdk/lib/tinyusb/src/class/cdc/cdc_device.c.obj
                0x10005dbc                cdcd_reset
 .text.cdcd_open
                0x10005e00       0xcc driver/irline/CMakeFiles/irline.dir/C_/Program_Files/Raspberry_Pi/Pico_SDK_v1.5.1/pico-sdk/lib/tinyusb/src/class/cdc/cdc_device.c.obj
                0x10005e00                cdcd_open
 .text.cdcd_control_xfer_cb
                0x10005ecc      0x134 driver/irline/CMakeFiles/irline.dir/C_/Program_Files/Raspberry_Pi/Pico_SDK_v1.5.1/pico-sdk/lib/tinyusb/src/class/cdc/cdc_device.c.obj
                0x10005ecc                cdcd_control_xfer_cb
 .text.cdcd_xfer_cb
                0x10006000      0x130 driver/irline/CMakeFiles/irline.dir/C_/Program_Files/Raspberry_Pi/Pico_SDK_v1.5.1/pico-sdk/lib/tinyusb/src/class/cdc/cdc_device.c.obj
                0x10006000                cdcd_xfer_cb
 .text.tusb_init
                0x10006130        0xa driver/irline/CMakeFiles/irline.dir/C_/Program_Files/Raspberry_Pi/Pico_SDK_v1.5.1/pico-sdk/lib/tinyusb/src/tusb.c.obj
                0x10006130                tusb_init
 .text.tusb_inited
                0x1000613a        0xe driver/irline/CMakeFiles/irline.dir/C_/Program_Files/Raspberry_Pi/Pico_SDK_v1.5.1/pico-sdk/lib/tinyusb/src/tusb.c.obj
                0x1000613a                tusb_inited
 .text.tu_edpt_claim
                0x10006148       0x50 driver/irline/CMakeFiles/irline.dir/C_/Program_Files/Raspberry_Pi/Pico_SDK_v1.5.1/pico-sdk/lib/tinyusb/src/tusb.c.obj
                0x10006148                tu_edpt_claim
 .text.tu_edpt_release
                0x10006198       0x3c driver/irline/CMakeFiles/irline.dir/C_/Program_Files/Raspberry_Pi/Pico_SDK_v1.5.1/pico-sdk/lib/tinyusb/src/tusb.c.obj
                0x10006198                tu_edpt_release
 .text.tu_edpt_validate
                0x100061d4       0x78 driver/irline/CMakeFiles/irline.dir/C_/Program_Files/Raspberry_Pi/Pico_SDK_v1.5.1/pico-sdk/lib/tinyusb/src/tusb.c.obj
                0x100061d4                tu_edpt_validate
 .text.tu_edpt_bind_driver
                0x1000624c       0x26 driver/irline/CMakeFiles/irline.dir/C_/Program_Files/Raspberry_Pi/Pico_SDK_v1.5.1/pico-sdk/lib/tinyusb/src/tusb.c.obj
                0x1000624c                tu_edpt_bind_driver
 .text.advance_index
                0x10006272       0x1a driver/irline/CMakeFiles/irline.dir/C_/Program_Files/Raspberry_Pi/Pico_SDK_v1.5.1/pico-sdk/lib/tinyusb/src/common/tusb_fifo.c.obj
 .text._tu_fifo_peek
                0x1000628c       0x56 driver/irline/CMakeFiles/irline.dir/C_/Program_Files/Raspberry_Pi/Pico_SDK_v1.5.1/pico-sdk/lib/tinyusb/src/common/tusb_fifo.c.obj
 .text._ff_pull_const_addr
                0x100062e2       0x4c driver/irline/CMakeFiles/irline.dir/C_/Program_Files/Raspberry_Pi/Pico_SDK_v1.5.1/pico-sdk/lib/tinyusb/src/common/tusb_fifo.c.obj
 .text._ff_pull_n
                0x1000632e      0x110 driver/irline/CMakeFiles/irline.dir/C_/Program_Files/Raspberry_Pi/Pico_SDK_v1.5.1/pico-sdk/lib/tinyusb/src/common/tusb_fifo.c.obj
 .text._tu_fifo_peek_n
                0x1000643e       0x6a driver/irline/CMakeFiles/irline.dir/C_/Program_Files/Raspberry_Pi/Pico_SDK_v1.5.1/pico-sdk/lib/tinyusb/src/common/tusb_fifo.c.obj
 .text._tu_fifo_read_n
                0x100064a8       0x4e driver/irline/CMakeFiles/irline.dir/C_/Program_Files/Raspberry_Pi/Pico_SDK_v1.5.1/pico-sdk/lib/tinyusb/src/common/tusb_fifo.c.obj
 .text._ff_push_const_addr
                0x100064f6       0x40 driver/irline/CMakeFiles/irline.dir/C_/Program_Files/Raspberry_Pi/Pico_SDK_v1.5.1/pico-sdk/lib/tinyusb/src/common/tusb_fifo.c.obj
 .text._ff_push_n
                0x10006536      0x10c driver/irline/CMakeFiles/irline.dir/C_/Program_Files/Raspberry_Pi/Pico_SDK_v1.5.1/pico-sdk/lib/tinyusb/src/common/tusb_fifo.c.obj
 .text._tu_fifo_write_n
                0x10006642       0xf0 driver/irline/CMakeFiles/irline.dir/C_/Program_Files/Raspberry_Pi/Pico_SDK_v1.5.1/pico-sdk/lib/tinyusb/src/common/tusb_fifo.c.obj
 .text.tu_fifo_config
                0x10006732       0x7c driver/irline/CMakeFiles/irline.dir/C_/Program_Files/Raspberry_Pi/Pico_SDK_v1.5.1/pico-sdk/lib/tinyusb/src/common/tusb_fifo.c.obj
                0x10006732                tu_fifo_config
 .text.tu_fifo_count
                0x100067ae       0x2a driver/irline/CMakeFiles/irline.dir/C_/Program_Files/Raspberry_Pi/Pico_SDK_v1.5.1/pico-sdk/lib/tinyusb/src/common/tusb_fifo.c.obj
                0x100067ae                tu_fifo_count
 .text.tu_fifo_empty
                0x100067d8       0x10 driver/irline/CMakeFiles/irline.dir/C_/Program_Files/Raspberry_Pi/Pico_SDK_v1.5.1/pico-sdk/lib/tinyusb/src/common/tusb_fifo.c.obj
                0x100067d8                tu_fifo_empty
 .text.tu_fifo_full
                0x100067e8       0x28 driver/irline/CMakeFiles/irline.dir/C_/Program_Files/Raspberry_Pi/Pico_SDK_v1.5.1/pico-sdk/lib/tinyusb/src/common/tusb_fifo.c.obj
                0x100067e8                tu_fifo_full
 .text.tu_fifo_remaining
                0x10006810       0x2c driver/irline/CMakeFiles/irline.dir/C_/Program_Files/Raspberry_Pi/Pico_SDK_v1.5.1/pico-sdk/lib/tinyusb/src/common/tusb_fifo.c.obj
                0x10006810                tu_fifo_remaining
 .text.tu_fifo_read
                0x1000683c       0x42 driver/irline/CMakeFiles/irline.dir/C_/Program_Files/Raspberry_Pi/Pico_SDK_v1.5.1/pico-sdk/lib/tinyusb/src/common/tusb_fifo.c.obj
                0x1000683c                tu_fifo_read
 .text.tu_fifo_read_n
                0x1000687e        0xa driver/irline/CMakeFiles/irline.dir/C_/Program_Files/Raspberry_Pi/Pico_SDK_v1.5.1/pico-sdk/lib/tinyusb/src/common/tusb_fifo.c.obj
                0x1000687e                tu_fifo_read_n
 .text.tu_fifo_write
                0x10006888       0x64 driver/irline/CMakeFiles/irline.dir/C_/Program_Files/Raspberry_Pi/Pico_SDK_v1.5.1/pico-sdk/lib/tinyusb/src/common/tusb_fifo.c.obj
                0x10006888                tu_fifo_write
 .text.tu_fifo_write_n
                0x100068ec        0xa driver/irline/CMakeFiles/irline.dir/C_/Program_Files/Raspberry_Pi/Pico_SDK_v1.5.1/pico-sdk/lib/tinyusb/src/common/tusb_fifo.c.obj
                0x100068ec                tu_fifo_write_n
 .text.tu_fifo_clear
                0x100068f6       0x3e driver/irline/CMakeFiles/irline.dir/C_/Program_Files/Raspberry_Pi/Pico_SDK_v1.5.1/pico-sdk/lib/tinyusb/src/common/tusb_fifo.c.obj
                0x100068f6                tu_fifo_clear
 .text.tu_fifo_set_overwritable
                0x10006934       0x46 driver/irline/CMakeFiles/irline.dir/C_/Program_Files/Raspberry_Pi/Pico_SDK_v1.5.1/pico-sdk/lib/tinyusb/src/common/tusb_fifo.c.obj
                0x10006934                tu_fifo_set_overwritable
 *fill*         0x1000697a        0x2 
 .text.adc_init
                0x1000697c       0x34 driver/irline/CMakeFiles/irline.dir/C_/Program_Files/Raspberry_Pi/Pico_SDK_v1.5.1/pico-sdk/src/rp2_common/hardware_adc/adc.c.obj
                0x1000697c                adc_init
 .text.strlen   0x100069b0       0x5c c:/progra~1/raspbe~1/picosd~1.1/gcc-ar~1/bin/../lib/gcc/arm-none-eabi/10.3.1/../../../../arm-none-eabi/lib/thumb/v6-m/nofp\libg.a(lib_a-strlen-stub.o)
                0x100069b0                strlen
 *(.fini)
 .fini          0x10006a0c        0x4 c:/progra~1/raspbe~1/picosd~1.1/gcc-ar~1/bin/../lib/gcc/arm-none-eabi/10.3.1/thumb/v6-m/nofp/crti.o
                0x10006a0c                _fini
 .fini.__stub   0x10006a10       0xe0 linker stubs
 *crtbegin.o(.ctors)
 *crtbegin?.o(.ctors)
 *(EXCLUDE_FILE(*crtend.o *crtend?.o) .ctors)
 *(SORT_BY_NAME(.ctors.*))
 *(.ctors)
 *crtbegin.o(.dtors)
 *crtbegin?.o(.dtors)
 *(EXCLUDE_FILE(*crtend.o *crtend?.o) .dtors)
 *(SORT_BY_NAME(.dtors.*))
 *(.dtors)
 *(.eh_frame*)
 .eh_frame      0x10006af0        0x0 c:/progra~1/raspbe~1/picosd~1.1/gcc-ar~1/bin/../lib/gcc/arm-none-eabi/10.3.1/thumb/v6-m/nofp/crtbegin.o
                0x10006af0                . = ALIGN (0x4)

.glue_7         0x10006af0        0x0
 .glue_7        0x10006af0        0x0 linker stubs

.glue_7t        0x10006af0        0x0
 .glue_7t       0x10006af0        0x0 linker stubs

.vfp11_veneer   0x10006af0        0x0
 .vfp11_veneer  0x10006af0        0x0 linker stubs

.v4_bx          0x10006af0        0x0
 .v4_bx         0x10006af0        0x0 linker stubs

.iplt           0x10006af0        0x0
 .iplt          0x10006af0        0x0 c:/progra~1/raspbe~1/picosd~1.1/gcc-ar~1/bin/../lib/gcc/arm-none-eabi/10.3.1/thumb/v6-m/nofp/crtbegin.o

.rodata         0x10006af0     0x174c
 *(EXCLUDE_FILE(*libm.a: *libc.a:*lib_a-mem*.o *libgcc.a:) .rodata*)
 .rodata.main.str1.4
                0x10006af0        0x4 driver/irline/CMakeFiles/irline.dir/irline.c.obj
 .rodata.spin_lock_claim_unused.str1.4
                0x10006af4       0x1b driver/irline/CMakeFiles/irline.dir/C_/Program_Files/Raspberry_Pi/Pico_SDK_v1.5.1/pico-sdk/src/rp2_common/hardware_sync/sync.c.obj
 *fill*         0x10006b0f        0x1 
 .rodata.make_branch.str1.4
                0x10006b10       0x89 driver/irline/CMakeFiles/irline.dir/C_/Program_Files/Raspberry_Pi/Pico_SDK_v1.5.1/pico-sdk/src/rp2_common/hardware_irq/irq.c.obj
 *fill*         0x10006b99        0x3 
 .rodata.insert_branch_and_link.str1.4
                0x10006b9c       0x10 driver/irline/CMakeFiles/irline.dir/C_/Program_Files/Raspberry_Pi/Pico_SDK_v1.5.1/pico-sdk/src/rp2_common/hardware_irq/irq.c.obj
 .rodata.irq_set_exclusive_handler.str1.4
                0x10006bac       0x36 driver/irline/CMakeFiles/irline.dir/C_/Program_Files/Raspberry_Pi/Pico_SDK_v1.5.1/pico-sdk/src/rp2_common/hardware_irq/irq.c.obj
 *fill*         0x10006be2        0x2 
 .rodata.irq_add_shared_handler.str1.4
                0x10006be4       0xd9 driver/irline/CMakeFiles/irline.dir/C_/Program_Files/Raspberry_Pi/Pico_SDK_v1.5.1/pico-sdk/src/rp2_common/hardware_irq/irq.c.obj
 *fill*         0x10006cbd        0x3 
 .rodata.irq_remove_handler.str1.4
                0x10006cc0       0x3a driver/irline/CMakeFiles/irline.dir/C_/Program_Files/Raspberry_Pi/Pico_SDK_v1.5.1/pico-sdk/src/rp2_common/hardware_irq/irq.c.obj
 *fill*         0x10006cfa        0x2 
 .rodata.irq_add_tail_to_free_list.str1.4
                0x10006cfc       0x3a driver/irline/CMakeFiles/irline.dir/C_/Program_Files/Raspberry_Pi/Pico_SDK_v1.5.1/pico-sdk/src/rp2_common/hardware_irq/irq.c.obj
 *fill*         0x10006d36        0x2 
 .rodata.user_irq_claim_unused.str1.4
                0x10006d38       0x1b driver/irline/CMakeFiles/irline.dir/C_/Program_Files/Raspberry_Pi/Pico_SDK_v1.5.1/pico-sdk/src/rp2_common/hardware_irq/irq.c.obj
 *fill*         0x10006d53        0x1 
 .rodata.__func__.0
                0x10006d54       0x1a driver/irline/CMakeFiles/irline.dir/C_/Program_Files/Raspberry_Pi/Pico_SDK_v1.5.1/pico-sdk/src/rp2_common/hardware_irq/irq.c.obj
 *fill*         0x10006d6e        0x2 
 .rodata.__func__.1
                0x10006d70       0x17 driver/irline/CMakeFiles/irline.dir/C_/Program_Files/Raspberry_Pi/Pico_SDK_v1.5.1/pico-sdk/src/rp2_common/hardware_irq/irq.c.obj
 *fill*         0x10006d87        0x1 
 .rodata.__func__.2
                0x10006d88       0x13 driver/irline/CMakeFiles/irline.dir/C_/Program_Files/Raspberry_Pi/Pico_SDK_v1.5.1/pico-sdk/src/rp2_common/hardware_irq/irq.c.obj
 *fill*         0x10006d9b        0x1 
 .rodata.__func__.3
                0x10006d9c        0xc driver/irline/CMakeFiles/irline.dir/C_/Program_Files/Raspberry_Pi/Pico_SDK_v1.5.1/pico-sdk/src/rp2_common/hardware_irq/irq.c.obj
 .rodata.__func__.4
                0x10006da8        0xf driver/irline/CMakeFiles/irline.dir/C_/Program_Files/Raspberry_Pi/Pico_SDK_v1.5.1/pico-sdk/src/rp2_common/hardware_irq/irq.c.obj
 *fill*         0x10006db7        0x1 
 .rodata.__func__.5
                0x10006db8       0x17 driver/irline/CMakeFiles/irline.dir/C_/Program_Files/Raspberry_Pi/Pico_SDK_v1.5.1/pico-sdk/src/rp2_common/hardware_irq/irq.c.obj
 *fill*         0x10006dcf        0x1 
 .rodata.__func__.6
                0x10006dd0       0x1a driver/irline/CMakeFiles/irline.dir/C_/Program_Files/Raspberry_Pi/Pico_SDK_v1.5.1/pico-sdk/src/rp2_common/hardware_irq/irq.c.obj
 *fill*         0x10006dea        0x2 
 .rodata.str1.4
                0x10006dec      0x125 driver/irline/CMakeFiles/irline.dir/C_/Program_Files/Raspberry_Pi/Pico_SDK_v1.5.1/pico-sdk/src/common/pico_sync/mutex.c.obj
 *fill*         0x10006f11        0x3 
 .rodata.__func__.1
                0x10006f14        0xb driver/irline/CMakeFiles/irline.dir/C_/Program_Files/Raspberry_Pi/Pico_SDK_v1.5.1/pico-sdk/src/common/pico_sync/mutex.c.obj
 *fill*         0x10006f1f        0x1 
 .rodata.__func__.3
                0x10006f20       0x18 driver/irline/CMakeFiles/irline.dir/C_/Program_Files/Raspberry_Pi/Pico_SDK_v1.5.1/pico-sdk/src/common/pico_sync/mutex.c.obj
 .rodata.__func__.4
                0x10006f38       0x15 driver/irline/CMakeFiles/irline.dir/C_/Program_Files/Raspberry_Pi/Pico_SDK_v1.5.1/pico-sdk/src/common/pico_sync/mutex.c.obj
 *fill*         0x10006f4d        0x3 
 .rodata.repeating_timer_callback.str1.4
                0x10006f50       0x67 driver/irline/CMakeFiles/irline.dir/C_/Program_Files/Raspberry_Pi/Pico_SDK_v1.5.1/pico-sdk/src/common/pico_time/time.c.obj
 *fill*         0x10006fb7        0x1 
 .rodata.timer_pool_entry_comparator.str1.4
                0x10006fb8       0x22 driver/irline/CMakeFiles/irline.dir/C_/Program_Files/Raspberry_Pi/Pico_SDK_v1.5.1/pico-sdk/src/common/pico_time/time.c.obj
 *fill*         0x10006fda        0x2 
 .rodata.ph_add_child_node.str1.4
                0x10006fdc       0xb2 driver/irline/CMakeFiles/irline.dir/C_/Program_Files/Raspberry_Pi/Pico_SDK_v1.5.1/pico-sdk/src/common/pico_time/time.c.obj
 *fill*         0x1000708e        0x2 
 .rodata.add_alarm_under_lock.str1.4
                0x10007090       0x28 driver/irline/CMakeFiles/irline.dir/C_/Program_Files/Raspberry_Pi/Pico_SDK_v1.5.1/pico-sdk/src/common/pico_time/time.c.obj
                                 0x2b (size before relaxing)
 .rodata.alarm_pool_alarm_callback.str1.4
                0x100070b8       0x98 driver/irline/CMakeFiles/irline.dir/C_/Program_Files/Raspberry_Pi/Pico_SDK_v1.5.1/pico-sdk/src/common/pico_time/time.c.obj
                                0x118 (size before relaxing)
 .rodata.alarm_pool_get_default.str1.4
                0x10007150       0x21 driver/irline/CMakeFiles/irline.dir/C_/Program_Files/Raspberry_Pi/Pico_SDK_v1.5.1/pico-sdk/src/common/pico_time/time.c.obj
 *fill*         0x10007171        0x3 
 .rodata.alarm_pool_cancel_alarm.str1.4
                0x10007174       0x27 driver/irline/CMakeFiles/irline.dir/C_/Program_Files/Raspberry_Pi/Pico_SDK_v1.5.1/pico-sdk/src/common/pico_time/time.c.obj
 *fill*         0x1000719b        0x1 
 .rodata.__func__.1
                0x1000719c       0x18 driver/irline/CMakeFiles/irline.dir/C_/Program_Files/Raspberry_Pi/Pico_SDK_v1.5.1/pico-sdk/src/common/pico_time/time.c.obj
 .rodata.__func__.10
                0x100071b4       0x15 driver/irline/CMakeFiles/irline.dir/C_/Program_Files/Raspberry_Pi/Pico_SDK_v1.5.1/pico-sdk/src/common/pico_time/time.c.obj
 *fill*         0x100071c9        0x3 
 .rodata.__func__.11
                0x100071cc       0x1a driver/irline/CMakeFiles/irline.dir/C_/Program_Files/Raspberry_Pi/Pico_SDK_v1.5.1/pico-sdk/src/common/pico_time/time.c.obj
 *fill*         0x100071e6        0x2 
 .rodata.__func__.12
                0x100071e8        0xa driver/irline/CMakeFiles/irline.dir/C_/Program_Files/Raspberry_Pi/Pico_SDK_v1.5.1/pico-sdk/src/common/pico_time/time.c.obj
 *fill*         0x100071f2        0x2 
 .rodata.__func__.3
                0x100071f4       0x17 driver/irline/CMakeFiles/irline.dir/C_/Program_Files/Raspberry_Pi/Pico_SDK_v1.5.1/pico-sdk/src/common/pico_time/time.c.obj
 *fill*         0x1000720b        0x1 
 .rodata.__func__.4
                0x1000720c       0x12 driver/irline/CMakeFiles/irline.dir/C_/Program_Files/Raspberry_Pi/Pico_SDK_v1.5.1/pico-sdk/src/common/pico_time/time.c.obj
 *fill*         0x1000721e        0x2 
 .rodata.__func__.5
                0x10007220        0xd driver/irline/CMakeFiles/irline.dir/C_/Program_Files/Raspberry_Pi/Pico_SDK_v1.5.1/pico-sdk/src/common/pico_time/time.c.obj
 *fill*         0x1000722d        0x3 
 .rodata.__func__.6
                0x10007230       0x12 driver/irline/CMakeFiles/irline.dir/C_/Program_Files/Raspberry_Pi/Pico_SDK_v1.5.1/pico-sdk/src/common/pico_time/time.c.obj
 *fill*         0x10007242        0x2 
 .rodata.__func__.7
                0x10007244        0xf driver/irline/CMakeFiles/irline.dir/C_/Program_Files/Raspberry_Pi/Pico_SDK_v1.5.1/pico-sdk/src/common/pico_time/time.c.obj
 *fill*         0x10007253        0x1 
 .rodata.__func__.8
                0x10007254        0xc driver/irline/CMakeFiles/irline.dir/C_/Program_Files/Raspberry_Pi/Pico_SDK_v1.5.1/pico-sdk/src/common/pico_time/time.c.obj
 .rodata.__func__.9
                0x10007260       0x15 driver/irline/CMakeFiles/irline.dir/C_/Program_Files/Raspberry_Pi/Pico_SDK_v1.5.1/pico-sdk/src/common/pico_time/time.c.obj
 *fill*         0x10007275        0x3 
 .rodata.hardware_alarm_claim.str1.4
                0x10007278       0x22 driver/irline/CMakeFiles/irline.dir/C_/Program_Files/Raspberry_Pi/Pico_SDK_v1.5.1/pico-sdk/src/rp2_common/hardware_timer/timer.c.obj
 .rodata.busy_wait_us.str1.4
                0x1000729a       0x7d driver/irline/CMakeFiles/irline.dir/C_/Program_Files/Raspberry_Pi/Pico_SDK_v1.5.1/pico-sdk/src/rp2_common/hardware_timer/timer.c.obj
 *fill*         0x1000729a        0x2 
 .rodata.hardware_alarm_set_target.str1.4
                0x1000729c       0x81 driver/irline/CMakeFiles/irline.dir/C_/Program_Files/Raspberry_Pi/Pico_SDK_v1.5.1/pico-sdk/src/rp2_common/hardware_timer/timer.c.obj
 *fill*         0x1000731d        0x3 
 .rodata.__func__.0
                0x10007320       0x1a driver/irline/CMakeFiles/irline.dir/C_/Program_Files/Raspberry_Pi/Pico_SDK_v1.5.1/pico-sdk/src/rp2_common/hardware_timer/timer.c.obj
 *fill*         0x1000733a        0x2 
 .rodata.__func__.1
                0x1000733c       0x15 driver/irline/CMakeFiles/irline.dir/C_/Program_Files/Raspberry_Pi/Pico_SDK_v1.5.1/pico-sdk/src/rp2_common/hardware_timer/timer.c.obj
 .rodata.ph_add_child_node.str1.4
                0x10007351       0xb2 driver/irline/CMakeFiles/irline.dir/C_/Program_Files/Raspberry_Pi/Pico_SDK_v1.5.1/pico-sdk/src/common/pico_util/pheap.c.obj
 *fill*         0x10007351        0x3 
 .rodata.ph_remove_any_head.str1.4
                0x10007354       0xa8 driver/irline/CMakeFiles/irline.dir/C_/Program_Files/Raspberry_Pi/Pico_SDK_v1.5.1/pico-sdk/src/common/pico_util/pheap.c.obj
                                 0xbc (size before relaxing)
 .rodata.ph_remove_and_free_node.str1.4
                0x100073fc       0x1e driver/irline/CMakeFiles/irline.dir/C_/Program_Files/Raspberry_Pi/Pico_SDK_v1.5.1/pico-sdk/src/common/pico_util/pheap.c.obj
                                 0x26 (size before relaxing)
 *fill*         0x1000741a        0x2 
 .rodata.__func__.0
                0x1000741c       0x18 driver/irline/CMakeFiles/irline.dir/C_/Program_Files/Raspberry_Pi/Pico_SDK_v1.5.1/pico-sdk/src/common/pico_util/pheap.c.obj
 .rodata.__func__.1
                0x10007434       0x13 driver/irline/CMakeFiles/irline.dir/C_/Program_Files/Raspberry_Pi/Pico_SDK_v1.5.1/pico-sdk/src/common/pico_util/pheap.c.obj
 *fill*         0x10007447        0x1 
 .rodata.__func__.2
                0x10007448       0x12 driver/irline/CMakeFiles/irline.dir/C_/Program_Files/Raspberry_Pi/Pico_SDK_v1.5.1/pico-sdk/src/common/pico_util/pheap.c.obj
 *fill*         0x1000745a        0x2 
 .rodata.__func__.3
                0x1000745c        0xc driver/irline/CMakeFiles/irline.dir/C_/Program_Files/Raspberry_Pi/Pico_SDK_v1.5.1/pico-sdk/src/common/pico_util/pheap.c.obj
 .rodata.clock_configure.str1.4
                0x10007468       0x73 driver/irline/CMakeFiles/irline.dir/C_/Program_Files/Raspberry_Pi/Pico_SDK_v1.5.1/pico-sdk/src/rp2_common/hardware_clocks/clocks.c.obj
 *fill*         0x100074db        0x1 
 .rodata.__func__.1
                0x100074dc       0x10 driver/irline/CMakeFiles/irline.dir/C_/Program_Files/Raspberry_Pi/Pico_SDK_v1.5.1/pico-sdk/src/rp2_common/hardware_clocks/clocks.c.obj
 .rodata.pll_init.str1.4
                0x100074ec      0x140 driver/irline/CMakeFiles/irline.dir/C_/Program_Files/Raspberry_Pi/Pico_SDK_v1.5.1/pico-sdk/src/rp2_common/hardware_pll/pll.c.obj
 .rodata.__func__.0
                0x1000762c        0x9 driver/irline/CMakeFiles/irline.dir/C_/Program_Files/Raspberry_Pi/Pico_SDK_v1.5.1/pico-sdk/src/rp2_common/hardware_pll/pll.c.obj
 *fill*         0x10007635        0x3 
 .rodata.__assert_func.str1.4
                0x10007638       0x3f driver/irline/CMakeFiles/irline.dir/C_/Program_Files/Raspberry_Pi/Pico_SDK_v1.5.1/pico-sdk/src/rp2_common/pico_runtime/runtime.c.obj
                                 0x43 (size before relaxing)
 *fill*         0x10007677        0x1 
 .rodata.runtime_init.str1.4
                0x10007678       0x7d driver/irline/CMakeFiles/irline.dir/C_/Program_Files/Raspberry_Pi/Pico_SDK_v1.5.1/pico-sdk/src/rp2_common/pico_runtime/runtime.c.obj
 *fill*         0x100076f5        0x3 
 .rodata.panic.str1.4
                0x100076f8       0x12 driver/irline/CMakeFiles/irline.dir/C_/Program_Files/Raspberry_Pi/Pico_SDK_v1.5.1/pico-sdk/src/rp2_common/pico_runtime/runtime.c.obj
 *fill*         0x1000770a        0x2 
 .rodata.__func__.2
                0x1000770c        0xd driver/irline/CMakeFiles/irline.dir/C_/Program_Files/Raspberry_Pi/Pico_SDK_v1.5.1/pico-sdk/src/rp2_common/pico_runtime/runtime.c.obj
 *fill*         0x10007719        0x3 
 .rodata._ftoa.str1.4
                0x1000771c       0x15 driver/irline/CMakeFiles/irline.dir/C_/Program_Files/Raspberry_Pi/Pico_SDK_v1.5.1/pico-sdk/src/rp2_common/pico_printf/printf.c.obj
 *fill*         0x10007731        0x3 
 .rodata._vsnprintf
                0x10007734      0x1e0 driver/irline/CMakeFiles/irline.dir/C_/Program_Files/Raspberry_Pi/Pico_SDK_v1.5.1/pico-sdk/src/rp2_common/pico_printf/printf.c.obj
 *fill*         0x10007914        0x4 
 .rodata.pow10.0
                0x10007918       0x50 driver/irline/CMakeFiles/irline.dir/C_/Program_Files/Raspberry_Pi/Pico_SDK_v1.5.1/pico-sdk/src/rp2_common/pico_printf/printf.c.obj
 .rodata.missing_double_func_shim.str1.4
                0x10007968       0x18 driver/irline/CMakeFiles/irline.dir/C_/Program_Files/Raspberry_Pi/Pico_SDK_v1.5.1/pico-sdk/src/rp2_common/pico_double/double_init_rom.c.obj
 .rodata.__aeabi_double_init.str1.4
                0x10007980       0xb8 driver/irline/CMakeFiles/irline.dir/C_/Program_Files/Raspberry_Pi/Pico_SDK_v1.5.1/pico-sdk/src/rp2_common/pico_double/double_init_rom.c.obj
 .rodata.__func__.0
                0x10007a38       0x14 driver/irline/CMakeFiles/irline.dir/C_/Program_Files/Raspberry_Pi/Pico_SDK_v1.5.1/pico-sdk/src/rp2_common/pico_double/double_init_rom.c.obj
 .rodata.missing_float_func_shim.str1.4
                0x10007a4c        0x1 driver/irline/CMakeFiles/irline.dir/C_/Program_Files/Raspberry_Pi/Pico_SDK_v1.5.1/pico-sdk/src/rp2_common/pico_float/float_init_rom.c.obj
 .rodata.__aeabi_float_init.str1.4
                0x10007a4c       0x96 driver/irline/CMakeFiles/irline.dir/C_/Program_Files/Raspberry_Pi/Pico_SDK_v1.5.1/pico-sdk/src/rp2_common/pico_float/float_init_rom.c.obj
 *fill*         0x10007ae2        0x2 
 .rodata.__func__.0
                0x10007ae4       0x13 driver/irline/CMakeFiles/irline.dir/C_/Program_Files/Raspberry_Pi/Pico_SDK_v1.5.1/pico-sdk/src/rp2_common/pico_float/float_init_rom.c.obj
 *fill*         0x10007af7        0x1 
 .rodata.str1.4
                0x10007af8       0x3c driver/irline/CMakeFiles/irline.dir/C_/Program_Files/Raspberry_Pi/Pico_SDK_v1.5.1/pico-sdk/src/rp2_common/pico_standard_link/binary_info.c.obj
 .rodata.__bi_44
                0x10007b34        0xc driver/irline/CMakeFiles/irline.dir/C_/Program_Files/Raspberry_Pi/Pico_SDK_v1.5.1/pico-sdk/src/rp2_common/pico_standard_link/binary_info.c.obj
 .rodata.__bi_75
                0x10007b40        0xc driver/irline/CMakeFiles/irline.dir/C_/Program_Files/Raspberry_Pi/Pico_SDK_v1.5.1/pico-sdk/src/rp2_common/pico_standard_link/binary_info.c.obj
 .rodata.__bi_81
                0x10007b4c        0xc driver/irline/CMakeFiles/irline.dir/C_/Program_Files/Raspberry_Pi/Pico_SDK_v1.5.1/pico-sdk/src/rp2_common/pico_standard_link/binary_info.c.obj
 .rodata.stdout_serialize_begin.str1.4
                0x10007b58       0x7d driver/irline/CMakeFiles/irline.dir/C_/Program_Files/Raspberry_Pi/Pico_SDK_v1.5.1/pico-sdk/src/rp2_common/pico_stdio/stdio.c.obj
 .rodata.__func__.3
                0x10007b58       0x15 driver/irline/CMakeFiles/irline.dir/C_/Program_Files/Raspberry_Pi/Pico_SDK_v1.5.1/pico-sdk/src/rp2_common/pico_stdio/stdio.c.obj
 *fill*         0x10007b6d        0x3 
 .rodata.crlf_str.2
                0x10007b70        0x2 driver/irline/CMakeFiles/irline.dir/C_/Program_Files/Raspberry_Pi/Pico_SDK_v1.5.1/pico-sdk/src/rp2_common/pico_stdio/stdio.c.obj
 *fill*         0x10007b72        0x2 
 .rodata.str1.4
                0x10007b74       0x2c driver/irline/CMakeFiles/irline.dir/C_/Program_Files/Raspberry_Pi/Pico_SDK_v1.5.1/pico-sdk/src/rp2_common/pico_stdio_uart/stdio_uart.c.obj
 .rodata.__bi_33.4
                0x10007ba0        0xc driver/irline/CMakeFiles/irline.dir/C_/Program_Files/Raspberry_Pi/Pico_SDK_v1.5.1/pico-sdk/src/rp2_common/pico_stdio_uart/stdio_uart.c.obj
 .rodata.__bi_34.5
                0x10007bac        0x8 driver/irline/CMakeFiles/irline.dir/C_/Program_Files/Raspberry_Pi/Pico_SDK_v1.5.1/pico-sdk/src/rp2_common/pico_stdio_uart/stdio_uart.c.obj
 .rodata._resetd_driver
                0x10007bb4       0x18 driver/irline/CMakeFiles/irline.dir/C_/Program_Files/Raspberry_Pi/Pico_SDK_v1.5.1/pico-sdk/src/rp2_common/pico_stdio_usb/reset_interface.c.obj
 .rodata.low_priority_worker_irq.str1.4
                0x10007bcc       0x7d driver/irline/CMakeFiles/irline.dir/C_/Program_Files/Raspberry_Pi/Pico_SDK_v1.5.1/pico-sdk/src/rp2_common/pico_stdio_usb/stdio_usb.c.obj
 .rodata.stdio_usb_init.str1.4
                0x10007bcc       0x61 driver/irline/CMakeFiles/irline.dir/C_/Program_Files/Raspberry_Pi/Pico_SDK_v1.5.1/pico-sdk/src/rp2_common/pico_stdio_usb/stdio_usb.c.obj
                                 0x69 (size before relaxing)
 *fill*         0x10007c2d        0x3 
 .rodata.str1.4
                0x10007c30       0x13 driver/irline/CMakeFiles/irline.dir/C_/Program_Files/Raspberry_Pi/Pico_SDK_v1.5.1/pico-sdk/src/rp2_common/pico_stdio_usb/stdio_usb.c.obj
 *fill*         0x10007c43        0x1 
 .rodata.__bi_182.0
                0x10007c44        0xc driver/irline/CMakeFiles/irline.dir/C_/Program_Files/Raspberry_Pi/Pico_SDK_v1.5.1/pico-sdk/src/rp2_common/pico_stdio_usb/stdio_usb.c.obj
 .rodata.__func__.1
                0x10007c50        0xf driver/irline/CMakeFiles/irline.dir/C_/Program_Files/Raspberry_Pi/Pico_SDK_v1.5.1/pico-sdk/src/rp2_common/pico_stdio_usb/stdio_usb.c.obj
 *fill*         0x10007c5f        0x1 
 .rodata.__func__.3
                0x10007c60       0x15 driver/irline/CMakeFiles/irline.dir/C_/Program_Files/Raspberry_Pi/Pico_SDK_v1.5.1/pico-sdk/src/rp2_common/pico_stdio_usb/stdio_usb.c.obj
 *fill*         0x10007c75        0x3 
 .rodata.str1.4
                0x10007c78       0x2a driver/irline/CMakeFiles/irline.dir/C_/Program_Files/Raspberry_Pi/Pico_SDK_v1.5.1/pico-sdk/src/rp2_common/pico_stdio_usb/stdio_usb_descriptors.c.obj
 *fill*         0x10007ca2        0x2 
 .rodata.usbd_desc_cfg
                0x10007ca4       0x54 driver/irline/CMakeFiles/irline.dir/C_/Program_Files/Raspberry_Pi/Pico_SDK_v1.5.1/pico-sdk/src/rp2_common/pico_stdio_usb/stdio_usb_descriptors.c.obj
 .rodata.usbd_desc_device
                0x10007cf8       0x12 driver/irline/CMakeFiles/irline.dir/C_/Program_Files/Raspberry_Pi/Pico_SDK_v1.5.1/pico-sdk/src/rp2_common/pico_stdio_usb/stdio_usb_descriptors.c.obj
 *fill*         0x10007d0a        0x2 
 .rodata.usbd_desc_str
                0x10007d0c       0x18 driver/irline/CMakeFiles/irline.dir/C_/Program_Files/Raspberry_Pi/Pico_SDK_v1.5.1/pico-sdk/src/rp2_common/pico_stdio_usb/stdio_usb_descriptors.c.obj
 .rodata.pico_get_unique_board_id_string.str1.4
                0x10007d24       0x69 driver/irline/CMakeFiles/irline.dir/C_/Program_Files/Raspberry_Pi/Pico_SDK_v1.5.1/pico-sdk/src/rp2_common/pico_unique_id/unique_id.c.obj
 *fill*         0x10007d8d        0x3 
 .rodata.__func__.0
                0x10007d90       0x20 driver/irline/CMakeFiles/irline.dir/C_/Program_Files/Raspberry_Pi/Pico_SDK_v1.5.1/pico-sdk/src/rp2_common/pico_unique_id/unique_id.c.obj
 .rodata.str1.4
                0x10007db0      0x176 driver/irline/CMakeFiles/irline.dir/C_/Program_Files/Raspberry_Pi/Pico_SDK_v1.5.1/pico-sdk/src/rp2_common/hardware_flash/flash.c.obj
 *fill*         0x10007f26        0x2 
 .rodata.__func__.0
                0x10007f28        0xd driver/irline/CMakeFiles/irline.dir/C_/Program_Files/Raspberry_Pi/Pico_SDK_v1.5.1/pico-sdk/src/rp2_common/hardware_flash/flash.c.obj
 *fill*         0x10007f35        0x3 
 .rodata._hw_endpoint_alloc.str1.4
                0x10007f38       0xd1 driver/irline/CMakeFiles/irline.dir/C_/Program_Files/Raspberry_Pi/Pico_SDK_v1.5.1/pico-sdk/lib/tinyusb/src/portable/raspberrypi/rp2040/dcd_rp2040.c.obj
 *fill*         0x10008009        0x3 
 .rodata.str1.4
                0x1000800c       0x14 driver/irline/CMakeFiles/irline.dir/C_/Program_Files/Raspberry_Pi/Pico_SDK_v1.5.1/pico-sdk/lib/tinyusb/src/portable/raspberrypi/rp2040/dcd_rp2040.c.obj
 .rodata.dcd_int_enable.str1.4
                0x10008020        0xc driver/irline/CMakeFiles/irline.dir/C_/Program_Files/Raspberry_Pi/Pico_SDK_v1.5.1/pico-sdk/lib/tinyusb/src/portable/raspberrypi/rp2040/dcd_rp2040.c.obj
 .rodata.__func__.0
                0x1000802c        0xe driver/irline/CMakeFiles/irline.dir/C_/Program_Files/Raspberry_Pi/Pico_SDK_v1.5.1/pico-sdk/lib/tinyusb/src/portable/raspberrypi/rp2040/dcd_rp2040.c.obj
 *fill*         0x1000803a        0x2 
 .rodata.__func__.1
                0x1000803c        0xe driver/irline/CMakeFiles/irline.dir/C_/Program_Files/Raspberry_Pi/Pico_SDK_v1.5.1/pico-sdk/lib/tinyusb/src/portable/raspberrypi/rp2040/dcd_rp2040.c.obj
 *fill*         0x1000804a        0x2 
 .rodata.__func__.3
                0x1000804c       0x10 driver/irline/CMakeFiles/irline.dir/C_/Program_Files/Raspberry_Pi/Pico_SDK_v1.5.1/pico-sdk/lib/tinyusb/src/portable/raspberrypi/rp2040/dcd_rp2040.c.obj
 .rodata.__func__.5
                0x1000805c        0xf driver/irline/CMakeFiles/irline.dir/C_/Program_Files/Raspberry_Pi/Pico_SDK_v1.5.1/pico-sdk/lib/tinyusb/src/portable/raspberrypi/rp2040/dcd_rp2040.c.obj
 *fill*         0x1000806b        0x1 
 .rodata.__func__.6
                0x1000806c       0x13 driver/irline/CMakeFiles/irline.dir/C_/Program_Files/Raspberry_Pi/Pico_SDK_v1.5.1/pico-sdk/lib/tinyusb/src/portable/raspberrypi/rp2040/dcd_rp2040.c.obj
 *fill*         0x1000807f        0x1 
 .rodata.__func__.7
                0x10008080        0x9 driver/irline/CMakeFiles/irline.dir/C_/Program_Files/Raspberry_Pi/Pico_SDK_v1.5.1/pico-sdk/lib/tinyusb/src/portable/raspberrypi/rp2040/dcd_rp2040.c.obj
 *fill*         0x10008089        0x3 
 .rodata.str1.4
                0x1000808c       0xf9 driver/irline/CMakeFiles/irline.dir/C_/Program_Files/Raspberry_Pi/Pico_SDK_v1.5.1/pico-sdk/lib/tinyusb/src/portable/raspberrypi/rp2040/rp2040_usb.c.obj
                                0x103 (size before relaxing)
 *fill*         0x10008185        0x3 
 .rodata.__func__.0
                0x10008188        0xf driver/irline/CMakeFiles/irline.dir/C_/Program_Files/Raspberry_Pi/Pico_SDK_v1.5.1/pico-sdk/lib/tinyusb/src/portable/raspberrypi/rp2040/rp2040_usb.c.obj
 *fill*         0x10008197        0x1 
 .rodata.process_get_descriptor
                0x10008198       0x40 driver/irline/CMakeFiles/irline.dir/C_/Program_Files/Raspberry_Pi/Pico_SDK_v1.5.1/pico-sdk/lib/tinyusb/src/device/usbd.c.obj
 .rodata.process_control_request
                0x100081d8       0x28 driver/irline/CMakeFiles/irline.dir/C_/Program_Files/Raspberry_Pi/Pico_SDK_v1.5.1/pico-sdk/lib/tinyusb/src/device/usbd.c.obj
 .rodata.tud_task_ext
                0x10008200       0x24 driver/irline/CMakeFiles/irline.dir/C_/Program_Files/Raspberry_Pi/Pico_SDK_v1.5.1/pico-sdk/lib/tinyusb/src/device/usbd.c.obj
 .rodata._usbd_driver
                0x10008224       0x18 driver/irline/CMakeFiles/irline.dir/C_/Program_Files/Raspberry_Pi/Pico_SDK_v1.5.1/pico-sdk/lib/tinyusb/src/device/usbd.c.obj
                0x1000823c                . = ALIGN (0x4)
 *(SORT_BY_ALIGNMENT(SORT_BY_NAME(.flashdata*)))
                0x1000823c                . = ALIGN (0x4)

.ARM.extab
 *(.ARM.extab* .gnu.linkonce.armextab.*)
                0x1000823c                __exidx_start = .

.ARM.exidx
 *(.ARM.exidx* .gnu.linkonce.armexidx.*)
                0x1000823c                __exidx_end = .
                0x1000823c                . = ALIGN (0x4)
                0x1000823c                __binary_info_start = .

.binary_info    0x1000823c       0x28
 *(.binary_info.keep.*)
 .binary_info.keep.__bi_ptr22
                0x1000823c        0x4 driver/irline/CMakeFiles/irline.dir/C_/Program_Files/Raspberry_Pi/Pico_SDK_v1.5.1/pico-sdk/src/rp2_common/pico_standard_link/binary_info.c.obj
 .binary_info.keep.__bi_ptr30
                0x10008240        0x4 driver/irline/CMakeFiles/irline.dir/C_/Program_Files/Raspberry_Pi/Pico_SDK_v1.5.1/pico-sdk/src/rp2_common/pico_standard_link/binary_info.c.obj
 .binary_info.keep.__bi_ptr38
                0x10008244        0x4 driver/irline/CMakeFiles/irline.dir/C_/Program_Files/Raspberry_Pi/Pico_SDK_v1.5.1/pico-sdk/src/rp2_common/pico_standard_link/binary_info.c.obj
 .binary_info.keep.__bi_ptr44
                0x10008248        0x4 driver/irline/CMakeFiles/irline.dir/C_/Program_Files/Raspberry_Pi/Pico_SDK_v1.5.1/pico-sdk/src/rp2_common/pico_standard_link/binary_info.c.obj
 .binary_info.keep.__bi_ptr50
                0x1000824c        0x4 driver/irline/CMakeFiles/irline.dir/C_/Program_Files/Raspberry_Pi/Pico_SDK_v1.5.1/pico-sdk/src/rp2_common/pico_standard_link/binary_info.c.obj
 .binary_info.keep.__bi_ptr75
                0x10008250        0x4 driver/irline/CMakeFiles/irline.dir/C_/Program_Files/Raspberry_Pi/Pico_SDK_v1.5.1/pico-sdk/src/rp2_common/pico_standard_link/binary_info.c.obj
 .binary_info.keep.__bi_ptr81
                0x10008254        0x4 driver/irline/CMakeFiles/irline.dir/C_/Program_Files/Raspberry_Pi/Pico_SDK_v1.5.1/pico-sdk/src/rp2_common/pico_standard_link/binary_info.c.obj
 *(.binary_info.*)
 .binary_info.__bi_ptr33
                0x10008258        0x4 driver/irline/CMakeFiles/irline.dir/C_/Program_Files/Raspberry_Pi/Pico_SDK_v1.5.1/pico-sdk/src/rp2_common/pico_stdio_uart/stdio_uart.c.obj
 .binary_info.__bi_ptr34
                0x1000825c        0x4 driver/irline/CMakeFiles/irline.dir/C_/Program_Files/Raspberry_Pi/Pico_SDK_v1.5.1/pico-sdk/src/rp2_common/pico_stdio_uart/stdio_uart.c.obj
 .binary_info.__bi_ptr182
                0x10008260        0x4 driver/irline/CMakeFiles/irline.dir/C_/Program_Files/Raspberry_Pi/Pico_SDK_v1.5.1/pico-sdk/src/rp2_common/pico_stdio_usb/stdio_usb.c.obj
                0x10008264                __binary_info_end = .

.rel.dyn        0x10008264        0x0
 .rel.iplt      0x10008264        0x0 c:/progra~1/raspbe~1/picosd~1.1/gcc-ar~1/bin/../lib/gcc/arm-none-eabi/10.3.1/thumb/v6-m/nofp/crtbegin.o
                0x10008264                . = ALIGN (0x4)

.ram_vector_table
                0x20000000       0xc0
 *(.ram_vector_table)
 .ram_vector_table
                0x20000000       0xc0 driver/irline/CMakeFiles/irline.dir/C_/Program_Files/Raspberry_Pi/Pico_SDK_v1.5.1/pico-sdk/src/rp2_common/pico_runtime/runtime.c.obj
                0x20000000                ram_vector_table

.data           0x200000c0      0xc08 load address 0x10008264
                0x200000c0                __data_start__ = .
 *(vtable)
 *(.time_critical*)
 .time_critical.mutex_try_enter
                0x200000c0       0x46 driver/irline/CMakeFiles/irline.dir/C_/Program_Files/Raspberry_Pi/Pico_SDK_v1.5.1/pico-sdk/src/common/pico_sync/mutex.c.obj
                0x200000c0                mutex_try_enter
 *fill*         0x20000106        0x2 
 .time_critical.mutex_enter_block_until
                0x20000108       0x8c driver/irline/CMakeFiles/irline.dir/C_/Program_Files/Raspberry_Pi/Pico_SDK_v1.5.1/pico-sdk/src/common/pico_sync/mutex.c.obj
                0x20000108                mutex_enter_block_until
 .time_critical.mutex_try_enter_block_until