Archive member included to satisfy reference by file (symbol)

c:/progra~1/raspbe~1/picosd~1.1/gcc-ar~1/bin/../lib/gcc/arm-none-eabi/10.3.1/thumb/v6-m/nofp\libgcc.a(_dvmd_tls.o)
                              driver/irline/CMakeFiles/irline.dir/C_/Program_Files/Raspberry_Pi/Pico_SDK_v1.5.1/pico-sdk/src/rp2_common/pico_divider/divider.S.obj (__aeabi_idiv0)
c:/progra~1/raspbe~1/picosd~1.1/gcc-ar~1/bin/../lib/gcc/arm-none-eabi/10.3.1/../../../../arm-none-eabi/lib/thumb/v6-m/nofp\libg.a(lib_a-calloc.o)
                              driver/irline/CMakeFiles/irline.dir/C_/Program_Files/Raspberry_Pi/Pico_SDK_v1.5.1/pico-sdk/src/rp2_common/pico_malloc/pico_malloc.c.obj (calloc)
c:/progra~1/raspbe~1/picosd~1.1/gcc-ar~1/bin/../lib/gcc/arm-none-eabi/10.3.1/../../../../arm-none-eabi/lib/thumb/v6-m/nofp\libg.a(lib_a-callocr.o)
                              c:/progra~1/raspbe~1/picosd~1.1/gcc-ar~1/bin/../lib/gcc/arm-none-eabi/10.3.1/../../../../arm-none-eabi/lib/thumb/v6-m/nofp\libg.a(lib_a-calloc.o) (_calloc_r)
c:/progra~1/raspbe~1/picosd~1.1/gcc-ar~1/bin/../lib/gcc/arm-none-eabi/10.3.1/../../../../arm-none-eabi/lib/thumb/v6-m/nofp\libg.a(lib_a-errno.o)
                              c:/progra~1/raspbe~1/picosd~1.1/gcc-ar~1/bin/../lib/gcc/arm-none-eabi/10.3.1/../../../../arm-none-eabi/lib/thumb/v6-m/nofp\libg.a(lib_a-callocr.o) (__errno)
c:/progra~1/raspbe~1/picosd~1.1/gcc-ar~1/bin/../lib/gcc/arm-none-eabi/10.3.1/../../../../arm-none-eabi/lib/thumb/v6-m/nofp\libg.a(lib_a-impure.o)
                              c:/progra~1/raspbe~1/picosd~1.1/gcc-ar~1/bin/../lib/gcc/arm-none-eabi/10.3.1/../../../../arm-none-eabi/lib/thumb/v6-m/nofp\libg.a(lib_a-calloc.o) (_impure_ptr)
c:/progra~1/raspbe~1/picosd~1.1/gcc-ar~1/bin/../lib/gcc/arm-none-eabi/10.3.1/../../../../arm-none-eabi/lib/thumb/v6-m/nofp\libg.a(lib_a-init.o)
                              c:/progra~1/raspbe~1/picosd~1.1/gcc-ar~1/bin/../lib/gcc/arm-none-eabi/10.3.1/../../../../arm-none-eabi/lib/thumb/v6-m/nofp/crt0.o (__libc_init_array)
c:/progra~1/raspbe~1/picosd~1.1/gcc-ar~1/bin/../lib/gcc/arm-none-eabi/10.3.1/../../../../arm-none-eabi/lib/thumb/v6-m/nofp\libg.a(lib_a-malloc.o)
                              driver/irline/CMakeFiles/irline.dir/C_/Program_Files/Raspberry_Pi/Pico_SDK_v1.5.1/pico-sdk/src/rp2_common/pico_malloc/pico_malloc.c.obj (malloc)
c:/progra~1/raspbe~1/picosd~1.1/gcc-ar~1/bin/../lib/gcc/arm-none-eabi/10.3.1/../../../../arm-none-eabi/lib/thumb/v6-m/nofp\libg.a(lib_a-mallocr.o)
                              c:/progra~1/raspbe~1/picosd~1.1/gcc-ar~1/bin/../lib/gcc/arm-none-eabi/10.3.1/../../../../arm-none-eabi/lib/thumb/v6-m/nofp\libg.a(lib_a-callocr.o) (_malloc_r)
c:/progra~1/raspbe~1/picosd~1.1/gcc-ar~1/bin/../lib/gcc/arm-none-eabi/10.3.1/../../../../arm-none-eabi/lib/thumb/v6-m/nofp\libg.a(lib_a-mlock.o)
                              c:/progra~1/raspbe~1/picosd~1.1/gcc-ar~1/bin/../lib/gcc/arm-none-eabi/10.3.1/../../../../arm-none-eabi/lib/thumb/v6-m/nofp\libg.a(lib_a-mallocr.o) (__malloc_lock)
c:/progra~1/raspbe~1/picosd~1.1/gcc-ar~1/bin/../lib/gcc/arm-none-eabi/10.3.1/../../../../arm-none-eabi/lib/thumb/v6-m/nofp\libg.a(lib_a-realloc.o)
                              driver/irline/CMakeFiles/irline.dir/C_/Program_Files/Raspberry_Pi/Pico_SDK_v1.5.1/pico-sdk/src/rp2_common/pico_malloc/pico_malloc.c.obj (realloc)
c:/progra~1/raspbe~1/picosd~1.1/gcc-ar~1/bin/../lib/gcc/arm-none-eabi/10.3.1/../../../../arm-none-eabi/lib/thumb/v6-m/nofp\libg.a(lib_a-reallocr.o)
                              c:/progra~1/raspbe~1/picosd~1.1/gcc-ar~1/bin/../lib/gcc/arm-none-eabi/10.3.1/../../../../arm-none-eabi/lib/thumb/v6-m/nofp\libg.a(lib_a-realloc.o) (_realloc_r)
c:/progra~1/raspbe~1/picosd~1.1/gcc-ar~1/bin/../lib/gcc/arm-none-eabi/10.3.1/../../../../arm-none-eabi/lib/thumb/v6-m/nofp\libg.a(lib_a-sbrkr.o)
                              c:/progra~1/raspbe~1/picosd~1.1/gcc-ar~1/bin/../lib/gcc/arm-none-eabi/10.3.1/../../../../arm-none-eabi/lib/thumb/v6-m/nofp\libg.a(lib_a-mallocr.o) (_sbrk_r)
c:/progra~1/raspbe~1/picosd~1.1/gcc-ar~1/bin/../lib/gcc/arm-none-eabi/10.3.1/../../../../arm-none-eabi/lib/thumb/v6-m/nofp\libg.a(lib_a-strlen-stub.o)
                              driver/irline/CMakeFiles/irline.dir/C_/Program_Files/Raspberry_Pi/Pico_SDK_v1.5.1/pico-sdk/src/rp2_common/pico_stdio/stdio.c.obj (strlen)
c:/progra~1/raspbe~1/picosd~1.1/gcc-ar~1/bin/../lib/gcc/arm-none-eabi/10.3.1/../../../../arm-none-eabi/lib/thumb/v6-m/nofp\libg.a(lib_a-freer.o)
                              c:/progra~1/raspbe~1/picosd~1.1/gcc-ar~1/bin/../lib/gcc/arm-none-eabi/10.3.1/../../../../arm-none-eabi/lib/thumb/v6-m/nofp\libg.a(lib_a-malloc.o) (_free_r)
c:/progra~1/raspbe~1/picosd~1.1/gcc-ar~1/bin/../lib/gcc/arm-none-eabi/10.3.1/../../../../arm-none-eabi/lib/thumb/v6-m/nofp\libg.a(lib_a-lock.o)
                              c:/progra~1/raspbe~1/picosd~1.1/gcc-ar~1/bin/../lib/gcc/arm-none-eabi/10.3.1/../../../../arm-none-eabi/lib/thumb/v6-m/nofp\libg.a(lib_a-mlock.o) (__retarget_lock_acquire_recursive)
[...]
Memory Configuration

Name             Origin             Length             Attributes
FLASH            0x10000000         0x00200000         xr
RAM              0x20000000         0x00040000         xrw
SCRATCH_X        0x20040000         0x00001000         xrw
SCRATCH_Y        0x20041000         0x00001000         xrw
*default*        0x00000000         0xffffffff

Linker script and memory map

LOAD c:/progra~1/raspbe~1/picosd~1.1/gcc-ar~1/bin/../lib/gcc/arm-none-eabi/10.3.1/thumb/v6-m/nofp/crti.o
LOAD c:/progra~1/raspbe~1/picosd~1.1/gcc-ar~1/bin/../lib/gcc/arm-none-eabi/10.3.1/thumb/v6-m/nofp/crtbegin.o
LOAD c:/progra~1/raspbe~1/picosd~1.1/gcc-ar~1/bin/../lib/gcc/arm-none-eabi/10.3.1/../../../../arm-none-eabi/lib/thumb/v6-m/nofp/crt0.o

.flash_begin    0x10000000        0x0
                0x10000000                __flash_binary_start = .

.boot2          0x10000000      0x100
                0x10000000                __boot2_start__ = .
 *(.boot2)
 .boot2         0x10000000      0x100 C:\Users\JOSHUA~1\AppData\Local\Temp\ccu0AXE6.o
                0x10000100                __boot2_end__ = .
                0x00000001                ASSERT (((__boot2_end__ - __boot2_start__) == 0x100), ERROR: Pico second stage bootloader must be 256 bytes in size)

.text           0x10000100     0x69d0
                0x10000100                __logical_binary_start = .
 *(.vectors)
 .vectors       0x10000100       0xd4 driver/irline/CMakeFiles/irline.dir/C_/Program_Files/Raspberry_Pi/Pico_SDK_v1.5.1/pico-sdk/src/rp2_common/pico_standard_link/crt0.S.obj
                0x10000100                __VECTOR_TABLE
                0x10000100                __vectors
                0x100001c0                isr_invalid
                0x100001c0                __default_isrs_start
                0x100001c2                isr_nmi
                0x100001c4                isr_hardfault
                0x100001c6                isr_svcall
                0x100001c8                isr_pendsv
                0x100001ca                isr_systick
                0x100001cc                isr_irq23
                0x100001cc                isr_irq18
                0x100001cc                isr_irq11
                0x100001cc                isr_irq28
                0x100001cc                isr_irq19
                0x100001cc                isr_irq0
                0x100001cc                isr_irq6
                0x100001cc                isr_irq5
                0x100001cc                isr_irq12
                0x100001cc                isr_irq22
                0x100001cc                isr_irq31
                0x100001cc                isr_irq17
                0x100001cc                isr_irq27
                0x100001cc                isr_irq30
                0x100001cc                isr_irq2
                0x100001cc                isr_irq10
                0x100001cc                isr_irq8
                0x100001cc                isr_irq24
                0x100001cc                isr_irq1
                0x100001cc                isr_irq7
                0x100001cc                isr_irq21
                0x100001cc                isr_irq20
                0x100001cc                isr_irq15
                0x100001cc                isr_irq25
                0x100001cc                isr_irq13
                0x100001cc                __unhandled_user_irq
                0x100001cc                isr_irq4
                0x100001cc                isr_irq16
                0x100001cc                isr_irq29
                0x100001cc                isr_irq26
                0x100001cc                __default_isrs_end
                0x100001cc                isr_irq3
                0x100001cc                isr_irq14
                0x100001cc                isr_irq9
                0x100001d2                unhandled_user_irq_num_in_r0
 *(.binary_info_header)
 .binary_info_header
                0x100001d4       0x14 driver/irline/CMakeFiles/irline.dir/C_/Program_Files/Raspberry_Pi/Pico_SDK_v1.5.1/pico-sdk/src/rp2_common/pico_standard_link/crt0.S.obj
                0x100001e8                __binary_info_header_end = .
 *(.reset)
 .reset         0x100001e8       0xa0 driver/irline/CMakeFiles/irline.dir/C_/Program_Files/Raspberry_Pi/Pico_SDK_v1.5.1/pico-sdk/src/rp2_common/pico_standard_link/crt0.S.obj
                0x100001e8                _entry_point
 .reset         0x10000288       0x30 driver/irline/CMakeFiles/irline.dir/C_/Program_Files/Raspberry_Pi/Pico_SDK_v1.5.1/pico-sdk/src/rp2_common/pico_standard_link/binary_info.c.obj
 *(.init)
 .init          0x100002b8        0x4 c:/progra~1/raspbe~1/picosd~1.1/gcc-ar~1/bin/../lib/gcc/arm-none-eabi/10.3.1/thumb/v6-m/nofp/crti.o
                0x100002b8                _init
 *(EXCLUDE_FILE(*libm.a: *libc.a:*lib_a-mem*.o *libgcc.a:) .text*)
 .text          0x100002bc       0x48 c:/progra~1/raspbe~1/picosd~1.1/gcc-ar~1/bin/../lib/gcc/arm-none-eabi/10.3.1/thumb/v6-m/nofp/crtbegin.o
 .text.main     0x10000304      0x150 driver/irline/CMakeFiles/irline.dir/irline.c.obj
                0x10000304                main
 .text.gpio_set_function
                0x10000454       0x30 driver/irline/CMakeFiles/irline.dir/C_/Program_Files/Raspberry_Pi/Pico_SDK_v1.5.1/pico-sdk/src/rp2_common/hardware_gpio/gpio.c.obj
                0x10000454                gpio_set_function
 .text.gpio_set_pulls
                0x10000484       0x34 driver/irline/CMakeFiles/irline.dir/C_/Program_Files/Raspberry_Pi/Pico_SDK_v1.5.1/pico-sdk/src/rp2_common/hardware_gpio/gpio.c.obj
                0x10000484                gpio_set_pulls
 .text.running_on_fpga
                0x100004b8       0x14 driver/irline/CMakeFiles/irline.dir/C_/Program_Files/Raspberry_Pi/Pico_SDK_v1.5.1/pico-sdk/src/rp2_common/pico_platform/platform.c.obj
                0x100004b8                running_on_fpga
 .text.hw_claim_lock
                0x100004cc       0x18 driver/irline/CMakeFiles/irline.dir/C_/Program_Files/Raspberry_Pi/Pico_SDK_v1.5.1/pico-sdk/src/rp2_common/hardware_claim/claim.c.obj
                0x100004cc                hw_claim_lock
 .text.hw_claim_unlock
                0x100004e4       0x14 driver/irline/CMakeFiles/irline.dir/C_/Program_Files/Raspberry_Pi/Pico_SDK_v1.5.1/pico-sdk/src/rp2_common/hardware_claim/claim.c.obj
                0x100004e4                hw_claim_unlock
 .text.hw_claim_or_assert
                0x100004f8       0x32 driver/irline/CMakeFiles/irline.dir/C_/Program_Files/Raspberry_Pi/Pico_SDK_v1.5.1/pico-sdk/src/rp2_common/hardware_claim/claim.c.obj
                0x100004f8                hw_claim_or_assert
 .text.hw_claim_unused_from_range
                0x1000052a       0x50 driver/irline/CMakeFiles/irline.dir/C_/Program_Files/Raspberry_Pi/Pico_SDK_v1.5.1/pico-sdk/src/rp2_common/hardware_claim/claim.c.obj
                0x1000052a                hw_claim_unused_from_range
 *fill*         0x1000057a        0x2 
 .text.spin_locks_reset
                0x1000057c       0x20 driver/irline/CMakeFiles/irline.dir/C_/Program_Files/Raspberry_Pi/Pico_SDK_v1.5.1/pico-sdk/src/rp2_common/hardware_sync/sync.c.obj
                0x1000057c                spin_locks_reset
 .text.next_striped_spin_lock_num
                0x1000059c       0x1c driver/irline/CMakeFiles/irline.dir/C_/Program_Files/Raspberry_Pi/Pico_SDK_v1.5.1/pico-sdk/src/rp2_common/hardware_sync/sync.c.obj
                0x1000059c                next_striped_spin_lock_num
 .text.spin_lock_claim_unused
                0x100005b8       0x20 driver/irline/CMakeFiles/irline.dir/C_/Program_Files/Raspberry_Pi/Pico_SDK_v1.5.1/pico-sdk/src/rp2_common/hardware_sync/sync.c.obj
                0x100005b8                spin_lock_claim_unused
 .text.set_raw_irq_handler_and_unlock
                0x100005d8       0x28 driver/irline/CMakeFiles/irline.dir/C_/Program_Files/Raspberry_Pi/Pico_SDK_v1.5.1/pico-sdk/src/rp2_common/hardware_irq/irq.c.obj
 .text.make_branch
                0x10000600       0x48 driver/irline/CMakeFiles/irline.dir/C_/Program_Files/Raspberry_Pi/Pico_SDK_v1.5.1/pico-sdk/src/rp2_common/hardware_irq/irq.c.obj
 .text.insert_branch_and_link
                0x10000648       0x40 driver/irline/CMakeFiles/irline.dir/C_/Program_Files/Raspberry_Pi/Pico_SDK_v1.5.1/pico-sdk/src/rp2_common/hardware_irq/irq.c.obj
 .text.irq_is_enabled
                0x10000688       0x18 driver/irline/CMakeFiles/irline.dir/C_/Program_Files/Raspberry_Pi/Pico_SDK_v1.5.1/pico-sdk/src/rp2_common/hardware_irq/irq.c.obj
                0x10000688                irq_is_enabled
 .text.irq_set_mask_enabled
                0x100006a0       0x20 driver/irline/CMakeFiles/irline.dir/C_/Program_Files/Raspberry_Pi/Pico_SDK_v1.5.1/pico-sdk/src/rp2_common/hardware_irq/irq.c.obj
                0x100006a0                irq_set_mask_enabled
 .text.irq_set_enabled
                0x100006c0        0xe driver/irline/CMakeFiles/irline.dir/C_/Program_Files/Raspberry_Pi/Pico_SDK_v1.5.1/pico-sdk/src/rp2_common/hardware_irq/irq.c.obj
                0x100006c0                irq_set_enabled
 *fill*         0x100006ce        0x2 
 .text.irq_set_pending
                0x100006d0       0x10 driver/irline/CMakeFiles/irline.dir/C_/Program_Files/Raspberry_Pi/Pico_SDK_v1.5.1/pico-sdk/src/rp2_common/hardware_irq/irq.c.obj
                0x100006d0                irq_set_pending
 .text.irq_get_vtable_handler
                0x100006e0       0x10 driver/irline/CMakeFiles/irline.dir/C_/Program_Files/Raspberry_Pi/Pico_SDK_v1.5.1/pico-sdk/src/rp2_common/hardware_irq/irq.c.obj
                0x100006e0                irq_get_vtable_handler
 .text.irq_has_shared_handler
                0x100006f0       0x24 driver/irline/CMakeFiles/irline.dir/C_/Program_Files/Raspberry_Pi/Pico_SDK_v1.5.1/pico-sdk/src/rp2_common/hardware_irq/irq.c.obj
                0x100006f0                irq_has_shared_handler
 .text.irq_set_exclusive_handler
                0x10000714       0x54 driver/irline/CMakeFiles/irline.dir/C_/Program_Files/Raspberry_Pi/Pico_SDK_v1.5.1/pico-sdk/src/rp2_common/hardware_irq/irq.c.obj
                0x10000714                irq_set_exclusive_handler
 .text.irq_add_shared_handler
                0x10000768      0x234 driver/irline/CMakeFiles/irline.dir/C_/Program_Files/Raspberry_Pi/Pico_SDK_v1.5.1/pico-sdk/src/rp2_common/hardware_irq/irq.c.obj
                0x10000768                irq_add_shared_handler
 .text.irq_remove_handler
                0x1000099c      0x1ac driver/irline/CMakeFiles/irline.dir/C_/Program_Files/Raspberry_Pi/Pico_SDK_v1.5.1/pico-sdk/src/rp2_common/hardware_irq/irq.c.obj
                0x1000099c                irq_remove_handler
 .text.irq_add_tail_to_free_list
                0x10000b48       0xf0 driver/irline/CMakeFiles/irline.dir/C_/Program_Files/Raspberry_Pi/Pico_SDK_v1.5.1/pico-sdk/src/rp2_common/hardware_irq/irq.c.obj
                0x10000b48                irq_add_tail_to_free_list
 .text.irq_init_priorities
                0x10000c38       0x1c driver/irline/CMakeFiles/irline.dir/C_/Program_Files/Raspberry_Pi/Pico_SDK_v1.5.1/pico-sdk/src/rp2_common/hardware_irq/irq.c.obj
                0x10000c38                irq_init_priorities
 .text.user_irq_claim_unused
                0x10000c54       0x28 driver/irline/CMakeFiles/irline.dir/C_/Program_Files/Raspberry_Pi/Pico_SDK_v1.5.1/pico-sdk/src/rp2_common/hardware_irq/irq.c.obj
                0x10000c54                user_irq_claim_unused
 .text.lock_init
                0x10000c7c       0x10 driver/irline/CMakeFiles/irline.dir/C_/Program_Files/Raspberry_Pi/Pico_SDK_v1.5.1/pico-sdk/src/common/pico_sync/lock_core.c.obj
                0x10000c7c                lock_init
 .text.mutex_init
                0x10000c8c       0x1a driver/irline/CMakeFiles/irline.dir/C_/Program_Files/Raspberry_Pi/Pico_SDK_v1.5.1/pico-sdk/src/common/pico_sync/mutex.c.obj
                0x10000c8c                mutex_init
 .text.recursive_mutex_init
                0x10000ca6       0x1e driver/irline/CMakeFiles/irline.dir/C_/Program_Files/Raspberry_Pi/Pico_SDK_v1.5.1/pico-sdk/src/common/pico_sync/mutex.c.obj
                0x10000ca6                recursive_mutex_init
 .text.critical_section_init_with_lock_num
                0x10000cc4       0x14 driver/irline/CMakeFiles/irline.dir/C_/Program_Files/Raspberry_Pi/Pico_SDK_v1.5.1/pico-sdk/src/common/pico_sync/critical_section.c.obj
                0x10000cc4                critical_section_init_with_lock_num
 .text.critical_section_init
                0x10000cd8       0x14 driver/irline/CMakeFiles/irline.dir/C_/Program_Files/Raspberry_Pi/Pico_SDK_v1.5.1/pico-sdk/src/common/pico_sync/critical_section.c.obj
                0x10000cd8                critical_section_init
 .text.alarm_pool_post_alloc_init
                0x10000cec       0x40 driver/irline/CMakeFiles/irline.dir/C_/Program_Files/Raspberry_Pi/Pico_SDK_v1.5.1/pico-sdk/src/common/pico_time/time.c.obj
 .text.sleep_until_callback
                0x10000d2c       0x30 driver/irline/CMakeFiles/irline.dir/C_/Program_Files/Raspberry_Pi/Pico_SDK_v1.5.1/pico-sdk/src/common/pico_time/time.c.obj
 .text.timer_pool_entry_comparator
                0x10000d5c       0x7c driver/irline/CMakeFiles/irline.dir/C_/Program_Files/Raspberry_Pi/Pico_SDK_v1.5.1/pico-sdk/src/common/pico_time/time.c.obj
                0x10000d5c                timer_pool_entry_comparator
 .text.ph_add_child_node
                0x10000dd8       0xa4 driver/irline/CMakeFiles/irline.dir/C_/Program_Files/Raspberry_Pi/Pico_SDK_v1.5.1/pico-sdk/src/common/pico_time/time.c.obj
 .text.ph_merge_nodes
                0x10000e7c       0x3e driver/irline/CMakeFiles/irline.dir/C_/Program_Files/Raspberry_Pi/Pico_SDK_v1.5.1/pico-sdk/src/common/pico_time/time.c.obj
 *fill*         0x10000eba        0x2 
 .text.add_alarm_under_lock
                0x10000ebc      0x174 driver/irline/CMakeFiles/irline.dir/C_/Program_Files/Raspberry_Pi/Pico_SDK_v1.5.1/pico-sdk/src/common/pico_time/time.c.obj
 .text.alarm_pool_alarm_callback
                0x10001030      0x33c driver/irline/CMakeFiles/irline.dir/C_/Program_Files/Raspberry_Pi/Pico_SDK_v1.5.1/pico-sdk/src/common/pico_time/time.c.obj
 .text.alarm_pool_init_default
                0x1000136c       0x40 driver/irline/CMakeFiles/irline.dir/C_/Program_Files/Raspberry_Pi/Pico_SDK_v1.5.1/pico-sdk/src/common/pico_time/time.c.obj
                0x1000136c                alarm_pool_init_default
 .text.alarm_pool_get_default
                0x100013ac       0x2c driver/irline/CMakeFiles/irline.dir/C_/Program_Files/Raspberry_Pi/Pico_SDK_v1.5.1/pico-sdk/src/common/pico_time/time.c.obj
                0x100013ac                alarm_pool_get_default
 .text.alarm_pool_add_alarm_at
                0x100013d8      0x168 driver/irline/CMakeFiles/irline.dir/C_/Program_Files/Raspberry_Pi/Pico_SDK_v1.5.1/pico-sdk/src/common/pico_time/time.c.obj
                0x100013d8                alarm_pool_add_alarm_at
 .text.alarm_pool_cancel_alarm
                0x10001540       0xf8 driver/irline/CMakeFiles/irline.dir/C_/Program_Files/Raspberry_Pi/Pico_SDK_v1.5.1/pico-sdk/src/common/pico_time/time.c.obj
                0x10001540                alarm_pool_cancel_alarm
 .text.alarm_pool_core_num
                0x10001638        0x4 driver/irline/CMakeFiles/irline.dir/C_/Program_Files/Raspberry_Pi/Pico_SDK_v1.5.1/pico-sdk/src/common/pico_time/time.c.obj
                0x10001638                alarm_pool_core_num
 .text.sleep_until
                0x1000163c       0xfc driver/irline/CMakeFiles/irline.dir/C_/Program_Files/Raspberry_Pi/Pico_SDK_v1.5.1/pico-sdk/src/common/pico_time/time.c.obj
                0x1000163c                sleep_until
 .text.sleep_us
                0x10001738       0x58 driver/irline/CMakeFiles/irline.dir/C_/Program_Files/Raspberry_Pi/Pico_SDK_v1.5.1/pico-sdk/src/common/pico_time/time.c.obj
                0x10001738                sleep_us
 .text.sleep_ms
                0x10001790       0x14 driver/irline/CMakeFiles/irline.dir/C_/Program_Files/Raspberry_Pi/Pico_SDK_v1.5.1/pico-sdk/src/common/pico_time/time.c.obj
                0x10001790                sleep_ms
 .text.best_effort_wfe_or_timeout
                0x100017a4       0xac driver/irline/CMakeFiles/irline.dir/C_/Program_Files/Raspberry_Pi/Pico_SDK_v1.5.1/pico-sdk/src/common/pico_time/time.c.obj
                0x100017a4                best_effort_wfe_or_timeout
 .text.hardware_alarm_irq_handler
                0x10001850       0x90 driver/irline/CMakeFiles/irline.dir/C_/Program_Files/Raspberry_Pi/Pico_SDK_v1.5.1/pico-sdk/src/rp2_common/hardware_timer/timer.c.obj
 .text.hardware_alarm_claim
                0x100018e0       0x18 driver/irline/CMakeFiles/irline.dir/C_/Program_Files/Raspberry_Pi/Pico_SDK_v1.5.1/pico-sdk/src/rp2_common/hardware_timer/timer.c.obj
                0x100018e0                hardware_alarm_claim
 .text.time_us_64
                0x100018f8       0x18 driver/irline/CMakeFiles/irline.dir/C_/Program_Files/Raspberry_Pi/Pico_SDK_v1.5.1/pico-sdk/src/rp2_common/hardware_timer/timer.c.obj
                0x100018f8                time_us_64
 .text.busy_wait_until
                0x10001910       0x28 driver/irline/CMakeFiles/irline.dir/C_/Program_Files/Raspberry_Pi/Pico_SDK_v1.5.1/pico-sdk/src/rp2_common/hardware_timer/timer.c.obj
                0x10001910                busy_wait_until
 .text.busy_wait_us
                0x10001938       0x48 driver/irline/CMakeFiles/irline.dir/C_/Program_Files/Raspberry_Pi/Pico_SDK_v1.5.1/pico-sdk/src/rp2_common/hardware_timer/timer.c.obj
                0x10001938                busy_wait_us
 .text.hardware_alarm_set_callback
                0x10001980       0x90 driver/irline/CMakeFiles/irline.dir/C_/Program_Files/Raspberry_Pi/Pico_SDK_v1.5.1/pico-sdk/src/rp2_common/hardware_timer/timer.c.obj
                0x10001980                hardware_alarm_set_callback
 .text.hardware_alarm_set_target
                0x10001a10       0xe8 driver/irline/CMakeFiles/irline.dir/C_/Program_Files/Raspberry_Pi/Pico_SDK_v1.5.1/pico-sdk/src/rp2_common/hardware_timer/timer.c.obj
                0x10001a10                hardware_alarm_set_target
 .text.hardware_alarm_cancel
                0x10001af8       0x40 driver/irline/CMakeFiles/irline.dir/C_/Program_Files/Raspberry_Pi/Pico_SDK_v1.5.1/pico-sdk/src/rp2_common/hardware_timer/timer.c.obj
                0x10001af8                hardware_alarm_cancel
 .text.ph_add_child_node
                0x10001b38       0xa4 driver/irline/CMakeFiles/irline.dir/C_/Program_Files/Raspberry_Pi/Pico_SDK_v1.5.1/pico-sdk/src/common/pico_util/pheap.c.obj
 .text.ph_merge_nodes
                0x10001bdc       0x3e driver/irline/CMakeFiles/irline.dir/C_/Program_Files/Raspberry_Pi/Pico_SDK_v1.5.1/pico-sdk/src/common/pico_util/pheap.c.obj
 *fill*         0x10001c1a        0x2 
 .text.ph_clear
                0x10001c1c       0x70 driver/irline/CMakeFiles/irline.dir/C_/Program_Files/Raspberry_Pi/Pico_SDK_v1.5.1/pico-sdk/src/common/pico_util/pheap.c.obj
                0x10001c1c                ph_clear
 .text.ph_post_alloc_init
                0x10001c8c        0xe driver/irline/CMakeFiles/irline.dir/C_/Program_Files/Raspberry_Pi/Pico_SDK_v1.5.1/pico-sdk/src/common/pico_util/pheap.c.obj
                0x10001c8c                ph_post_alloc_init
 *fill*         0x10001c9a        0x2 
 .text.ph_merge_two_pass
                0x10001c9c       0xa8 driver/irline/CMakeFiles/irline.dir/C_/Program_Files/Raspberry_Pi/Pico_SDK_v1.5.1/pico-sdk/src/common/pico_util/pheap.c.obj
                0x10001c9c                ph_merge_two_pass
 .text.ph_remove_any_head
                0x10001d44      0x128 driver/irline/CMakeFiles/irline.dir/C_/Program_Files/Raspberry_Pi/Pico_SDK_v1.5.1/pico-sdk/src/common/pico_util/pheap.c.obj
 .text.ph_remove_head
                0x10001e6c       0x14 driver/irline/CMakeFiles/irline.dir/C_/Program_Files/Raspberry_Pi/Pico_SDK_v1.5.1/pico-sdk/src/common/pico_util/pheap.c.obj
                0x10001e6c                ph_remove_head
 .text.ph_remove_and_free_node
                0x10001e80       0xf8 driver/irline/CMakeFiles/irline.dir/C_/Program_Files/Raspberry_Pi/Pico_SDK_v1.5.1/pico-sdk/src/common/pico_util/pheap.c.obj
                0x10001e80                ph_remove_and_free_node
 .text.uart_disable_before_lcr_write
                0x10001f78       0x48 driver/irline/CMakeFiles/irline.dir/C_/Program_Files/Raspberry_Pi/Pico_SDK_v1.5.1/pico-sdk/src/rp2_common/hardware_uart/uart.c.obj
 .text.uart_write_lcr_bits_masked
                0x10001fc0       0x22 driver/irline/CMakeFiles/irline.dir/C_/Program_Files/Raspberry_Pi/Pico_SDK_v1.5.1/pico-sdk/src/rp2_common/hardware_uart/uart.c.obj
 *fill*         0x10001fe2        0x2 
 .text.uart_set_baudrate
                0x10001fe4       0x5c driver/irline/CMakeFiles/irline.dir/C_/Program_Files/Raspberry_Pi/Pico_SDK_v1.5.1/pico-sdk/src/rp2_common/hardware_uart/uart.c.obj
                0x10001fe4                uart_set_baudrate
 .text.uart_set_format
                0x10002040       0x2c driver/irline/CMakeFiles/irline.dir/C_/Program_Files/Raspberry_Pi/Pico_SDK_v1.5.1/pico-sdk/src/rp2_common/hardware_uart/uart.c.obj
                0x10002040                uart_set_format
 .text.uart_set_translate_crlf
                0x1000206c       0x28 driver/irline/CMakeFiles/irline.dir/C_/Program_Files/Raspberry_Pi/Pico_SDK_v1.5.1/pico-sdk/src/rp2_common/hardware_uart/uart.c.obj
                0x1000206c                uart_set_translate_crlf
 .text.uart_init
                0x10002094       0x80 driver/irline/CMakeFiles/irline.dir/C_/Program_Files/Raspberry_Pi/Pico_SDK_v1.5.1/pico-sdk/src/rp2_common/hardware_uart/uart.c.obj
                0x10002094                uart_init
 .text.clock_configure
                0x10002114      0x108 driver/irline/CMakeFiles/irline.dir/C_/Program_Files/Raspberry_Pi/Pico_SDK_v1.5.1/pico-sdk/src/rp2_common/hardware_clocks/clocks.c.obj
                0x10002114                clock_configure
 .text.clocks_init
                0x1000221c      0x100 driver/irline/CMakeFiles/irline.dir/C_/Program_Files/Raspberry_Pi/Pico_SDK_v1.5.1/pico-sdk/src/rp2_common/hardware_clocks/clocks.c.obj
                0x1000221c                clocks_init
 .text.clock_get_hz
                0x1000231c        0xc driver/irline/CMakeFiles/irline.dir/C_/Program_Files/Raspberry_Pi/Pico_SDK_v1.5.1/pico-sdk/src/rp2_common/hardware_clocks/clocks.c.obj
                0x1000231c                clock_get_hz
 .text.pll_init
                0x10002328      0x120 driver/irline/CMakeFiles/irline.dir/C_/Program_Files/Raspberry_Pi/Pico_SDK_v1.5.1/pico-sdk/src/rp2_common/hardware_pll/pll.c.obj
                0x10002328                pll_init
 .text.watchdog_start_tick
                0x10002448       0x10 driver/irline/CMakeFiles/irline.dir/C_/Program_Files/Raspberry_Pi/Pico_SDK_v1.5.1/pico-sdk/src/rp2_common/hardware_watchdog/watchdog.c.obj
                0x10002448                watchdog_start_tick
 .text.watchdog_update
                0x10002458       0x14 driver/irline/CMakeFiles/irline.dir/C_/Program_Files/Raspberry_Pi/Pico_SDK_v1.5.1/pico-sdk/src/rp2_common/hardware_watchdog/watchdog.c.obj
                0x10002458                watchdog_update
 .text._watchdog_enable
                0x1000246c       0x78 driver/irline/CMakeFiles/irline.dir/C_/Program_Files/Raspberry_Pi/Pico_SDK_v1.5.1/pico-sdk/src/rp2_common/hardware_watchdog/watchdog.c.obj
                0x1000246c                _watchdog_enable
 .text.watchdog_reboot
                0x100024e4       0x48 driver/irline/CMakeFiles/irline.dir/C_/Program_Files/Raspberry_Pi/Pico_SDK_v1.5.1/pico-sdk/src/rp2_common/hardware_watchdog/watchdog.c.obj
                0x100024e4                watchdog_reboot
 .text.xosc_init
                0x1000252c       0x28 driver/irline/CMakeFiles/irline.dir/C_/Program_Files/Raspberry_Pi/Pico_SDK_v1.5.1/pico-sdk/src/rp2_common/hardware_xosc/xosc.c.obj
                0x1000252c                xosc_init
 .text._exit    0x10002554        0x4 driver/irline/CMakeFiles/irline.dir/C_/Program_Files/Raspberry_Pi/Pico_SDK_v1.5.1/pico-sdk/src/rp2_common/pico_runtime/runtime.c.obj
                0x10002554                _exit
 .text.exit     0x10002558        0x6 driver/irline/CMakeFiles/irline.dir/C_/Program_Files/Raspberry_Pi/Pico_SDK_v1.5.1/pico-sdk/src/rp2_common/pico_runtime/runtime.c.obj
                0x10002558                exit
 *fill*         0x1000255e        0x2 
 .text.__assert_func
                0x10002560       0x3c driver/irline/CMakeFiles/irline.dir/C_/Program_Files/Raspberry_Pi/Pico_SDK_v1.5.1/pico-sdk/src/rp2_common/pico_runtime/runtime.c.obj
                0x10002560                __assert_func
 .text.runtime_init
                0x1000259c       0xf8 driver/irline/CMakeFiles/irline.dir/C_/Program_Files/Raspberry_Pi/Pico_SDK_v1.5.1/pico-sdk/src/rp2_common/pico_runtime/runtime.c.obj
                0x1000259c                runtime_init
 .text.panic    0x10002694       0x30 driver/irline/CMakeFiles/irline.dir/C_/Program_Files/Raspberry_Pi/Pico_SDK_v1.5.1/pico-sdk/src/rp2_common/pico_runtime/runtime.c.obj
                0x10002694                panic
 .text._out_null
                0x100026c4        0x2 driver/irline/CMakeFiles/irline.dir/C_/Program_Files/Raspberry_Pi/Pico_SDK_v1.5.1/pico-sdk/src/rp2_common/pico_printf/printf.c.obj
 .text._out_fct
                0x100026c6        0xe driver/irline/CMakeFiles/irline.dir/C_/Program_Files/Raspberry_Pi/Pico_SDK_v1.5.1/pico-sdk/src/rp2_common/pico_printf/printf.c.obj
 .text._atoi    0x100026d4       0x24 driver/irline/CMakeFiles/irline.dir/C_/Program_Files/Raspberry_Pi/Pico_SDK_v1.5.1/pico-sdk/src/rp2_common/pico_printf/printf.c.obj
 .text._out_rev
                0x100026f8       0xae driver/irline/CMakeFiles/irline.dir/C_/Program_Files/Raspberry_Pi/Pico_SDK_v1.5.1/pico-sdk/src/rp2_common/pico_printf/printf.c.obj
 .text._ntoa_format
                0x100027a6      0x112 driver/irline/CMakeFiles/irline.dir/C_/Program_Files/Raspberry_Pi/Pico_SDK_v1.5.1/pico-sdk/src/rp2_common/pico_printf/printf.c.obj
 .text._ntoa_long
                0x100028b8       0xbc driver/irline/CMakeFiles/irline.dir/C_/Program_Files/Raspberry_Pi/Pico_SDK_v1.5.1/pico-sdk/src/rp2_common/pico_printf/printf.c.obj
 .text._ntoa_long_long
                0x10002974       0xe2 driver/irline/CMakeFiles/irline.dir/C_/Program_Files/Raspberry_Pi/Pico_SDK_v1.5.1/pico-sdk/src/rp2_common/pico_printf/printf.c.obj
 *fill*         0x10002a56        0x2 
 .text._etoa    0x10002a58      0x414 driver/irline/CMakeFiles/irline.dir/C_/Program_Files/Raspberry_Pi/Pico_SDK_v1.5.1/pico-sdk/src/rp2_common/pico_printf/printf.c.obj
 .text._ftoa    0x10002e6c      0x354 driver/irline/CMakeFiles/irline.dir/C_/Program_Files/Raspberry_Pi/Pico_SDK_v1.5.1/pico-sdk/src/rp2_common/pico_printf/printf.c.obj
 .text._vsnprintf
                0x100031c0      0x624 driver/irline/CMakeFiles/irline.dir/C_/Program_Files/Raspberry_Pi/Pico_SDK_v1.5.1/pico-sdk/src/rp2_common/pico_printf/printf.c.obj
 .text.vfctprintf
                0x100037e4       0x20 driver/irline/CMakeFiles/irline.dir/C_/Program_Files/Raspberry_Pi/Pico_SDK_v1.5.1/pico-sdk/src/rp2_common/pico_printf/printf.c.obj
                0x100037e4                vfctprintf
 .text          0x10003804       0x10 driver/irline/CMakeFiles/irline.dir/C_/Program_Files/Raspberry_Pi/Pico_SDK_v1.5.1/pico-sdk/src/rp2_common/pico_bit_ops/bit_ops_aeabi.S.obj
 .text.rom_func_lookup
                0x10003814       0x10 driver/irline/CMakeFiles/irline.dir/C_/Program_Files/Raspberry_Pi/Pico_SDK_v1.5.1/pico-sdk/src/rp2_common/pico_bootrom/bootrom.c.obj
                0x10003814                rom_func_lookup
 .text.rom_data_lookup
                0x10003824       0x10 driver/irline/CMakeFiles/irline.dir/C_/Program_Files/Raspberry_Pi/Pico_SDK_v1.5.1/pico-sdk/src/rp2_common/pico_bootrom/bootrom.c.obj
                0x10003824                rom_data_lookup
 .text.rom_funcs_lookup
                0x10003834       0x36 driver/irline/CMakeFiles/irline.dir/C_/Program_Files/Raspberry_Pi/Pico_SDK_v1.5.1/pico-sdk/src/rp2_common/pico_bootrom/bootrom.c.obj
                0x10003834                rom_funcs_lookup
 *fill*         0x1000386a        0x2 
 .text.__wrap___aeabi_idiv
                0x1000386c       0x50 driver/irline/CMakeFiles/irline.dir/C_/Program_Files/Raspberry_Pi/Pico_SDK_v1.5.1/pico-sdk/src/rp2_common/pico_divider/divider.S.obj
                0x1000386c                __wrap___aeabi_idivmod
                0x1000386c                divmod_s32s32
                0x1000386c                div_s32s32
                0x1000386c                __wrap___aeabi_idiv
                0x10003874                divmod_s32s32_unsafe
                0x100038a0                divmod_s32s32_savestate
 .text.__wrap___aeabi_uidiv
                0x100038bc       0x4c driver/irline/CMakeFiles/irline.dir/C_/Program_Files/Raspberry_Pi/Pico_SDK_v1.5.1/pico-sdk/src/rp2_common/pico_divider/divider.S.obj
                0x100038bc                __wrap___aeabi_uidiv
                0x100038bc                __wrap___aeabi_uidivmod
                0x100038bc                div_u32u32
                0x100038bc                divmod_u32u32
                0x100038c4                divmod_u32u32_unsafe
                0x100038ec                divmod_u32u32_savestate
 .text.__wrap___aeabi_ldiv
                0x10003908      0x424 driver/irline/CMakeFiles/irline.dir/C_/Program_Files/Raspberry_Pi/Pico_SDK_v1.5.1/pico-sdk/src/rp2_common/pico_divider/divider.S.obj
                0x10003908                div_s64s64
                0x10003908                divmod_s64s64
                0x10003908                __wrap___aeabi_ldivmod
                0x10003938                divmod_u64u64
                0x10003938                div_u64u64
                0x10003938                __wrap___aeabi_uldivmod
                0x10003948                divmod_u64u64_savestate
                0x10003968                divmod_s64s64_unsafe
                0x100039f0                divmod_u64u64_unsafe
 .text.__wrap___aeabi_darithmetic
                0x10003d2c       0x60 driver/irline/CMakeFiles/irline.dir/C_/Program_Files/Raspberry_Pi/Pico_SDK_v1.5.1/pico-sdk/src/rp2_common/pico_double/double_aeabi.S.obj
                0x10003d2c                __wrap___aeabi_drsub
                0x10003d32                __wrap___aeabi_dsub
                0x10003d3c                __wrap___aeabi_dadd
                0x10003d46                __wrap___aeabi_ddiv
                0x10003d7a                __wrap___aeabi_dmul
 .text.__wrap___aeabi_cdcmple
                0x10003d8c       0x6c driver/irline/CMakeFiles/irline.dir/C_/Program_Files/Raspberry_Pi/Pico_SDK_v1.5.1/pico-sdk/src/rp2_common/pico_double/double_aeabi.S.obj
                0x10003d8c                __wrap___aeabi_cdrcmple
                0x10003d9c                __wrap___aeabi_cdcmpeq
                0x10003d9c                __wrap___aeabi_cdcmple
 .text.__wrap___aeabi_dcmplt
                0x10003df8        0xc driver/irline/CMakeFiles/irline.dir/C_/Program_Files/Raspberry_Pi/Pico_SDK_v1.5.1/pico-sdk/src/rp2_common/pico_double/double_aeabi.S.obj
                0x10003df8                __wrap___aeabi_dcmplt
 .text.__wrap___aeabi_dcmple
                0x10003e04       0x10 driver/irline/CMakeFiles/irline.dir/C_/Program_Files/Raspberry_Pi/Pico_SDK_v1.5.1/pico-sdk/src/rp2_common/pico_double/double_aeabi.S.obj
                0x10003e04                __wrap___aeabi_dcmple
 .text.__wrap___aeabi_dcmpge
                0x10003e14       0x10 driver/irline/CMakeFiles/irline.dir/C_/Program_Files/Raspberry_Pi/Pico_SDK_v1.5.1/pico-sdk/src/rp2_common/pico_double/double_aeabi.S.obj
                0x10003e14                __wrap___aeabi_dcmpge
 .text.__wrap___aeabi_dcmpgt
                0x10003e24        0xa driver/irline/CMakeFiles/irline.dir/C_/Program_Files/Raspberry_Pi/Pico_SDK_v1.5.1/pico-sdk/src/rp2_common/pico_double/double_aeabi.S.obj
                0x10003e24                __wrap___aeabi_dcmpgt
 .text.__wrap___aeabi_dcmpun
                0x10003e2e       0x1c driver/irline/CMakeFiles/irline.dir/C_/Program_Files/Raspberry_Pi/Pico_SDK_v1.5.1/pico-sdk/src/rp2_common/pico_double/double_aeabi.S.obj
                0x10003e2e                __wrap___aeabi_dcmpun
 *fill*         0x10003e4a        0x2 
 .text.__wrap___aeabi_i2d
                0x10003e4c       0x38 driver/irline/CMakeFiles/irline.dir/C_/Program_Files/Raspberry_Pi/Pico_SDK_v1.5.1/pico-sdk/src/rp2_common/pico_double/double_aeabi.S.obj
                0x10003e4c                __wrap___aeabi_ui2d
                0x10003e54                __wrap___aeabi_i2d
 .text.__wrap___aeabi_d2iz
                0x10003e84       0x48 driver/irline/CMakeFiles/irline.dir/C_/Program_Files/Raspberry_Pi/Pico_SDK_v1.5.1/pico-sdk/src/rp2_common/pico_double/double_aeabi.S.obj
                0x10003e84                double2int_z
                0x10003e84                __wrap___aeabi_d2iz
 .text.__wrap___aeabi_d2uiz
                0x10003ecc       0x10 driver/irline/CMakeFiles/irline.dir/C_/Program_Files/Raspberry_Pi/Pico_SDK_v1.5.1/pico-sdk/src/rp2_common/pico_double/double_aeabi.S.obj
                0x10003ecc                __wrap___aeabi_d2uiz
                0x10003ecc                double2uint
 .text.missing_double_func_shim
                0x10003edc        0xc driver/irline/CMakeFiles/irline.dir/C_/Program_Files/Raspberry_Pi/Pico_SDK_v1.5.1/pico-sdk/src/rp2_common/pico_double/double_init_rom.c.obj
 .text.__aeabi_double_init
                0x10003ee8       0xcc driver/irline/CMakeFiles/irline.dir/C_/Program_Files/Raspberry_Pi/Pico_SDK_v1.5.1/pico-sdk/src/rp2_common/pico_double/double_init_rom.c.obj
                0x10003ee8                __aeabi_double_init
 .text.double_table_shim_on_use_helper
                0x10003fb4       0x34 driver/irline/CMakeFiles/irline.dir/C_/Program_Files/Raspberry_Pi/Pico_SDK_v1.5.1/pico-sdk/src/rp2_common/pico_double/double_v1_rom_shim.S.obj
                0x10003fb4                double_table_shim_on_use_helper
 .text.__aeabi_lmul
                0x10003fe8       0x32 driver/irline/CMakeFiles/irline.dir/C_/Program_Files/Raspberry_Pi/Pico_SDK_v1.5.1/pico-sdk/src/rp2_common/pico_int64_ops/pico_int64_ops_aeabi.S.obj
                0x10003fe8                __wrap___aeabi_lmul
 *fill*         0x1000401a        0x2 
 .text.missing_float_func_shim
                0x1000401c        0xc driver/irline/CMakeFiles/irline.dir/C_/Program_Files/Raspberry_Pi/Pico_SDK_v1.5.1/pico-sdk/src/rp2_common/pico_float/float_init_rom.c.obj
 .text.__aeabi_float_init
                0x10004028       0x88 driver/irline/CMakeFiles/irline.dir/C_/Program_Files/Raspberry_Pi/Pico_SDK_v1.5.1/pico-sdk/src/rp2_common/pico_float/float_init_rom.c.obj
                0x10004028                __aeabi_float_init
 .text          0x100040b0       0x10 driver/irline/CMakeFiles/irline.dir/C_/Program_Files/Raspberry_Pi/Pico_SDK_v1.5.1/pico-sdk/src/rp2_common/pico_mem_ops/mem_ops_aeabi.S.obj
                0x100040b0                __aeabi_mem_init
 .text.memset   0x100040c0        0xc driver/irline/CMakeFiles/irline.dir/C_/Program_Files/Raspberry_Pi/Pico_SDK_v1.5.1/pico-sdk/src/rp2_common/pico_mem_ops/mem_ops_aeabi.S.obj
                0x100040c0                __wrap_memset
 .text.memcpy   0x100040cc        0xc driver/irline/CMakeFiles/irline.dir/C_/Program_Files/Raspberry_Pi/Pico_SDK_v1.5.1/pico-sdk/src/rp2_common/pico_mem_ops/mem_ops_aeabi.S.obj
                0x100040cc                __wrap_memcpy
                0x100040cc                __wrap___aeabi_memcpy
 .text.stdio_out_chars_no_crlf
                0x100040d8        0xe driver/irline/CMakeFiles/irline.dir/C_/Program_Files/Raspberry_Pi/Pico_SDK_v1.5.1/pico-sdk/src/rp2_common/pico_stdio/stdio.c.obj
 *fill*         0x100040e6        0x2 
 .text.stdio_out_chars_crlf
                0x100040e8       0x80 driver/irline/CMakeFiles/irline.dir/C_/Program_Files/Raspberry_Pi/Pico_SDK_v1.5.1/pico-sdk/src/rp2_common/pico_stdio/stdio.c.obj
 .text.stdio_stack_buffer_flush
                0x10004168       0x44 driver/irline/CMakeFiles/irline.dir/C_/Program_Files/Raspberry_Pi/Pico_SDK_v1.5.1/pico-sdk/src/rp2_common/pico_stdio/stdio.c.obj
 .text.stdio_buffered_printer
                0x100041ac       0x20 driver/irline/CMakeFiles/irline.dir/C_/Program_Files/Raspberry_Pi/Pico_SDK_v1.5.1/pico-sdk/src/rp2_common/pico_stdio/stdio.c.obj
 .text.stdout_serialize_begin
                0x100041cc       0x5c driver/irline/CMakeFiles/irline.dir/C_/Program_Files/Raspberry_Pi/Pico_SDK_v1.5.1/pico-sdk/src/rp2_common/pico_stdio/stdio.c.obj
                0x100041cc                stdout_serialize_begin
 .text.stdout_serialize_end
                0x10004228       0x10 driver/irline/CMakeFiles/irline.dir/C_/Program_Files/Raspberry_Pi/Pico_SDK_v1.5.1/pico-sdk/src/rp2_common/pico_stdio/stdio.c.obj
                0x10004228                stdout_serialize_end
 .text.stdio_put_string
                0x10004238       0x98 driver/irline/CMakeFiles/irline.dir/C_/Program_Files/Raspberry_Pi/Pico_SDK_v1.5.1/pico-sdk/src/rp2_common/pico_stdio/stdio.c.obj
 .text.stdio_set_driver_enabled
                0x100042d0       0x2c driver/irline/CMakeFiles/irline.dir/C_/Program_Files/Raspberry_Pi/Pico_SDK_v1.5.1/pico-sdk/src/rp2_common/pico_stdio/stdio.c.obj
                0x100042d0                stdio_set_driver_enabled
 .text.stdio_flush
                0x100042fc       0x20 driver/irline/CMakeFiles/irline.dir/C_/Program_Files/Raspberry_Pi/Pico_SDK_v1.5.1/pico-sdk/src/rp2_common/pico_stdio/stdio.c.obj
                0x100042fc                stdio_flush
 .text.__wrap_puts
                0x1000431c       0x1e driver/irline/CMakeFiles/irline.dir/C_/Program_Files/Raspberry_Pi/Pico_SDK_v1.5.1/pico-sdk/src/rp2_common/pico_stdio/stdio.c.obj
                0x1000431c                __wrap_puts
 *fill*         0x1000433a        0x2 
 .text.__wrap_vprintf
                0x1000433c       0x40 driver/irline/CMakeFiles/irline.dir/C_/Program_Files/Raspberry_Pi/Pico_SDK_v1.5.1/pico-sdk/src/rp2_common/pico_stdio/stdio.c.obj
                0x1000433c                __wrap_vprintf
 .text.__wrap_printf
                0x1000437c       0x18 driver/irline/CMakeFiles/irline.dir/C_/Program_Files/Raspberry_Pi/Pico_SDK_v1.5.1/pico-sdk/src/rp2_common/pico_stdio/stdio.c.obj
                0x1000437c                __wrap_printf
 .text.resetd_init
                0x10004394        0x2 driver/irline/CMakeFiles/irline.dir/C_/Program_Files/Raspberry_Pi/Pico_SDK_v1.5.1/pico-sdk/src/rp2_common/pico_stdio_usb/reset_interface.c.obj
 *fill*         0x10004396        0x2 
 .text.resetd_reset
                0x10004398        0xc driver/irline/CMakeFiles/irline.dir/C_/Program_Files/Raspberry_Pi/Pico_SDK_v1.5.1/pico-sdk/src/rp2_common/pico_stdio_usb/reset_interface.c.obj
 .text.resetd_open
                0x100043a4       0x34 driver/irline/CMakeFiles/irline.dir/C_/Program_Files/Raspberry_Pi/Pico_SDK_v1.5.1/pico-sdk/src/rp2_common/pico_stdio_usb/reset_interface.c.obj
 .text.resetd_xfer_cb
                0x100043d8        0x4 driver/irline/CMakeFiles/irline.dir/C_/Program_Files/Raspberry_Pi/Pico_SDK_v1.5.1/pico-sdk/src/rp2_common/pico_stdio_usb/reset_interface.c.obj
 .text.reset_usb_boot
                0x100043dc       0x18 driver/irline/CMakeFiles/irline.dir/C_/Program_Files/Raspberry_Pi/Pico_SDK_v1.5.1/pico-sdk/src/rp2_common/pico_stdio_usb/reset_interface.c.obj
 .text.resetd_control_xfer_cb
                0x100043f4       0x5c driver/irline/CMakeFiles/irline.dir/C_/Program_Files/Raspberry_Pi/Pico_SDK_v1.5.1/pico-sdk/src/rp2_common/pico_stdio_usb/reset_interface.c.obj
 .text.usbd_app_driver_get_cb
                0x10004450        0xc driver/irline/CMakeFiles/irline.dir/C_/Program_Files/Raspberry_Pi/Pico_SDK_v1.5.1/pico-sdk/src/rp2_common/pico_stdio_usb/reset_interface.c.obj
                0x10004450                usbd_app_driver_get_cb
 .text.tud_cdc_line_coding_cb
                0x1000445c       0x28 driver/irline/CMakeFiles/irline.dir/C_/Program_Files/Raspberry_Pi/Pico_SDK_v1.5.1/pico-sdk/src/rp2_common/pico_stdio_usb/reset_interface.c.obj
                0x1000445c                tud_cdc_line_coding_cb
 .text.stdio_usb_set_chars_available_callback
                0x10004484       0x14 driver/irline/CMakeFiles/irline.dir/C_/Program_Files/Raspberry_Pi/Pico_SDK_v1.5.1/pico-sdk/src/rp2_common/pico_stdio_usb/stdio_usb.c.obj
                0x10004484                stdio_usb_set_chars_available_callback
 .text.usb_irq  0x10004498       0x10 driver/irline/CMakeFiles/irline.dir/C_/Program_Files/Raspberry_Pi/Pico_SDK_v1.5.1/pico-sdk/src/rp2_common/pico_stdio_usb/stdio_usb.c.obj
 .text.timer_task
                0x100044a8       0x5c driver/irline/CMakeFiles/irline.dir/C_/Program_Files/Raspberry_Pi/Pico_SDK_v1.5.1/pico-sdk/src/rp2_common/pico_stdio_usb/stdio_usb.c.obj
 .text.low_priority_worker_irq
                0x10004504       0xdc driver/irline/CMakeFiles/irline.dir/C_/Program_Files/Raspberry_Pi/Pico_SDK_v1.5.1/pico-sdk/src/rp2_common/pico_stdio_usb/stdio_usb.c.obj
 .text.tud_cdc_rx_cb
                0x100045e0       0x20 driver/irline/CMakeFiles/irline.dir/C_/Program_Files/Raspberry_Pi/Pico_SDK_v1.5.1/pico-sdk/src/rp2_common/pico_stdio_usb/stdio_usb.c.obj
                0x100045e0                tud_cdc_rx_cb
 .text.stdio_usb_init
                0x10004600      0x11c driver/irline/CMakeFiles/irline.dir/C_/Program_Files/Raspberry_Pi/Pico_SDK_v1.5.1/pico-sdk/src/rp2_common/pico_stdio_usb/stdio_usb.c.obj
                0x10004600                stdio_usb_init
 .text.stdio_usb_connected
                0x1000471c        0xa driver/irline/CMakeFiles/irline.dir/C_/Program_Files/Raspberry_Pi/Pico_SDK_v1.5.1/pico-sdk/src/rp2_common/pico_stdio_usb/stdio_usb.c.obj
                0x1000471c                stdio_usb_connected
 *fill*         0x10004726        0x2 
 .text.stdio_usb_in_chars
                0x10004728       0xc4 driver/irline/CMakeFiles/irline.dir/C_/Program_Files/Raspberry_Pi/Pico_SDK_v1.5.1/pico-sdk/src/rp2_common/pico_stdio_usb/stdio_usb.c.obj
                0x10004728                stdio_usb_in_chars
 .text.stdio_usb_out_chars
                0x100047ec      0x114 driver/irline/CMakeFiles/irline.dir/C_/Program_Files/Raspberry_Pi/Pico_SDK_v1.5.1/pico-sdk/src/rp2_common/pico_stdio_usb/stdio_usb.c.obj
 .text.tud_descriptor_device_cb
                0x10004900        0x8 driver/irline/CMakeFiles/irline.dir/C_/Program_Files/Raspberry_Pi/Pico_SDK_v1.5.1/pico-sdk/src/rp2_common/pico_stdio_usb/stdio_usb_descriptors.c.obj
                0x10004900                tud_descriptor_device_cb
 .text.tud_descriptor_configuration_cb
                0x10004908        0x8 driver/irline/CMakeFiles/irline.dir/C_/Program_Files/Raspberry_Pi/Pico_SDK_v1.5.1/pico-sdk/src/rp2_common/pico_stdio_usb/stdio_usb_descriptors.c.obj
                0x10004908                tud_descriptor_configuration_cb
 .text.tud_descriptor_string_cb
                0x10004910       0x6c driver/irline/CMakeFiles/irline.dir/C_/Program_Files/Raspberry_Pi/Pico_SDK_v1.5.1/pico-sdk/src/rp2_common/pico_stdio_usb/stdio_usb_descriptors.c.obj
                0x10004910                tud_descriptor_string_cb
 .text._retrieve_unique_id_on_boot
                0x1000497c       0x10 driver/irline/CMakeFiles/irline.dir/C_/Program_Files/Raspberry_Pi/Pico_SDK_v1.5.1/pico-sdk/src/rp2_common/pico_unique_id/unique_id.c.obj
 .text.pico_get_unique_board_id_string
                0x1000498c       0x60 driver/irline/CMakeFiles/irline.dir/C_/Program_Files/Raspberry_Pi/Pico_SDK_v1.5.1/pico-sdk/src/rp2_common/pico_unique_id/unique_id.c.obj
                0x1000498c                pico_get_unique_board_id_string
 .text.flash_get_unique_id
                0x100049ec       0x46 driver/irline/CMakeFiles/irline.dir/C_/Program_Files/Raspberry_Pi/Pico_SDK_v1.5.1/pico-sdk/src/rp2_common/hardware_flash/flash.c.obj
                0x100049ec                flash_get_unique_id
 *fill*         0x10004a32        0x2 
 .text.hw_endpoint_get_by_addr
                0x10004a34       0x18 driver/irline/CMakeFiles/irline.dir/C_/Program_Files/Raspberry_Pi/Pico_SDK_v1.5.1/pico-sdk/lib/tinyusb/src/portable/raspberrypi/rp2040/dcd_rp2040.c.obj
 .text._hw_endpoint_alloc
                0x10004a4c       0x70 driver/irline/CMakeFiles/irline.dir/C_/Program_Files/Raspberry_Pi/Pico_SDK_v1.5.1/pico-sdk/lib/tinyusb/src/portable/raspberrypi/rp2040/dcd_rp2040.c.obj
 .text.hw_endpoint_init
                0x10004abc       0x88 driver/irline/CMakeFiles/irline.dir/C_/Program_Files/Raspberry_Pi/Pico_SDK_v1.5.1/pico-sdk/lib/tinyusb/src/portable/raspberrypi/rp2040/dcd_rp2040.c.obj
 .text.hw_endpoint_xfer
                0x10004b44       0x14 driver/irline/CMakeFiles/irline.dir/C_/Program_Files/Raspberry_Pi/Pico_SDK_v1.5.1/pico-sdk/lib/tinyusb/src/portable/raspberrypi/rp2040/dcd_rp2040.c.obj
 .text.dcd_int_enable
                0x10004b58       0x2c driver/irline/CMakeFiles/irline.dir/C_/Program_Files/Raspberry_Pi/Pico_SDK_v1.5.1/pico-sdk/lib/tinyusb/src/portable/raspberrypi/rp2040/dcd_rp2040.c.obj
                0x10004b58                dcd_int_enable
 .text.dcd_set_address
                0x10004b84       0x2c driver/irline/CMakeFiles/irline.dir/C_/Program_Files/Raspberry_Pi/Pico_SDK_v1.5.1/pico-sdk/lib/tinyusb/src/portable/raspberrypi/rp2040/dcd_rp2040.c.obj
                0x10004b84                dcd_set_address
 .text.dcd_connect
                0x10004bb0       0x10 driver/irline/CMakeFiles/irline.dir/C_/Program_Files/Raspberry_Pi/Pico_SDK_v1.5.1/pico-sdk/lib/tinyusb/src/portable/raspberrypi/rp2040/dcd_rp2040.c.obj
                0x10004bb0                dcd_connect
 .text.dcd_init
                0x10004bc0       0x80 driver/irline/CMakeFiles/irline.dir/C_/Program_Files/Raspberry_Pi/Pico_SDK_v1.5.1/pico-sdk/lib/tinyusb/src/portable/raspberrypi/rp2040/dcd_rp2040.c.obj
                0x10004bc0                dcd_init
 .text.dcd_edpt0_status_complete
                0x10004c40       0x1c driver/irline/CMakeFiles/irline.dir/C_/Program_Files/Raspberry_Pi/Pico_SDK_v1.5.1/pico-sdk/lib/tinyusb/src/portable/raspberrypi/rp2040/dcd_rp2040.c.obj
                0x10004c40                dcd_edpt0_status_complete
 .text.dcd_edpt_open
                0x10004c5c       0x40 driver/irline/CMakeFiles/irline.dir/C_/Program_Files/Raspberry_Pi/Pico_SDK_v1.5.1/pico-sdk/lib/tinyusb/src/portable/raspberrypi/rp2040/dcd_rp2040.c.obj
                0x10004c5c                dcd_edpt_open
 .text.dcd_edpt_close_all
                0x10004c9c        0x8 driver/irline/CMakeFiles/irline.dir/C_/Program_Files/Raspberry_Pi/Pico_SDK_v1.5.1/pico-sdk/lib/tinyusb/src/portable/raspberrypi/rp2040/dcd_rp2040.c.obj
                0x10004c9c                dcd_edpt_close_all
 .text.dcd_edpt_xfer
                0x10004ca4       0x34 driver/irline/CMakeFiles/irline.dir/C_/Program_Files/Raspberry_Pi/Pico_SDK_v1.5.1/pico-sdk/lib/tinyusb/src/portable/raspberrypi/rp2040/dcd_rp2040.c.obj
                0x10004ca4                dcd_edpt_xfer
 .text.dcd_edpt_stall
                0x10004cd8       0x2c driver/irline/CMakeFiles/irline.dir/C_/Program_Files/Raspberry_Pi/Pico_SDK_v1.5.1/pico-sdk/lib/tinyusb/src/portable/raspberrypi/rp2040/dcd_rp2040.c.obj
                0x10004cd8                dcd_edpt_stall
 .text.dcd_edpt_clear_stall
                0x10004d04       0x20 driver/irline/CMakeFiles/irline.dir/C_/Program_Files/Raspberry_Pi/Pico_SDK_v1.5.1/pico-sdk/lib/tinyusb/src/portable/raspberrypi/rp2040/dcd_rp2040.c.obj
                0x10004d04                dcd_edpt_clear_stall
 .text.rp2040_usb_init
                0x10004d24       0x4c driver/irline/CMakeFiles/irline.dir/C_/Program_Files/Raspberry_Pi/Pico_SDK_v1.5.1/pico-sdk/lib/tinyusb/src/portable/raspberrypi/rp2040/rp2040_usb.c.obj
                0x10004d24                rp2040_usb_init
 .text.hw_endpoint_xfer_start
                0x10004d70       0x50 driver/irline/CMakeFiles/irline.dir/C_/Program_Files/Raspberry_Pi/Pico_SDK_v1.5.1/pico-sdk/lib/tinyusb/src/portable/raspberrypi/rp2040/rp2040_usb.c.obj
                0x10004d70                hw_endpoint_xfer_start
 .text.configuration_reset
                0x10004dc0       0x84 driver/irline/CMakeFiles/irline.dir/C_/Program_Files/Raspberry_Pi/Pico_SDK_v1.5.1/pico-sdk/lib/tinyusb/src/device/usbd.c.obj
 .text.usbd_reset
                0x10004e44        0xc driver/irline/CMakeFiles/irline.dir/C_/Program_Files/Raspberry_Pi/Pico_SDK_v1.5.1/pico-sdk/lib/tinyusb/src/device/usbd.c.obj
 .text.invoke_class_control
                0x10004e50       0x1a driver/irline/CMakeFiles/irline.dir/C_/Program_Files/Raspberry_Pi/Pico_SDK_v1.5.1/pico-sdk/lib/tinyusb/src/device/usbd.c.obj
 *fill*         0x10004e6a        0x2 
 .text.process_set_config
                0x10004e6c      0x178 driver/irline/CMakeFiles/irline.dir/C_/Program_Files/Raspberry_Pi/Pico_SDK_v1.5.1/pico-sdk/lib/tinyusb/src/device/usbd.c.obj
 .text.process_get_descriptor
                0x10004fe4       0xdc driver/irline/CMakeFiles/irline.dir/C_/Program_Files/Raspberry_Pi/Pico_SDK_v1.5.1/pico-sdk/lib/tinyusb/src/device/usbd.c.obj
 .text.tud_mounted
                0x100050c0       0x10 driver/irline/CMakeFiles/irline.dir/C_/Program_Files/Raspberry_Pi/Pico_SDK_v1.5.1/pico-sdk/lib/tinyusb/src/device/usbd.c.obj
                0x100050c0                tud_mounted
 .text.tud_suspended
                0x100050d0       0x10 driver/irline/CMakeFiles/irline.dir/C_/Program_Files/Raspberry_Pi/Pico_SDK_v1.5.1/pico-sdk/lib/tinyusb/src/device/usbd.c.obj
                0x100050d0                tud_suspended
 .text.tud_inited
                0x100050e0       0x14 driver/irline/CMakeFiles/irline.dir/C_/Program_Files/Raspberry_Pi/Pico_SDK_v1.5.1/pico-sdk/lib/tinyusb/src/device/usbd.c.obj
                0x100050e0                tud_inited
 .text.tud_init
                0x100050f4       0xcc driver/irline/CMakeFiles/irline.dir/C_/Program_Files/Raspberry_Pi/Pico_SDK_v1.5.1/pico-sdk/lib/tinyusb/src/device/usbd.c.obj
                0x100050f4                tud_init
 .text.usbd_defer_func
                0x100051c0       0x2a driver/irline/CMakeFiles/irline.dir/C_/Program_Files/Raspberry_Pi/Pico_SDK_v1.5.1/pico-sdk/lib/tinyusb/src/device/usbd.c.obj
                0x100051c0                usbd_defer_func
 *fill*         0x100051ea        0x2 
 .text.usbd_edpt_open
                0x100051ec       0x34 driver/irline/CMakeFiles/irline.dir/C_/Program_Files/Raspberry_Pi/Pico_SDK_v1.5.1/pico-sdk/lib/tinyusb/src/device/usbd.c.obj
                0x100051ec                usbd_edpt_open
 .text.usbd_open_edpt_pair
                0x10005220       0x62 driver/irline/CMakeFiles/irline.dir/C_/Program_Files/Raspberry_Pi/Pico_SDK_v1.5.1/pico-sdk/lib/tinyusb/src/device/usbd.c.obj
                0x10005220                usbd_open_edpt_pair
 *fill*         0x10005282        0x2 
 .text.usbd_edpt_claim
                0x10005284       0x28 driver/irline/CMakeFiles/irline.dir/C_/Program_Files/Raspberry_Pi/Pico_SDK_v1.5.1/pico-sdk/lib/tinyusb/src/device/usbd.c.obj
                0x10005284                usbd_edpt_claim
 .text.usbd_edpt_release
                0x100052ac       0x28 driver/irline/CMakeFiles/irline.dir/C_/Program_Files/Raspberry_Pi/Pico_SDK_v1.5.1/pico-sdk/lib/tinyusb/src/device/usbd.c.obj
                0x100052ac                usbd_edpt_release
 .text.usbd_edpt_xfer
                0x100052d4       0x78 driver/irline/CMakeFiles/irline.dir/C_/Program_Files/Raspberry_Pi/Pico_SDK_v1.5.1/pico-sdk/lib/tinyusb/src/device/usbd.c.obj
                0x100052d4                usbd_edpt_xfer
 .text.usbd_edpt_stall
                0x1000534c       0x48 driver/irline/CMakeFiles/irline.dir/C_/Program_Files/Raspberry_Pi/Pico_SDK_v1.5.1/pico-sdk/lib/tinyusb/src/device/usbd.c.obj
                0x1000534c                usbd_edpt_stall
 .text.usbd_edpt_clear_stall
                0x10005394       0x48 driver/irline/CMakeFiles/irline.dir/C_/Program_Files/Raspberry_Pi/Pico_SDK_v1.5.1/pico-sdk/lib/tinyusb/src/device/usbd.c.obj
                0x10005394                usbd_edpt_clear_stall
 .text.usbd_edpt_stalled
                0x100053dc       0x1c driver/irline/CMakeFiles/irline.dir/C_/Program_Files/Raspberry_Pi/Pico_SDK_v1.5.1/pico-sdk/lib/tinyusb/src/device/usbd.c.obj
                0x100053dc                usbd_edpt_stalled
 .text.process_control_request
                0x100053f8      0x37c driver/irline/CMakeFiles/irline.dir/C_/Program_Files/Raspberry_Pi/Pico_SDK_v1.5.1/pico-sdk/lib/tinyusb/src/device/usbd.c.obj
 .text.tud_task_ext
                0x10005774      0x1b8 driver/irline/CMakeFiles/irline.dir/C_/Program_Files/Raspberry_Pi/Pico_SDK_v1.5.1/pico-sdk/lib/tinyusb/src/device/usbd.c.obj
                0x10005774                tud_task_ext
 .text._data_stage_xact
                0x1000592c       0x58 driver/irline/CMakeFiles/irline.dir/C_/Program_Files/Raspberry_Pi/Pico_SDK_v1.5.1/pico-sdk/lib/tinyusb/src/device/usbd_control.c.obj
 .text.tud_control_status
                0x10005984       0x38 driver/irline/CMakeFiles/irline.dir/C_/Program_Files/Raspberry_Pi/Pico_SDK_v1.5.1/pico-sdk/lib/tinyusb/src/device/usbd_control.c.obj
                0x10005984                tud_control_status
 .text.tud_control_xfer
                0x100059bc       0x74 driver/irline/CMakeFiles/irline.dir/C_/Program_Files/Raspberry_Pi/Pico_SDK_v1.5.1/pico-sdk/lib/tinyusb/src/device/usbd_control.c.obj
                0x100059bc                tud_control_xfer
 .text.usbd_control_reset
                0x10005a30       0x14 driver/irline/CMakeFiles/irline.dir/C_/Program_Files/Raspberry_Pi/Pico_SDK_v1.5.1/pico-sdk/lib/tinyusb/src/device/usbd_control.c.obj
                0x10005a30                usbd_control_reset
 .text.usbd_control_set_complete_callback
                0x10005a44        0xc driver/irline/CMakeFiles/irline.dir/C_/Program_Files/Raspberry_Pi/Pico_SDK_v1.5.1/pico-sdk/lib/tinyusb/src/device/usbd_control.c.obj
                0x10005a44                usbd_control_set_complete_callback
 .text.usbd_control_set_request
                0x10005a50       0x1c driver/irline/CMakeFiles/irline.dir/C_/Program_Files/Raspberry_Pi/Pico_SDK_v1.5.1/pico-sdk/lib/tinyusb/src/device/usbd_control.c.obj
                0x10005a50                usbd_control_set_request
 .text.usbd_control_xfer_cb
                0x10005a6c       0xcc driver/irline/CMakeFiles/irline.dir/C_/Program_Files/Raspberry_Pi/Pico_SDK_v1.5.1/pico-sdk/lib/tinyusb/src/device/usbd_control.c.obj
                0x10005a6c                usbd_control_xfer_cb
 .text._prep_out_transaction
                0x10005b38       0x4a driver/irline/CMakeFiles/irline.dir/C_/Program_Files/Raspberry_Pi/Pico_SDK_v1.5.1/pico-sdk/lib/tinyusb/src/class/cdc/cdc_device.c.obj
 *fill*         0x10005b82        0x2 
 .text.tud_cdc_n_connected
                0x10005b84       0x44 driver/irline/CMakeFiles/irline.dir/C_/Program_Files/Raspberry_Pi/Pico_SDK_v1.5.1/pico-sdk/lib/tinyusb/src/class/cdc/cdc_device.c.obj
                0x10005b84                tud_cdc_n_connected
 .text.tud_cdc_n_available
                0x10005bc8       0x18 driver/irline/CMakeFiles/irline.dir/C_/Program_Files/Raspberry_Pi/Pico_SDK_v1.5.1/pico-sdk/lib/tinyusb/src/class/cdc/cdc_device.c.obj
                0x10005bc8                tud_cdc_n_available
 .text.tud_cdc_n_read
                0x10005be0       0x28 driver/irline/CMakeFiles/irline.dir/C_/Program_Files/Raspberry_Pi/Pico_SDK_v1.5.1/pico-sdk/lib/tinyusb/src/class/cdc/cdc_device.c.obj
                0x10005be0                tud_cdc_n_read
 .text.tud_cdc_n_write_flush
                0x10005c08       0xb8 driver/irline/CMakeFiles/irline.dir/C_/Program_Files/Raspberry_Pi/Pico_SDK_v1.5.1/pico-sdk/lib/tinyusb/src/class/cdc/cdc_device.c.obj
                0x10005c08                tud_cdc_n_write_flush
 .text.tud_cdc_n_write
                0x10005cc0       0x38 driver/irline/CMakeFiles/irline.dir/C_/Program_Files/Raspberry_Pi/Pico_SDK_v1.5.1/pico-sdk/lib/tinyusb/src/class/cdc/cdc_device.c.obj
                0x10005cc0                tud_cdc_n_write
 .text.tud_cdc_n_write_available
                0x10005cf8       0x1c driver/irline/CMakeFiles/irline.dir/C_/Program_Files/Raspberry_Pi/Pico_SDK_v1.5.1/pico-sdk/lib/tinyusb/src/class/cdc/cdc_device.c.obj
                0x10005cf8                tud_cdc_n_write_available
 .text.cdcd_init
                0x10005d14       0xbc driver/irline/CMakeFiles/irline.dir/C_/Program_Files/Raspberry_Pi/Pico_SDK_v1.5.1/pico-sdk/lib/tinyusb/src/class/cdc/cdc_device.c.obj
                0x10005d14                cdcd_init
 .text.cdcd_reset
                0x10005dd0       0x44 driver/irline/CMakeFiles/irline.dir/C_/Program_Files/Raspberry_Pi/Pico_SDK_v1.5.1/pico-sdk/lib/tinyusb/src/class/cdc/cdc_device.c.obj
                0x10005dd0                cdcd_reset
 .text.cdcd_open
                0x10005e14       0xcc driver/irline/CMakeFiles/irline.dir/C_/Program_Files/Raspberry_Pi/Pico_SDK_v1.5.1/pico-sdk/lib/tinyusb/src/class/cdc/cdc_device.c.obj
                0x10005e14                cdcd_open
 .text.cdcd_control_xfer_cb
                0x10005ee0      0x134 driver/irline/CMakeFiles/irline.dir/C_/Program_Files/Raspberry_Pi/Pico_SDK_v1.5.1/pico-sdk/lib/tinyusb/src/class/cdc/cdc_device.c.obj
                0x10005ee0                cdcd_control_xfer_cb
 .text.cdcd_xfer_cb
                0x10006014      0x130 driver/irline/CMakeFiles/irline.dir/C_/Program_Files/Raspberry_Pi/Pico_SDK_v1.5.1/pico-sdk/lib/tinyusb/src/class/cdc/cdc_device.c.obj
                0x10006014                cdcd_xfer_cb
 .text.tusb_init
                0x10006144        0xa driver/irline/CMakeFiles/irline.dir/C_/Program_Files/Raspberry_Pi/Pico_SDK_v1.5.1/pico-sdk/lib/tinyusb/src/tusb.c.obj
                0x10006144                tusb_init
 .text.tusb_inited
                0x1000614e        0xe driver/irline/CMakeFiles/irline.dir/C_/Program_Files/Raspberry_Pi/Pico_SDK_v1.5.1/pico-sdk/lib/tinyusb/src/tusb.c.obj
                0x1000614e                tusb_inited
 .text.tu_edpt_claim
                0x1000615c       0x50 driver/irline/CMakeFiles/irline.dir/C_/Program_Files/Raspberry_Pi/Pico_SDK_v1.5.1/pico-sdk/lib/tinyusb/src/tusb.c.obj
                0x1000615c                tu_edpt_claim
 .text.tu_edpt_release
                0x100061ac       0x3c driver/irline/CMakeFiles/irline.dir/C_/Program_Files/Raspberry_Pi/Pico_SDK_v1.5.1/pico-sdk/lib/tinyusb/src/tusb.c.obj
                0x100061ac                tu_edpt_release
 .text.tu_edpt_validate
                0x100061e8       0x78 driver/irline/CMakeFiles/irline.dir/C_/Program_Files/Raspberry_Pi/Pico_SDK_v1.5.1/pico-sdk/lib/tinyusb/src/tusb.c.obj
                0x100061e8                tu_edpt_validate
 .text.tu_edpt_bind_driver
                0x10006260       0x26 driver/irline/CMakeFiles/irline.dir/C_/Program_Files/Raspberry_Pi/Pico_SDK_v1.5.1/pico-sdk/lib/tinyusb/src/tusb.c.obj
                0x10006260                tu_edpt_bind_driver
 .text.advance_index
                0x10006286       0x1a driver/irline/CMakeFiles/irline.dir/C_/Program_Files/Raspberry_Pi/Pico_SDK_v1.5.1/pico-sdk/lib/tinyusb/src/common/tusb_fifo.c.obj
 .text._tu_fifo_peek
                0x100062a0       0x56 driver/irline/CMakeFiles/irline.dir/C_/Program_Files/Raspberry_Pi/Pico_SDK_v1.5.1/pico-sdk/lib/tinyusb/src/common/tusb_fifo.c.obj
 .text._ff_pull_const_addr
                0x100062f6       0x4c driver/irline/CMakeFiles/irline.dir/C_/Program_Files/Raspberry_Pi/Pico_SDK_v1.5.1/pico-sdk/lib/tinyusb/src/common/tusb_fifo.c.obj
 .text._ff_pull_n
                0x10006342      0x110 driver/irline/CMakeFiles/irline.dir/C_/Program_Files/Raspberry_Pi/Pico_SDK_v1.5.1/pico-sdk/lib/tinyusb/src/common/tusb_fifo.c.obj
 .text._tu_fifo_peek_n
                0x10006452       0x6a driver/irline/CMakeFiles/irline.dir/C_/Program_Files/Raspberry_Pi/Pico_SDK_v1.5.1/pico-sdk/lib/tinyusb/src/common/tusb_fifo.c.obj
 .text._tu_fifo_read_n
                0x100064bc       0x4e driver/irline/CMakeFiles/irline.dir/C_/Program_Files/Raspberry_Pi/Pico_SDK_v1.5.1/pico-sdk/lib/tinyusb/src/common/tusb_fifo.c.obj
 .text._ff_push_const_addr
                0x1000650a       0x40 driver/irline/CMakeFiles/irline.dir/C_/Program_Files/Raspberry_Pi/Pico_SDK_v1.5.1/pico-sdk/lib/tinyusb/src/common/tusb_fifo.c.obj
 .text._ff_push_n
                0x1000654a      0x10c driver/irline/CMakeFiles/irline.dir/C_/Program_Files/Raspberry_Pi/Pico_SDK_v1.5.1/pico-sdk/lib/tinyusb/src/common/tusb_fifo.c.obj
 .text._tu_fifo_write_n
                0x10006656       0xf0 driver/irline/CMakeFiles/irline.dir/C_/Program_Files/Raspberry_Pi/Pico_SDK_v1.5.1/pico-sdk/lib/tinyusb/src/common/tusb_fifo.c.obj
 .text.tu_fifo_config
                0x10006746       0x7c driver/irline/CMakeFiles/irline.dir/C_/Program_Files/Raspberry_Pi/Pico_SDK_v1.5.1/pico-sdk/lib/tinyusb/src/common/tusb_fifo.c.obj
                0x10006746                tu_fifo_config
 .text.tu_fifo_count
                0x100067c2       0x2a driver/irline/CMakeFiles/irline.dir/C_/Program_Files/Raspberry_Pi/Pico_SDK_v1.5.1/pico-sdk/lib/tinyusb/src/common/tusb_fifo.c.obj
                0x100067c2                tu_fifo_count
 .text.tu_fifo_empty
                0x100067ec       0x10 driver/irline/CMakeFiles/irline.dir/C_/Program_Files/Raspberry_Pi/Pico_SDK_v1.5.1/pico-sdk/lib/tinyusb/src/common/tusb_fifo.c.obj
                0x100067ec                tu_fifo_empty
 .text.tu_fifo_full
                0x100067fc       0x28 driver/irline/CMakeFiles/irline.dir/C_/Program_Files/Raspberry_Pi/Pico_SDK_v1.5.1/pico-sdk/lib/tinyusb/src/common/tusb_fifo.c.obj
                0x100067fc                tu_fifo_full
 .text.tu_fifo_remaining
                0x10006824       0x2c driver/irline/CMakeFiles/irline.dir/C_/Program_Files/Raspberry_Pi/Pico_SDK_v1.5.1/pico-sdk/lib/tinyusb/src/common/tusb_fifo.c.obj
                0x10006824                tu_fifo_remaining
 .text.tu_fifo_read
                0x10006850       0x42 driver/irline/CMakeFiles/irline.dir/C_/Program_Files/Raspberry_Pi/Pico_SDK_v1.5.1/pico-sdk/lib/tinyusb/src/common/tusb_fifo.c.obj
                0x10006850                tu_fifo_read
 .text.tu_fifo_read_n
                0x10006892        0xa driver/irline/CMakeFiles/irline.dir/C_/Program_Files/Raspberry_Pi/Pico_SDK_v1.5.1/pico-sdk/lib/tinyusb/src/common/tusb_fifo.c.obj
                0x10006892                tu_fifo_read_n
 .text.tu_fifo_write
                0x1000689c       0x64 driver/irline/CMakeFiles/irline.dir/C_/Program_Files/Raspberry_Pi/Pico_SDK_v1.5.1/pico-sdk/lib/tinyusb/src/common/tusb_fifo.c.obj
                0x1000689c                tu_fifo_write
 .text.tu_fifo_write_n
                0x10006900        0xa driver/irline/CMakeFiles/irline.dir/C_/Program_Files/Raspberry_Pi/Pico_SDK_v1.5.1/pico-sdk/lib/tinyusb/src/common/tusb_fifo.c.obj
                0x10006900                tu_fifo_write_n
 .text.tu_fifo_clear
                0x1000690a       0x3e driver/irline/CMakeFiles/irline.dir/C_/Program_Files/Raspberry_Pi/Pico_SDK_v1.5.1/pico-sdk/lib/tinyusb/src/common/tusb_fifo.c.obj
                0x1000690a                tu_fifo_clear
 .text.tu_fifo_set_overwritable
                0x10006948       0x46 driver/irline/CMakeFiles/irline.dir/C_/Program_Files/Raspberry_Pi/Pico_SDK_v1.5.1/pico-sdk/lib/tinyusb/src/common/tusb_fifo.c.obj
                0x10006948                tu_fifo_set_overwritable
 *fill*         0x1000698e        0x2 
 .text.strlen   0x10006990       0x5c c:/progra~1/raspbe~1/picosd~1.1/gcc-ar~1/bin/../lib/gcc/arm-none-eabi/10.3.1/../../../../arm-none-eabi/lib/thumb/v6-m/nofp\libg.a(lib_a-strlen-stub.o)
                0x10006990                strlen
 *(.fini)
 .fini          0x100069ec        0x4 c:/progra~1/raspbe~1/picosd~1.1/gcc-ar~1/bin/../lib/gcc/arm-none-eabi/10.3.1/thumb/v6-m/nofp/crti.o
                0x100069ec                _fini
 .fini.__stub   0x100069f0       0xe0 linker stubs
 *crtbegin.o(.ctors)
 *crtbegin?.o(.ctors)
 *(EXCLUDE_FILE(*crtend.o *crtend?.o) .ctors)
 *(SORT_BY_NAME(.ctors.*))
 *(.ctors)
 *crtbegin.o(.dtors)
 *crtbegin?.o(.dtors)
 *(EXCLUDE_FILE(*crtend.o *crtend?.o) .dtors)
 *(SORT_BY_NAME(.dtors.*))
 *(.dtors)
 *(.eh_frame*)
 .eh_frame      0x10006ad0        0x0 c:/progra~1/raspbe~1/picosd~1.1/gcc-ar~1/bin/../lib/gcc/arm-none-eabi/10.3.1/thumb/v6-m/nofp/crtbegin.o
                0x10006ad0                . = ALIGN (0x4)

.glue_7         0x10006ad0        0x0
 .glue_7        0x10006ad0        0x0 linker stubs

.glue_7t        0x10006ad0        0x0
 .glue_7t       0x10006ad0        0x0 linker stubs

.vfp11_veneer   0x10006ad0        0x0
 .vfp11_veneer  0x10006ad0        0x0 linker stubs

.v4_bx          0x10006ad0        0x0
 .v4_bx         0x10006ad0        0x0 linker stubs

.iplt           0x10006ad0        0x0
 .iplt          0x10006ad0        0x0 c:/progra~1/raspbe~1/picosd~1.1/gcc-ar~1/bin/../lib/gcc/arm-none-eabi/10.3.1/thumb/v6-m/nofp/crtbegin.o

.rodata         0x10006ad0     0x1764
 *(EXCLUDE_FILE(*libm.a: *libc.a:*lib_a-mem*.o *libgcc.a:) .rodata*)
 .rodata.main.str1.4
                0x10006ad0        0x4 driver/irline/CMakeFiles/irline.dir/irline.c.obj
 .rodata.spin_lock_claim_unused.str1.4
                0x10006ad4       0x1b driver/irline/CMakeFiles/irline.dir/C_/Program_Files/Raspberry_Pi/Pico_SDK_v1.5.1/pico-sdk/src/rp2_common/hardware_sync/sync.c.obj
 *fill*         0x10006aef        0x1 
 .rodata.make_branch.str1.4
                0x10006af0       0x89 driver/irline/CMakeFiles/irline.dir/C_/Program_Files/Raspberry_Pi/Pico_SDK_v1.5.1/pico-sdk/src/rp2_common/hardware_irq/irq.c.obj
 *fill*         0x10006b79        0x3 
 .rodata.insert_branch_and_link.str1.4
                0x10006b7c       0x10 driver/irline/CMakeFiles/irline.dir/C_/Program_Files/Raspberry_Pi/Pico_SDK_v1.5.1/pico-sdk/src/rp2_common/hardware_irq/irq.c.obj
 .rodata.irq_set_exclusive_handler.str1.4
                0x10006b8c       0x36 driver/irline/CMakeFiles/irline.dir/C_/Program_Files/Raspberry_Pi/Pico_SDK_v1.5.1/pico-sdk/src/rp2_common/hardware_irq/irq.c.obj
 *fill*         0x10006bc2        0x2 
 .rodata.irq_add_shared_handler.str1.4
                0x10006bc4       0xd9 driver/irline/CMakeFiles/irline.dir/C_/Program_Files/Raspberry_Pi/Pico_SDK_v1.5.1/pico-sdk/src/rp2_common/hardware_irq/irq.c.obj
 *fill*         0x10006c9d        0x3 
 .rodata.irq_remove_handler.str1.4
                0x10006ca0       0x3a driver/irline/CMakeFiles/irline.dir/C_/Program_Files/Raspberry_Pi/Pico_SDK_v1.5.1/pico-sdk/src/rp2_common/hardware_irq/irq.c.obj
 *fill*         0x10006cda        0x2 
 .rodata.irq_add_tail_to_free_list.str1.4
                0x10006cdc       0x3a driver/irline/CMakeFiles/irline.dir/C_/Program_Files/Raspberry_Pi/Pico_SDK_v1.5.1/pico-sdk/src/rp2_common/hardware_irq/irq.c.obj
 *fill*         0x10006d16        0x2 
 .rodata.user_irq_claim_unused.str1.4
                0x10006d18       0x1b driver/irline/CMakeFiles/irline.dir/C_/Program_Files/Raspberry_Pi/Pico_SDK_v1.5.1/pico-sdk/src/rp2_common/hardware_irq/irq.c.obj
 *fill*         0x10006d33        0x1 
 .rodata.__func__.0
                0x10006d34       0x1a driver/irline/CMakeFiles/irline.dir/C_/Program_Files/Raspberry_Pi/Pico_SDK_v1.5.1/pico-sdk/src/rp2_common/hardware_irq/irq.c.obj
 *fill*         0x10006d4e        0x2 
 .rodata.__func__.1
                0x10006d50       0x17 driver/irline/CMakeFiles/irline.dir/C_/Program_Files/Raspberry_Pi/Pico_SDK_v1.5.1/pico-sdk/src/rp2_common/hardware_irq/irq.c.obj
 *fill*         0x10006d67        0x1 
 .rodata.__func__.2
                0x10006d68       0x13 driver/irline/CMakeFiles/irline.dir/C_/Program_Files/Raspberry_Pi/Pico_SDK_v1.5.1/pico-sdk/src/rp2_common/hardware_irq/irq.c.obj
 *fill*         0x10006d7b        0x1 
 .rodata.__func__.3
                0x10006d7c        0xc driver/irline/CMakeFiles/irline.dir/C_/Program_Files/Raspberry_Pi/Pico_SDK_v1.5.1/pico-sdk/src/rp2_common/hardware_irq/irq.c.obj
 .rodata.__func__.4
                0x10006d88        0xf driver/irline/CMakeFiles/irline.dir/C_/Program_Files/Raspberry_Pi/Pico_SDK_v1.5.1/pico-sdk/src/rp2_common/hardware_irq/irq.c.obj
 *fill*         0x10006d97        0x1 
 .rodata.__func__.5
                0x10006d98       0x17 driver/irline/CMakeFiles/irline.dir/C_/Program_Files/Raspberry_Pi/Pico_SDK_v1.5.1/pico-sdk/src/rp2_common/hardware_irq/irq.c.obj
 *fill*         0x10006daf        0x1 
 .rodata.__func__.6
                0x10006db0       0x1a driver/irline/CMakeFiles/irline.dir/C_/Program_Files/Raspberry_Pi/Pico_SDK_v1.5.1/pico-sdk/src/rp2_common/hardware_irq/irq.c.obj
 *fill*         0x10006dca        0x2 
 .rodata.str1.4
                0x10006dcc      0x125 driver/irline/CMakeFiles/irline.dir/C_/Program_Files/Raspberry_Pi/Pico_SDK_v1.5.1/pico-sdk/src/common/pico_sync/mutex.c.obj
 *fill*         0x10006ef1        0x3 
 .rodata.__func__.1
                0x10006ef4        0xb driver/irline/CMakeFiles/irline.dir/C_/Program_Files/Raspberry_Pi/Pico_SDK_v1.5.1/pico-sdk/src/common/pico_sync/mutex.c.obj
 *fill*         0x10006eff        0x1 
 .rodata.__func__.3
                0x10006f00       0x18 driver/irline/CMakeFiles/irline.dir/C_/Program_Files/Raspberry_Pi/Pico_SDK_v1.5.1/pico-sdk/src/common/pico_sync/mutex.c.obj
 .rodata.__func__.4
                0x10006f18       0x15 driver/irline/CMakeFiles/irline.dir/C_/Program_Files/Raspberry_Pi/Pico_SDK_v1.5.1/pico-sdk/src/common/pico_sync/mutex.c.obj
 *fill*         0x10006f2d        0x3 
 .rodata.repeating_timer_callback.str1.4
                0x10006f30       0x67 driver/irline/CMakeFiles/irline.dir/C_/Program_Files/Raspberry_Pi/Pico_SDK_v1.5.1/pico-sdk/src/common/pico_time/time.c.obj
 *fill*         0x10006f97        0x1 
 .rodata.timer_pool_entry_comparator.str1.4
                0x10006f98       0x22 driver/irline/CMakeFiles/irline.dir/C_/Program_Files/Raspberry_Pi/Pico_SDK_v1.5.1/pico-sdk/src/common/pico_time/time.c.obj
 *fill*         0x10006fba        0x2 
 .rodata.ph_add_child_node.str1.4
                0x10006fbc       0xb2 driver/irline/CMakeFiles/irline.dir/C_/Program_Files/Raspberry_Pi/Pico_SDK_v1.5.1/pico-sdk/src/common/pico_time/time.c.obj
 *fill*         0x1000706e        0x2 
 .rodata.add_alarm_under_lock.str1.4
                0x10007070       0x28 driver/irline/CMakeFiles/irline.dir/C_/Program_Files/Raspberry_Pi/Pico_SDK_v1.5.1/pico-sdk/src/common/pico_time/time.c.obj
                                 0x2b (size before relaxing)
 .rodata.alarm_pool_alarm_callback.str1.4
                0x10007098       0x98 driver/irline/CMakeFiles/irline.dir/C_/Program_Files/Raspberry_Pi/Pico_SDK_v1.5.1/pico-sdk/src/common/pico_time/time.c.obj
                                0x118 (size before relaxing)
 .rodata.alarm_pool_get_default.str1.4
                0x10007130       0x21 driver/irline/CMakeFiles/irline.dir/C_/Program_Files/Raspberry_Pi/Pico_SDK_v1.5.1/pico-sdk/src/common/pico_time/time.c.obj
 *fill*         0x10007151        0x3 
 .rodata.alarm_pool_cancel_alarm.str1.4
                0x10007154       0x27 driver/irline/CMakeFiles/irline.dir/C_/Program_Files/Raspberry_Pi/Pico_SDK_v1.5.1/pico-sdk/src/common/pico_time/time.c.obj
 *fill*         0x1000717b        0x1 
 .rodata.sleep_until.str1.4
                0x1000717c       0x4d driver/irline/CMakeFiles/irline.dir/C_/Program_Files/Raspberry_Pi/Pico_SDK_v1.5.1/pico-sdk/src/common/pico_time/time.c.obj
 *fill*         0x100071c9        0x3 
 .rodata.__func__.1
                0x100071cc       0x18 driver/irline/CMakeFiles/irline.dir/C_/Program_Files/Raspberry_Pi/Pico_SDK_v1.5.1/pico-sdk/src/common/pico_time/time.c.obj
 .rodata.__func__.10
                0x100071e4       0x15 driver/irline/CMakeFiles/irline.dir/C_/Program_Files/Raspberry_Pi/Pico_SDK_v1.5.1/pico-sdk/src/common/pico_time/time.c.obj
 *fill*         0x100071f9        0x3 
 .rodata.__func__.11
                0x100071fc       0x1a driver/irline/CMakeFiles/irline.dir/C_/Program_Files/Raspberry_Pi/Pico_SDK_v1.5.1/pico-sdk/src/common/pico_time/time.c.obj
 *fill*         0x10007216        0x2 
 .rodata.__func__.12
                0x10007218        0xa driver/irline/CMakeFiles/irline.dir/C_/Program_Files/Raspberry_Pi/Pico_SDK_v1.5.1/pico-sdk/src/common/pico_time/time.c.obj
 *fill*         0x10007222        0x2 
 .rodata.__func__.3
                0x10007224       0x17 driver/irline/CMakeFiles/irline.dir/C_/Program_Files/Raspberry_Pi/Pico_SDK_v1.5.1/pico-sdk/src/common/pico_time/time.c.obj
 *fill*         0x1000723b        0x1 
 .rodata.__func__.4
                0x1000723c       0x12 driver/irline/CMakeFiles/irline.dir/C_/Program_Files/Raspberry_Pi/Pico_SDK_v1.5.1/pico-sdk/src/common/pico_time/time.c.obj
 *fill*         0x1000724e        0x2 
 .rodata.__func__.5
                0x10007250        0xd driver/irline/CMakeFiles/irline.dir/C_/Program_Files/Raspberry_Pi/Pico_SDK_v1.5.1/pico-sdk/src/common/pico_time/time.c.obj
 *fill*         0x1000725d        0x3 
 .rodata.__func__.6
                0x10007260       0x12 driver/irline/CMakeFiles/irline.dir/C_/Program_Files/Raspberry_Pi/Pico_SDK_v1.5.1/pico-sdk/src/common/pico_time/time.c.obj
 *fill*         0x10007272        0x2 
 .rodata.__func__.7
                0x10007274        0xf driver/irline/CMakeFiles/irline.dir/C_/Program_Files/Raspberry_Pi/Pico_SDK_v1.5.1/pico-sdk/src/common/pico_time/time.c.obj
 *fill*         0x10007283        0x1 
 .rodata.__func__.8
                0x10007284        0xc driver/irline/CMakeFiles/irline.dir/C_/Program_Files/Raspberry_Pi/Pico_SDK_v1.5.1/pico-sdk/src/common/pico_time/time.c.obj
 .rodata.__func__.9
                0x10007290       0x15 driver/irline/CMakeFiles/irline.dir/C_/Program_Files/Raspberry_Pi/Pico_SDK_v1.5.1/pico-sdk/src/common/pico_time/time.c.obj
 *fill*         0x100072a5        0x3 
 .rodata.hardware_alarm_claim.str1.4
                0x100072a8       0x22 driver/irline/CMakeFiles/irline.dir/C_/Program_Files/Raspberry_Pi/Pico_SDK_v1.5.1/pico-sdk/src/rp2_common/hardware_timer/timer.c.obj
 .rodata.busy_wait_us.str1.4
                0x100072ca       0x7d driver/irline/CMakeFiles/irline.dir/C_/Program_Files/Raspberry_Pi/Pico_SDK_v1.5.1/pico-sdk/src/rp2_common/hardware_timer/timer.c.obj
 *fill*         0x100072ca        0x2 
 .rodata.hardware_alarm_set_target.str1.4
                0x100072cc       0x81 driver/irline/CMakeFiles/irline.dir/C_/Program_Files/Raspberry_Pi/Pico_SDK_v1.5.1/pico-sdk/src/rp2_common/hardware_timer/timer.c.obj
 *fill*         0x1000734d        0x3 
 .rodata.__func__.0
                0x10007350       0x1a driver/irline/CMakeFiles/irline.dir/C_/Program_Files/Raspberry_Pi/Pico_SDK_v1.5.1/pico-sdk/src/rp2_common/hardware_timer/timer.c.obj
 *fill*         0x1000736a        0x2 
 .rodata.__func__.1
                0x1000736c       0x15 driver/irline/CMakeFiles/irline.dir/C_/Program_Files/Raspberry_Pi/Pico_SDK_v1.5.1/pico-sdk/src/rp2_common/hardware_timer/timer.c.obj
 .rodata.ph_add_child_node.str1.4
                0x10007381       0xb2 driver/irline/CMakeFiles/irline.dir/C_/Program_Files/Raspberry_Pi/Pico_SDK_v1.5.1/pico-sdk/src/common/pico_util/pheap.c.obj
 *fill*         0x10007381        0x3 
 .rodata.ph_remove_any_head.str1.4
                0x10007384       0xa8 driver/irline/CMakeFiles/irline.dir/C_/Program_Files/Raspberry_Pi/Pico_SDK_v1.5.1/pico-sdk/src/common/pico_util/pheap.c.obj
                                 0xbc (size before relaxing)
 .rodata.ph_remove_and_free_node.str1.4
                0x1000742c       0x1e driver/irline/CMakeFiles/irline.dir/C_/Program_Files/Raspberry_Pi/Pico_SDK_v1.5.1/pico-sdk/src/common/pico_util/pheap.c.obj
                                 0x26 (size before relaxing)
 *fill*         0x1000744a        0x2 
 .rodata.__func__.0
                0x1000744c       0x18 driver/irline/CMakeFiles/irline.dir/C_/Program_Files/Raspberry_Pi/Pico_SDK_v1.5.1/pico-sdk/src/common/pico_util/pheap.c.obj
 .rodata.__func__.1
                0x10007464       0x13 driver/irline/CMakeFiles/irline.dir/C_/Program_Files/Raspberry_Pi/Pico_SDK_v1.5.1/pico-sdk/src/common/pico_util/pheap.c.obj
 *fill*         0x10007477        0x1 
 .rodata.__func__.2
                0x10007478       0x12 driver/irline/CMakeFiles/irline.dir/C_/Program_Files/Raspberry_Pi/Pico_SDK_v1.5.1/pico-sdk/src/common/pico_util/pheap.c.obj
 *fill*         0x1000748a        0x2 
 .rodata.__func__.3
                0x1000748c        0xc driver/irline/CMakeFiles/irline.dir/C_/Program_Files/Raspberry_Pi/Pico_SDK_v1.5.1/pico-sdk/src/common/pico_util/pheap.c.obj
 .rodata.clock_configure.str1.4
                0x10007498       0x73 driver/irline/CMakeFiles/irline.dir/C_/Program_Files/Raspberry_Pi/Pico_SDK_v1.5.1/pico-sdk/src/rp2_common/hardware_clocks/clocks.c.obj
 *fill*         0x1000750b        0x1 
 .rodata.__func__.1
                0x1000750c       0x10 driver/irline/CMakeFiles/irline.dir/C_/Program_Files/Raspberry_Pi/Pico_SDK_v1.5.1/pico-sdk/src/rp2_common/hardware_clocks/clocks.c.obj
 .rodata.pll_init.str1.4
                0x1000751c      0x140 driver/irline/CMakeFiles/irline.dir/C_/Program_Files/Raspberry_Pi/Pico_SDK_v1.5.1/pico-sdk/src/rp2_common/hardware_pll/pll.c.obj
 .rodata.__func__.0
                0x1000765c        0x9 driver/irline/CMakeFiles/irline.dir/C_/Program_Files/Raspberry_Pi/Pico_SDK_v1.5.1/pico-sdk/src/rp2_common/hardware_pll/pll.c.obj
 *fill*         0x10007665        0x3 
 .rodata.__assert_func.str1.4
                0x10007668       0x3f driver/irline/CMakeFiles/irline.dir/C_/Program_Files/Raspberry_Pi/Pico_SDK_v1.5.1/pico-sdk/src/rp2_common/pico_runtime/runtime.c.obj
                                 0x43 (size before relaxing)
 *fill*         0x100076a7        0x1 
 .rodata.runtime_init.str1.4
                0x100076a8       0x7d driver/irline/CMakeFiles/irline.dir/C_/Program_Files/Raspberry_Pi/Pico_SDK_v1.5.1/pico-sdk/src/rp2_common/pico_runtime/runtime.c.obj
 *fill*         0x10007725        0x3 
 .rodata.panic.str1.4
                0x10007728       0x12 driver/irline/CMakeFiles/irline.dir/C_/Program_Files/Raspberry_Pi/Pico_SDK_v1.5.1/pico-sdk/src/rp2_common/pico_runtime/runtime.c.obj
 *fill*         0x1000773a        0x2 
 .rodata.__func__.2
                0x1000773c        0xd driver/irline/CMakeFiles/irline.dir/C_/Program_Files/Raspberry_Pi/Pico_SDK_v1.5.1/pico-sdk/src/rp2_common/pico_runtime/runtime.c.obj
 *fill*         0x10007749        0x3 
 .rodata._ftoa.str1.4
                0x1000774c       0x15 driver/irline/CMakeFiles/irline.dir/C_/Program_Files/Raspberry_Pi/Pico_SDK_v1.5.1/pico-sdk/src/rp2_common/pico_printf/printf.c.obj
 *fill*         0x10007761        0x3 
 .rodata._vsnprintf
                0x10007764      0x1e0 driver/irline/CMakeFiles/irline.dir/C_/Program_Files/Raspberry_Pi/Pico_SDK_v1.5.1/pico-sdk/src/rp2_common/pico_printf/printf.c.obj
 *fill*         0x10007944        0x4 
 .rodata.pow10.0
                0x10007948       0x50 driver/irline/CMakeFiles/irline.dir/C_/Program_Files/Raspberry_Pi/Pico_SDK_v1.5.1/pico-sdk/src/rp2_common/pico_printf/printf.c.obj
 .rodata.missing_double_func_shim.str1.4
                0x10007998       0x18 driver/irline/CMakeFiles/irline.dir/C_/Program_Files/Raspberry_Pi/Pico_SDK_v1.5.1/pico-sdk/src/rp2_common/pico_double/double_init_rom.c.obj
 .rodata.__aeabi_double_init.str1.4
                0x100079b0       0xb8 driver/irline/CMakeFiles/irline.dir/C_/Program_Files/Raspberry_Pi/Pico_SDK_v1.5.1/pico-sdk/src/rp2_common/pico_double/double_init_rom.c.obj
 .rodata.__func__.0
                0x10007a68       0x14 driver/irline/CMakeFiles/irline.dir/C_/Program_Files/Raspberry_Pi/Pico_SDK_v1.5.1/pico-sdk/src/rp2_common/pico_double/double_init_rom.c.obj
 .rodata.missing_float_func_shim.str1.4
                0x10007a7c        0x1 driver/irline/CMakeFiles/irline.dir/C_/Program_Files/Raspberry_Pi/Pico_SDK_v1.5.1/pico-sdk/src/rp2_common/pico_float/float_init_rom.c.obj
 .rodata.__aeabi_float_init.str1.4
                0x10007a7c       0x96 driver/irline/CMakeFiles/irline.dir/C_/Program_Files/Raspberry_Pi/Pico_SDK_v1.5.1/pico-sdk/src/rp2_common/pico_float/float_init_rom.c.obj
 *fill*         0x10007b12        0x2 
 .rodata.__func__.0
                0x10007b14       0x13 driver/irline/CMakeFiles/irline.dir/C_/Program_Files/Raspberry_Pi/Pico_SDK_v1.5.1/pico-sdk/src/rp2_common/pico_float/float_init_rom.c.obj
 *fill*         0x10007b27        0x1 
 .rodata.str1.4
                0x10007b28       0x3c driver/irline/CMakeFiles/irline.dir/C_/Program_Files/Raspberry_Pi/Pico_SDK_v1.5.1/pico-sdk/src/rp2_common/pico_standard_link/binary_info.c.obj
 .rodata.__bi_44
                0x10007b64        0xc driver/irline/CMakeFiles/irline.dir/C_/Program_Files/Raspberry_Pi/Pico_SDK_v1.5.1/pico-sdk/src/rp2_common/pico_standard_link/binary_info.c.obj
 .rodata.__bi_75
                0x10007b70        0xc driver/irline/CMakeFiles/irline.dir/C_/Program_Files/Raspberry_Pi/Pico_SDK_v1.5.1/pico-sdk/src/rp2_common/pico_standard_link/binary_info.c.obj
 .rodata.__bi_81
                0x10007b7c        0xc driver/irline/CMakeFiles/irline.dir/C_/Program_Files/Raspberry_Pi/Pico_SDK_v1.5.1/pico-sdk/src/rp2_common/pico_standard_link/binary_info.c.obj
 .rodata.stdout_serialize_begin.str1.4
                0x10007b88       0x7d driver/irline/CMakeFiles/irline.dir/C_/Program_Files/Raspberry_Pi/Pico_SDK_v1.5.1/pico-sdk/src/rp2_common/pico_stdio/stdio.c.obj
 .rodata.__func__.3
                0x10007b88       0x15 driver/irline/CMakeFiles/irline.dir/C_/Program_Files/Raspberry_Pi/Pico_SDK_v1.5.1/pico-sdk/src/rp2_common/pico_stdio/stdio.c.obj
 *fill*         0x10007b9d        0x3 
 .rodata.crlf_str.2
                0x10007ba0        0x2 driver/irline/CMakeFiles/irline.dir/C_/Program_Files/Raspberry_Pi/Pico_SDK_v1.5.1/pico-sdk/src/rp2_common/pico_stdio/stdio.c.obj
 *fill*         0x10007ba2        0x2 
 .rodata._resetd_driver
                0x10007ba4       0x18 driver/irline/CMakeFiles/irline.dir/C_/Program_Files/Raspberry_Pi/Pico_SDK_v1.5.1/pico-sdk/src/rp2_common/pico_stdio_usb/reset_interface.c.obj
 .rodata.low_priority_worker_irq.str1.4
                0x10007bbc       0x7d driver/irline/CMakeFiles/irline.dir/C_/Program_Files/Raspberry_Pi/Pico_SDK_v1.5.1/pico-sdk/src/rp2_common/pico_stdio_usb/stdio_usb.c.obj
 .rodata.stdio_usb_init.str1.4
                0x10007bbc       0x61 driver/irline/CMakeFiles/irline.dir/C_/Program_Files/Raspberry_Pi/Pico_SDK_v1.5.1/pico-sdk/src/rp2_common/pico_stdio_usb/stdio_usb.c.obj
                                 0x69 (size before relaxing)
 *fill*         0x10007c1d        0x3 
 .rodata.str1.4
                0x10007c20       0x13 driver/irline/CMakeFiles/irline.dir/C_/Program_Files/Raspberry_Pi/Pico_SDK_v1.5.1/pico-sdk/src/rp2_common/pico_stdio_usb/stdio_usb.c.obj
 *fill*         0x10007c33        0x1 
 .rodata.__bi_182.0
                0x10007c34        0xc driver/irline/CMakeFiles/irline.dir/C_/Program_Files/Raspberry_Pi/Pico_SDK_v1.5.1/pico-sdk/src/rp2_common/pico_stdio_usb/stdio_usb.c.obj
 .rodata.__func__.1
                0x10007c40        0xf driver/irline/CMakeFiles/irline.dir/C_/Program_Files/Raspberry_Pi/Pico_SDK_v1.5.1/pico-sdk/src/rp2_common/pico_stdio_usb/stdio_usb.c.obj
 *fill*         0x10007c4f        0x1 
 .rodata.__func__.3
                0x10007c50       0x15 driver/irline/CMakeFiles/irline.dir/C_/Program_Files/Raspberry_Pi/Pico_SDK_v1.5.1/pico-sdk/src/rp2_common/pico_stdio_usb/stdio_usb.c.obj
 *fill*         0x10007c65        0x3 
 .rodata.str1.4
                0x10007c68       0x2a driver/irline/CMakeFiles/irline.dir/C_/Program_Files/Raspberry_Pi/Pico_SDK_v1.5.1/pico-sdk/src/rp2_common/pico_stdio_usb/stdio_usb_descriptors.c.obj
 *fill*         0x10007c92        0x2 
 .rodata.usbd_desc_cfg
                0x10007c94       0x54 driver/irline/CMakeFiles/irline.dir/C_/Program_Files/Raspberry_Pi/Pico_SDK_v1.5.1/pico-sdk/src/rp2_common/pico_stdio_usb/stdio_usb_descriptors.c.obj
 .rodata.usbd_desc_device
                0x10007ce8       0x12 driver/irline/CMakeFiles/irline.dir/C_/Program_Files/Raspberry_Pi/Pico_SDK_v1.5.1/pico-sdk/src/rp2_common/pico_stdio_usb/stdio_usb_descriptors.c.obj
 *fill*         0x10007cfa        0x2 
 .rodata.usbd_desc_str
                0x10007cfc       0x18 driver/irline/CMakeFiles/irline.dir/C_/Program_Files/Raspberry_Pi/Pico_SDK_v1.5.1/pico-sdk/src/rp2_common/pico_stdio_usb/stdio_usb_descriptors.c.obj
 .rodata.pico_get_unique_board_id_string.str1.4
                0x10007d14       0x69 driver/irline/CMakeFiles/irline.dir/C_/Program_Files/Raspberry_Pi/Pico_SDK_v1.5.1/pico-sdk/src/rp2_common/pico_unique_id/unique_id.c.obj
 *fill*         0x10007d7d        0x3 
 .rodata.__func__.0
                0x10007d80       0x20 driver/irline/CMakeFiles/irline.dir/C_/Program_Files/Raspberry_Pi/Pico_SDK_v1.5.1/pico-sdk/src/rp2_common/pico_unique_id/unique_id.c.obj
 .rodata.str1.4
                0x10007da0      0x176 driver/irline/CMakeFiles/irline.dir/C_/Program_Files/Raspberry_Pi/Pico_SDK_v1.5.1/pico-sdk/src/rp2_common/hardware_flash/flash.c.obj
 *fill*         0x10007f16        0x2 
 .rodata.__func__.0
                0x10007f18        0xd driver/irline/CMakeFiles/irline.dir/C_/Program_Files/Raspberry_Pi/Pico_SDK_v1.5.1/pico-sdk/src/rp2_common/hardware_flash/flash.c.obj
 *fill*         0x10007f25        0x3 
 .rodata._hw_endpoint_alloc.str1.4
                0x10007f28       0xd1 driver/irline/CMakeFiles/irline.dir/C_/Program_Files/Raspberry_Pi/Pico_SDK_v1.5.1/pico-sdk/lib/tinyusb/src/portable/raspberrypi/rp2040/dcd_rp2040.c.obj
 *fill*         0x10007ff9        0x3 
 .rodata.str1.4
                0x10007ffc       0x14 driver/irline/CMakeFiles/irline.dir/C_/Program_Files/Raspberry_Pi/Pico_SDK_v1.5.1/pico-sdk/lib/tinyusb/src/portable/raspberrypi/rp2040/dcd_rp2040.c.obj
 .rodata.dcd_int_enable.str1.4
                0x10008010        0xc driver/irline/CMakeFiles/irline.dir/C_/Program_Files/Raspberry_Pi/Pico_SDK_v1.5.1/pico-sdk/lib/tinyusb/src/portable/raspberrypi/rp2040/dcd_rp2040.c.obj
 .rodata.__func__.0
                0x1000801c        0xe driver/irline/CMakeFiles/irline.dir/C_/Program_Files/Raspberry_Pi/Pico_SDK_v1.5.1/pico-sdk/lib/tinyusb/src/portable/raspberrypi/rp2040/dcd_rp2040.c.obj
 *fill*         0x1000802a        0x2 
 .rodata.__func__.1
                0x1000802c        0xe driver/irline/CMakeFiles/irline.dir/C_/Program_Files/Raspberry_Pi/Pico_SDK_v1.5.1/pico-sdk/lib/tinyusb/src/portable/raspberrypi/rp2040/dcd_rp2040.c.obj
 *fill*         0x1000803a        0x2 
 .rodata.__func__.3
                0x1000803c       0x10 driver/irline/CMakeFiles/irline.dir/C_/Program_Files/Raspberry_Pi/Pico_SDK_v1.5.1/pico-sdk/lib/tinyusb/src/portable/raspberrypi/rp2040/dcd_rp2040.c.obj
 .rodata.__func__.5
                0x1000804c        0xf driver/irline/CMakeFiles/irline.dir/C_/Program_Files/Raspberry_Pi/Pico_SDK_v1.5.1/pico-sdk/lib/tinyusb/src/portable/raspberrypi/rp2040/dcd_rp2040.c.obj
 *fill*         0x1000805b        0x1 
 .rodata.__func__.6
                0x1000805c       0x13 driver/irline/CMakeFiles/irline.dir/C_/Program_Files/Raspberry_Pi/Pico_SDK_v1.5.1/pico-sdk/lib/tinyusb/src/portable/raspberrypi/rp2040/dcd_rp2040.c.obj
 *fill*         0x1000806f        0x1 
 .rodata.__func__.7
                0x10008070        0x9 driver/irline/CMakeFiles/irline.dir/C_/Program_Files/Raspberry_Pi/Pico_SDK_v1.5.1/pico-sdk/lib/tinyusb/src/portable/raspberrypi/rp2040/dcd_rp2040.c.obj
 *fill*         0x10008079        0x3 
 .rodata.str1.4
                0x1000807c      0x103 driver/irline/CMakeFiles/irline.dir/C_/Program_Files/Raspberry_Pi/Pico_SDK_v1.5.1/pico-sdk/lib/tinyusb/src/portable/raspberrypi/rp2040/rp2040_usb.c.obj
 *fill*         0x1000817f        0x1 
 .rodata.__func__.0
                0x10008180        0xf driver/irline/CMakeFiles/irline.dir/C_/Program_Files/Raspberry_Pi/Pico_SDK_v1.5.1/pico-sdk/lib/tinyusb/src/portable/raspberrypi/rp2040/rp2040_usb.c.obj
 *fill*         0x1000818f        0x1 
 .rodata.process_get_descriptor
                0x10008190       0x40 driver/irline/CMakeFiles/irline.dir/C_/Program_Files/Raspberry_Pi/Pico_SDK_v1.5.1/pico-sdk/lib/tinyusb/src/device/usbd.c.obj
 .rodata.process_control_request
                0x100081d0       0x28 driver/irline/CMakeFiles/irline.dir/C_/Program_Files/Raspberry_Pi/Pico_SDK_v1.5.1/pico-sdk/lib/tinyusb/src/device/usbd.c.obj
 .rodata.tud_task_ext
                0x100081f8       0x24 driver/irline/CMakeFiles/irline.dir/C_/Program_Files/Raspberry_Pi/Pico_SDK_v1.5.1/pico-sdk/lib/tinyusb/src/device/usbd.c.obj
 .rodata._usbd_driver
                0x1000821c       0x18 driver/irline/CMakeFiles/irline.dir/C_/Program_Files/Raspberry_Pi/Pico_SDK_v1.5.1/pico-sdk/lib/tinyusb/src/device/usbd.c.obj
                0x10008234                . = ALIGN (0x4)
 *(SORT_BY_ALIGNMENT(SORT_BY_NAME(.flashdata*)))
                0x10008234                . = ALIGN (0x4)

.ARM.extab
 *(.ARM.extab* .gnu.linkonce.armextab.*)
                0x10008234                __exidx_start = .

.ARM.exidx
 *(.ARM.exidx* .gnu.linkonce.armexidx.*)
                0x10008234                __exidx_end = .
                0x10008234                . = ALIGN (0x4)
                0x10008234                __binary_info_start = .

.binary_info    0x10008234       0x20
 *(.binary_info.keep.*)
 .binary_info.keep.__bi_ptr22
                0x10008234        0x4 driver/irline/CMakeFiles/irline.dir/C_/Program_Files/Raspberry_Pi/Pico_SDK_v1.5.1/pico-sdk/src/rp2_common/pico_standard_link/binary_info.c.obj
 .binary_info.keep.__bi_ptr30
                0x10008238        0x4 driver/irline/CMakeFiles/irline.dir/C_/Program_Files/Raspberry_Pi/Pico_SDK_v1.5.1/pico-sdk/src/rp2_common/pico_standard_link/binary_info.c.obj
 .binary_info.keep.__bi_ptr38
                0x1000823c        0x4 driver/irline/CMakeFiles/irline.dir/C_/Program_Files/Raspberry_Pi/Pico_SDK_v1.5.1/pico-sdk/src/rp2_common/pico_standard_link/binary_info.c.obj
 .binary_info.keep.__bi_ptr44
                0x10008240        0x4 driver/irline/CMakeFiles/irline.dir/C_/Program_Files/Raspberry_Pi/Pico_SDK_v1.5.1/pico-sdk/src/rp2_common/pico_standard_link/binary_info.c.obj
 .binary_info.keep.__bi_ptr50
                0x10008244        0x4 driver/irline/CMakeFiles/irline.dir/C_/Program_Files/Raspberry_Pi/Pico_SDK_v1.5.1/pico-sdk/src/rp2_common/pico_standard_link/binary_info.c.obj
 .binary_info.keep.__bi_ptr75
                0x10008248        0x4 driver/irline/CMakeFiles/irline.dir/C_/Program_Files/Raspberry_Pi/Pico_SDK_v1.5.1/pico-sdk/src/rp2_common/pico_standard_link/binary_info.c.obj
 .binary_info.keep.__bi_ptr81
                0x1000824c        0x4 driver/irline/CMakeFiles/irline.dir/C_/Program_Files/Raspberry_Pi/Pico_SDK_v1.5.1/pico-sdk/src/rp2_common/pico_standard_link/binary_info.c.obj
 *(.binary_info.*)
 .binary_info.__bi_ptr182
                0x10008250        0x4 driver/irline/CMakeFiles/irline.dir/C_/Program_Files/Raspberry_Pi/Pico_SDK_v1.5.1/pico-sdk/src/rp2_common/pico_stdio_usb/stdio_usb.c.obj
                0x10008254                __binary_info_end = .

.rel.dyn        0x10008254        0x0
 .rel.iplt      0x10008254        0x0 c:/progra~1/raspbe~1/picosd~1.1/gcc-ar~1/bin/../lib/gcc/arm-none-eabi/10.3.1/thumb/v6-m/nofp/crtbegin.o
                0x10008254                . = ALIGN (0x4)

.ram_vector_table
                0x20000000       0xc0
 *(.ram_vector_table)
 .ram_vector_table
                0x20000000       0xc0 driver/irline/CMakeFiles/irline.dir/C_/Program_Files/Raspberry_Pi/Pico_SDK_v1.5.1/pico-sdk/src/rp2_common/pico_runtime/runtime.c.obj
                0x20000000                ram_vector_table

.data           0x200000c0      0xbf0 load address 0x10008254
                0x200000c0                __data_start__ = .
 *(vtable)
 *(.time_critical*)
 .time_critical.mutex_try_enter
                0x200000c0       0x46 driver/irline/CMakeFiles/irline.dir/C_/Program_Files/Raspberry_Pi/Pico_SDK_v1.5.1/pico-sdk/src/common/pico_sync/mutex.c.obj
                0x200000c0                mutex_try_enter
 *fill*         0x20000106        0x2 
 .time_critical.mutex_enter_block_until
                0x20000108       0x8c driver/irline/CMakeFiles/irline.dir/C_/Program_Files/Raspberry_Pi/Pico_SDK_v1.5.1/pico-sdk/src/common/pico_sync/mutex.c.obj
                0x20000108                mutex_enter_block_until
 .time_critical.mutex_try_enter_block_until
                0x20000194       0x34 driver/irline/CMakeFiles/irline.dir/C_/Program_Files/Raspberry_Pi/Pico_SDK_v1.5.1/pico-sdk/src/common/pico_sync/mutex.c.obj
                0x20000194                mutex_try_enter_block_until
 .time_critical.mutex_enter_timeout_ms
                0x200001c8       0x68 driver/irline/CMakeFiles/irline.dir/C_/Program_Files/Raspberry_Pi/Pico_SDK_v1.5.1/pico-sdk/src/common/pico_sync/mutex.c.obj
                0x200001c8                mutex_enter_timeout_ms
 .time_critical.mutex_exit
                0x20000230       0x4c driver/irline/CMakeFiles/irline.dir/C_/Program_Files/Raspberry_Pi/Pico_SDK_v1.5.1/pico-sdk/src/common/pico_sync/mutex.c.obj
                0x20000230                mutex_exit
 .time_critical.flash_init_boot2_copyout
                0x2000027c       0x30 driver/irline/CMakeFiles/irline.dir/C_/Program_Files/Raspberry_Pi/Pico_SDK_v1.5.1/pico-sdk/src/rp2_common/hardware_flash/flash.c.obj
 .time_critical.flash_enable_xip_via_boot2
                0x200002ac       0x10 driver/irline/CMakeFiles/irline.dir/C_/Program_Files/Raspberry_Pi/Pico_SDK_v1.5.1/pico-sdk/src/rp2_common/hardware_flash/flash.c.obj
 .time_critical.flash_cs_force
                0x200002bc       0x28 driver/irline/CMakeFiles/irline.dir/C_/Program_Files/Raspberry_Pi/Pico_SDK_v1.5.1/pico-sdk/src/rp2_common/hardware_flash/flash.c.obj
 .time_critical.flash_do_cmd
                0x200002e4       0xd8 driver/irline/CMakeFiles/irline.dir/C_/Program_Files/Raspberry_Pi/Pico_SDK_v1.5.1/pico-sdk/src/rp2_common/hardware_flash/flash.c.obj
                0x200002e4                flash_do_cmd
 .time_critical.reset_non_control_endpoints
                0x200003bc       0x40 driver/irline/CMakeFiles/irline.dir/C_/Program_Files/Raspberry_Pi/Pico_SDK_v1.5.1/pico-sdk/lib/tinyusb/src/portable/raspberrypi/rp2040/dcd_rp2040.c.obj
 .time_critical.hw_handle_buff_status
                0x200003fc       0xa4 driver/irline/CMakeFiles/irline.dir/C_/Program_Files/Raspberry_Pi/Pico_SDK_v1.5.1/pico-sdk/lib/tinyusb/src/portable/raspberrypi/rp2040/dcd_rp2040.c.obj
 .time_critical.dcd_rp2040_irq
                0x200004a0      0x1cc driver/irline/CMakeFiles/irline.dir/C_/Program_Files/Raspberry_Pi/Pico_SDK_v1.5.1/pico-sdk/lib/tinyusb/src/portable/raspberrypi/rp2040/dcd_rp2040.c.obj
 .time_critical.e15_is_bulkin_ep